******************************************************************************
                  TI ARM Linker PC v16.9.7                     
******************************************************************************
>> Linked Tue May 01 16:23:30 2018

OUTPUT FILE NAME:   <network_terminal_CC3220S_LAUNCHXL_tirtos_ccs.out>
ENTRY POINT SYMBOL: "_c_int00"  address: 2001d121


MEMORY CONFIGURATION

         name            origin    length      used     unused   attr    fill
----------------------  --------  ---------  --------  --------  ----  --------
  SRAM0                 20000000   00004000  0000070c  000038f4  RW X
  SRAM                  20004000   0003c000  0002aef5  0001110b  RW X


SEGMENT ALLOCATION MAP

run origin  load origin   length   init length attrs members
----------  ----------- ---------- ----------- ----- -------
20003c00    20003c00    00000400   00000000    rw-
  20003c00    20003c00    00000400   00000000    rw- .stack
20004000    20004000    000235e8   0001b5e2    r-x
  20004000    20004000    0000003c   0000003c    r-- .resetVecs
  20004040    20004040    0001b5a2   0001b5a2    r-x .text
  2001f5e8    2001f5e8    00008000   00000000    r-- .priheap
200275e8    200275e8    000030d3   000030d3    r--
  200275e8    200275e8    000030d3   000030d3    r-- .const
2002a800    2002a800    00003cdd   00000000    rw-
  2002a800    2002a800    000028bb   00000000    rw- .bss
  2002d0bc    2002d0bc    00001421   00000000    rw- .data
2002e4e0    2002e4e0    00000b68   00000b68    r--
  2002e4e0    2002e4e0    00000b68   00000b68    r-- .cinit


SECTION ALLOCATION MAP

 output                                  attributes/
section   page    origin      length       input sections
--------  ----  ----------  ----------   ----------------
.vecs      0    20000000    0000030c     NOLOAD SECTION
                  20000000    0000030c     release_pem4.oem4 (.vecs)

.stack     0    20003c00    00000400     UNINITIALIZED
                  20003c00    00000400     --HOLE--

.resetVecs 
*          0    20004000    0000003c     
                  20004000    0000003c     release_pem4.oem4 (.resetVecs)

.text      0    20004040    0001b5a2     
                  20004040    00001274     transceiver_cmd.obj (.text:TxTask)
                  200052b4    00001122     rtsv7M4_T_le_eabi.lib : _printfi.obj (.text)
                  200063d6    00000002     drivers_cc32xx.aem4 : UARTCC32XX.oem4 (.text:UARTCC32XX_init)
                  200063d8    00000ca0     cmd_parser.obj (.text:ParseCreateFilterCmd)
                  20007078    00000880     simplelink.a : driver.obj (.text:_SlDrvMsgRead)
                  200078f8    00000668     network_terminal.obj (.text:SimpleLinkWlanEventHandler)
                  20007f60    000005e4     socket_cmd.obj (.text:drawRxHist)
                  20008544    00000598     cmd_parser.obj (.text:ParseStartApCmd)
                  20008adc    00000578     cmd_parser.obj (.text:ParseRecvCmd)
                  20009054    00000508     socket_cmd.obj (.text:TCPServer)
                  2000955c    000004fc     transceiver_cmd.obj (.text:RxTask)
                  20009a58    000004f0     cmd_parser.obj (.text:ParseSendCmd)
                  20009f48    00000484     network_terminal.obj (.text:ConfigureSimpleLinkToDefaultState)
                  2000a3cc    0000046c     netapp_cmd.obj (.text:mDNSQueryCallback)
                  2000a838    00000464     socket_cmd.obj (.text:UDPServer)
                  2000ac9c    0000042c     driverlib.a : prcm.obj (.text:PRCMCC3200MCUInit)
                  2000b0c8    0000042c     cmd_parser.obj (.text:ParseConnectCmd)
                  2000b4f4    00000422     socket_cmd.obj (.text:TCPClient)
                  2000b916    00000002     release_pem4.oem4 (.text:ti_sysbios_BIOS_nullFunc__I)
                  2000b918    0000040c     simplelink.a : sl_socket.obj (.text:_SlSocketHandleAsync_Select)
                  2000bd24    000003f4     cmd_parser.obj (.text:ParsePingCmd)
                  2000c118    000003c4     wlan_cmd.obj (.text:cmdWlanConnectCallback)
                  2000c4dc    00000397     socket_cmd.obj (.text:UDPClient)
                  2000c873    00000001     --HOLE-- [fill = 0]
                  2000c874    00000384     simplelink.a : driver.obj (.text:_SlDrvMsgWrite)
                  2000cbf8    00000370     wlan_cmd.obj (.text:cmdWlanStartApCallback)
                  2000cf68    00000320     wlan_cmd.obj (.text:cmdWlanStopApCallback)
                  2000d288    0000031c     wlan_cmd.obj (.text:setP2Pparams)
                  2000d5a4    00000310     network_terminal.obj (.text:DisplayAppBanner)
                  2000d8b4    000002dc     network_terminal.obj (.text:SimpleLinkNetAppEventHandler)
                  2000db90    000002d8     simplelink.a : driver.obj (.text:_SlDrvRxHdrRead)
                  2000de68    000002d8     wlan_cmd.obj (.text:cmdEnableWoWLANCallback)
                  2000e140    000002c4     cmd_parser.obj (.text:ParsemDNSAdvertiseCmd)
                  2000e404    000002bc     radio_tool.obj (.text:radioTool_TxStart)
                  2000e6c0    000002b4     netapp_cmd.obj (.text:mDNSAdvertiseCallback)
                  2000e974    000002b4     wlan_cmd.obj (.text:p2pConnect)
                  2000ec28    000002a4     wlan_cmd.obj (.text:printScanResults)
                  2000eecc    0000027c     simplelink.a : wlan.obj (.text:sl_WlanConnect)
                  2000f148    00000278     wlan_cmd.obj (.text:cmdConnectedStationsCallback)
                  2000f3c0    00000270     drivers_cc32xx.aem4 : UARTCC32XX.oem4 (.text:UARTCC32XX_open)
                  2000f630    00000250     cmd_parser.obj (.text:ParseEnableWoWLANCmd)
                  2000f880    0000024c     netapp_cmd.obj (.text:cmdPingCallback)
                  2000facc    00000230     wlan_cmd.obj (.text:cmdP2PModecallback)
                  2000fcfc    00000228     network_terminal.obj (.text:ipv6AddressParse)
                  2000ff24    00000220     cmd_parser.obj (.text:ParseSetPolicyCmd)
                  20010144    00000210     wlan_cmd.obj (.text:cmdSetPolicyCallback)
                  20010354    00000208     simplelink.a : driver.obj (.text:_SlDrvDriverCBInit)
                  2001055c    00000200     network_terminal.obj (.text:initAppVariables)
                  2001075c    000001fc     simplelink.a : driver.obj (.text:_SlDrvDataReadOp)
                  20010958    000001f4     rtsv7M4_T_le_eabi.lib : ull_div_t2.obj (.text)
                  20010b4c    000001f2     simplelink.a : netapp.obj (.text:_SlNetAppEventHandler)
                  20010d3e    00000002     release_pem4.oem4 (.text:xdc_runtime_Startup_reset__I)
                  20010d40    000001e8     wlan_cmd.obj (.text:setStaticIPConfig)
                  20010f28    000001e7     network_terminal.obj (.text:SimpleLinkFatalErrorEventHandler)
                  2001110f    00000001     --HOLE-- [fill = 0]
                  20011110    000001dc     simplelink.a : netapp.obj (.text:sl_NetAppPing)
                  200112ec    000001d8                  : driver.obj (.text:_SlDrvReleasePoolObj)
                  200114c4    000001d0     drivers_cc32xx.aem4 : SPICC32XXDMA.oem4 (.text:SPICC32XXDMA_transfer)
                  20011694    000001cc                         : GPIOCC32XX.oem4 (.text:GPIO_setConfig)
                  20011860    000001bc     simplelink.a : driver.obj (.text:_SlDrvMsgReadCmdCtx)
                  20011a1c    000001bc                  : sl_socket.obj (.text:sl_Accept)
                  20011bd8    000001b8     dpl_cc32xx.aem4 : PowerCC32XX_tirtos.oem4 (.text:PowerCC32XX_sleepPolicy)
                  20011d90    000001b8     transceiver_cmd.obj (.text:showTxMenu)
                  20011f48    000001b6     rtsv7M4_T_le_eabi.lib : fd_add_t2.obj (.text)
                  200120fe    00000002     --HOLE-- [fill = 0]
                  20012100    000001a5     socket_cmd.obj (.text:cmdRecvCallback)
                  200122a5    00000003     --HOLE-- [fill = 0]
                  200122a8    000001a0     network_terminal.obj (.text:mainThread)
                  20012448    0000019c     cmd_parser.obj (.text:ParsemDNSQueryCmd)
                  200125e4    0000019c     simplelink.a : driver.obj (.text:_SlDrvWaitForPoolObj)
                  20012780    0000018c                  : sl_socket.obj (.text:sl_Connect)
                  2001290c    00000188     wlan_cmd.obj (.text:cmdP2PStopcallback)
                  20012a94    00000180     simplelink.a : driver.obj (.text:_SlDrvDataWriteOp)
                  20012c14    00000180     drivers_cc32xx.aem4 : SPICC32XXDMA.oem4 (.text:configDMA)
                  20012d94    0000017c     simplelink.a : spawn.obj (.text:_SlInternalSpawnTaskEntry)
                  20012f10    00000174                  : driver.obj (.text:_SlDrvFindAndSetActiveObj)
                  20013084    0000016c                  : device.obj (.text:sl_Stop)
                  200131f0    00000158     drivers_cc32xx.aem4 : SPICC32XXDMA.oem4 (.text:SPICC32XXDMA_open)
                  20013348    00000158     wlan_cmd.obj (.text:printFrameSubTyps)
                  200134a0    00000154     simplelink.a : sl_socket.obj (.text:sl_RecvFrom)
                  200135f4    00000004     dpl_cc32xx.aem4 : ClockP_tirtos.oem4 (.text:ClockP_getCpuFreq)
                  200135f8    00000154     sysbios.aem4 : BIOS.obj (.text:ti_sysbios_knl_Task_Instance_finalize__E)
                  2001374c    00000150     simplelink.a : driver.obj (.text:_SlDrvDriverCBDeinit)
                  2001389c    00000150     drivers_cc32xx.aem4 : PowerCC32XX.oem4 (.text:parkPins)
                  200139ec    00000138     simplelink.a : driver.obj (.text:_SlDrvAsyncEventGenericHandler)
                  20013b24    00000138     transceiver_cmd.obj (.text:showMenu)
                  20013c5c    00000136     rtsv7M4_T_le_eabi.lib : fd_div_t2.obj (.text)
                  20013d92    00000002     --HOLE-- [fill = 0]
                  20013d94    00000134                           : strtol.obj (.text)
                  20013ec8    00000134     transceiver_cmd.obj (.text:showPHYConfMenu)
                  20013ffc    00000134     simplelink.a : netapp.obj (.text:sl_NetAppDnsGetHostByName)
                  20014130    00000130                  : sl_socket.obj (.text:_SlDrvGetNextTimeoutValue)
                  20014260    00000130     sysbios.aem4 : BIOS.obj (.text:ti_sysbios_knl_Semaphore_pend__E)
                  20014390    00000128     simplelink.a : driver.obj (.text:_SlDrvClassifyRxMsg)
                  200144b8    00000124                  : device.obj (.text:sl_Start)
                  200145dc    00000120     drivers_cc32xx.aem4 : UARTCC32XX.oem4 (.text:UARTCC32XX_close)
                  200146fc    0000011c     transceiver_cmd.obj (.text:showModCodeMenu)
                  20014818    0000011c     sysbios.aem4 : BIOS.obj (.text:xdc_runtime_Startup_startMods__I)
                  20014934    00000118     drivers_cc32xx.aem4 : PowerCC32XX.oem4 (.text:Power_sleep)
                  20014a4c    00000117     wlan_cmd.obj (.text:cmdCreateFilterCallback)
                  20014b63    00000001     --HOLE-- [fill = 0]
                  20014b64    00000114     simplelink.a : netapp.obj (.text:_SlNetAppHandleAsync_DnsGetHostByService)
                  20014c78    00000114     wlan_cmd.obj (.text:printCreateFilterUsage)
                  20014d8c    00000114     rtsv7M4_T_le_eabi.lib : strtoul.obj (.text)
                  20014ea0    00000110     cmd_parser.obj (.text:ParseScanCmd)
                  20014fb0    00000110     simplelink.a : netapp.obj (.text:sl_NetAppDnsGetHostByService)
                  200150c0    00000110     sysbios.aem4 : BIOS.obj (.text:ti_sysbios_knl_Task_postInit__I)
                  200151d0    0000010c     simplelink.a : driver.obj (.text:_SlDrvMsgReadSpawnCtx)
                  200152dc    0000010c                  : sl_socket.obj (.text:sl_Close)
                  200153e8    00000104                  : device.obj (.text:_SlDeviceEventHandler)
                  200154ec    00000104                  : driver.obj (.text:_SlDrvCmdOp)
                  200155f0    00000104                  : driver.obj (.text:_SlDrvObjGlobalLockWaitForever)
                  200156f4    00000100     network_terminal.obj (.text:cmdHelpCallback)
                  200157f4    000000fc     wlan_cmd.obj (.text:cmdScanCallback)
                  200158f0    000000fc     network_terminal.obj (.text:cmd_prompt)
                  200159ec    000000fc     rtsv7M4_T_le_eabi.lib : fd_mul_t2.obj (.text)
                  20015ae8    000000f4     netapp_cmd.obj (.text:SimpleLinkPingReport)
                  20015bdc    000000f4     socket_cmd.obj (.text:cmdSendCallback)
                  20015cd0    000000f4     simplelink.a : sl_socket.obj (.text:sl_SendTo)
                  20015dc4    000000f2     drivers_cc32xx.aem4 : SPICC32XXDMA.oem4 (.text:SPICC32XXDMA_transferCancel)
                  20015eb6    000000ee                         : UARTCC32XX.oem4 (.text:UARTCC32XX_control)
                  20015fa4    00000004     dpl_cc32xx.aem4 : ClockP_tirtos.oem4 (.text:ClockP_setTimeout)
                  20015fa8    000000ec     sysbios.aem4 : BIOS.obj (.text:clock_gettime)
                  20016094    00000004     dpl_cc32xx.aem4 : ClockP_tirtos.oem4 (.text:ClockP_start)
                  20016098    000000ec     sysbios.aem4 : BIOS.obj (.text:pthread_create)
                  20016184    00000004     dpl_cc32xx.aem4 : ClockP_tirtos.oem4 (.text:ClockP_stop)
                  20016188    000000ec     sysbios.aem4 : BIOS.obj (.text:ti_sysbios_knl_Task_Instance_init__E)
                  20016274    000000de     network_terminal.obj (.text:hexbyteStrtoASCII)
                  20016352    00000002     --HOLE-- [fill = 0]
                  20016354    000000d8     uart_term.obj (.text:GetCmd)
                  2001642c    000000d8     simplelink.a : netapp.obj (.text:_SlNetAppHandleAsync_NetAppReceive)
                  20016504    000000d4     socket_cmd.obj (.text:printRecvUsage)
                  200165d8    000000d0     drivers_cc32xx.aem4 : SPICC32XXDMA.oem4 (.text:SPICC32XXDMA_close)
                  200166a8    000000d0     simplelink.a : netapp.obj (.text:_SlNetAppMDNSRegisterUnregisterService)
                  20016778    000000d0     transceiver_cmd.obj (.text:cmdTranceiverModecallback)
                  20016848    000000d0     rtsv7M4_T_le_eabi.lib : s_scalbn.obj (.text)
                  20016918    000000d0     simplelink.a : netapp.obj (.text:sl_NetAppGetServiceList)
                  200169e8    000000d0     sysbios.aem4 : BIOS.obj (.text:ti_sysbios_heaps_HeapMem_alloc__E)
                  20016ab8    000000ce     cmd_parser.obj (.text:mDNScreateServiceName)
                  20016b86    00000002     --HOLE-- [fill = 0]
                  20016b88    000000cc     wlan_cmd.obj (.text:cmdDeleteFilterCallback)
                  20016c54    000000cc     wlan_cmd.obj (.text:cmdDisableFilterCallback)
                  20016d20    000000cc     wlan_cmd.obj (.text:cmdEnableFilterCallback)
                  20016dec    000000cc     sysbios.aem4 : m3_Hwi_asm.obj (.text:ti_sysbios_family_arm_m3_Hwi_dispatch__I)
                  20016eb8    000000c8     drivers_cc32xx.aem4 : SPICC32XXDMA.oem4 (.text:spiHwiFxn)
                  20016f80    000000c4                         : GPIOCC32XX.oem4 (.text:GPIO_init)
                  20017044    000000c4     cmd_parser.obj (.text:ParseCmd)
                  20017108    000000c4     simplelink.a : driver.obj (.text:_SlDrvRemoveFromList)
                  200171cc    00000004     dpl_cc32xx.aem4 : HwiP_tirtos.oem4 (.text:HwiP_clearInterrupt)
                  200171d0    000000c4     sysbios.aem4 : BIOS.obj (.text:ti_sysbios_knl_Task_sleep__E)
                  20017294    000000c0     simplelink.a : cc_pal.obj (.text:NwpPowerOff)
                  20017354    000000c0     drivers_cc32xx.aem4 : UARTCC32XX.oem4 (.text:UARTCC32XX_write)
                  20017414    000000c0     simplelink.a : spawn.obj (.text:_SlInternalSpawn)
                  200174d4    000000c0     network_terminal.obj (.text:macAddressParse)
                  20017594    000000c0     simplelink.a : netcfg.obj (.text:sl_NetCfgGet)
                  20017654    000000bc     wlan_cmd.obj (.text:CheckSubFrameType)
                  20017710    000000bc     simplelink.a : netapp.obj (.text:_SlNetAppSendResponse)
                  200177cc    000000bc     socket_cmd.obj (.text:printSendUsage)
                  20017888    000000bc     simplelink.a : sl_socket.obj (.text:sl_Send)
                  20017944    000000bc                  : wlan.obj (.text:sl_WlanProvisioning)
                  20017a00    000000bc     sysbios.aem4 : BIOS.obj (.text:xdc_runtime_Core_createObject__I)
                  20017abc    000000b8     drivers_cc32xx.aem4 : UARTCC32XX.oem4 (.text:initHw)
                  20017b74    000000b8                         : UARTCC32XX.oem4 (.text:readIsrTextBlocking)
                  20017c2c    000000b8     network_terminal.obj (.text:showAvailableCmd)
                  20017ce4    000000b8     simplelink.a : device.obj (.text:sl_DeviceGet)
                  20017d9c    000000b8                  : wlan.obj (.text:sl_WlanGet)
                  20017e54    00000004     dpl_cc32xx.aem4 : HwiP_tirtos.oem4 (.text:HwiP_disable)
                  20017e58    000000b8     sysbios.aem4 : BIOS.obj (.text:ti_sysbios_knl_Task_exit__E)
                  20017f10    000000b4     network_terminal.obj (.text:PrintIPAddress)
                  20017fc4    000000b4     drivers_cc32xx.aem4 : UARTCC32XX.oem4 (.text:UARTCC32XX_readPolling)
                  20018078    000000b4                         : PowerCC32XX.oem4 (.text:restoreParkedPins)
                  2001812c    000000b0     simplelink.a : device.obj (.text:_SlDeviceHandleAsync_InitComplete)
                  200181dc    000000b0                  : driver.obj (.text:_SlDrvHandleFatalError)
                  2001828c    000000b0     wlan_cmd.obj (.text:printWlanConnectUsage)
                  2001833c    000000b0     wlan_cmd.obj (.text:printWlanStartApUsage)
                  200183ec    000000ae     drivers_cc32xx.aem4 : UARTCC32XX.oem4 (.text:readIsrTextCallback)
                  2001849a    00000002     --HOLE-- [fill = 0]
                  2001849c    000000ac     wlan_cmd.obj (.text:sendConnectionReq)
                  20018548    000000aa     uart_term.obj (.text:Report)
                  200185f2    000000aa     drivers_cc32xx.aem4 : UARTCC32XX.oem4 (.text:readTaskBlocking)
                  2001869c    000000a8                         : PowerCC32XX.oem4 (.text:PowerCC32XX_configureWakeup)
                  20018744    000000a8     netapp_cmd.obj (.text:printmDNSAdvertiseUsage)
                  200187ec    000000a8     radio_tool.obj (.text:radioTool_Open)
                  20018894    000000a4     simplelink.a : sl_socket.obj (.text:sl_Bind)
                  20018938    000000a4                  : netapp.obj (.text:sl_NetAppGet)
                  200189dc    00000004     dpl_cc32xx.aem4 : HwiP_tirtos.oem4 (.text:HwiP_disableInterrupt)
                  200189e0    000000a4     sysbios.aem4 : BIOS.obj (.text:ti_sysbios_knl_Task_setPri__E)
                  20018a84    000000a2     drivers_cc32xx.aem4 : UARTCC32XX.oem4 (.text:writeData)
                  20018b26    00000002     --HOLE-- [fill = 0]
                  20018b28    000000a1     wlan_cmd.obj (.text:cmdWlanDisconnectCallback)
                  20018bc9    00000003     --HOLE-- [fill = 0]
                  20018bcc    000000a0     simplelink.a : sl_socket.obj (.text:_SlSocketHandleAsync_StartTLS)
                  20018c6c    000000a0     auto_init.aem4 : auto_init.oem4 (.text)
                  20018d0c    0000009e     simplelink.a : cc_pal.obj (.text:spi_Read)
                  20018daa    0000009e                  : cc_pal.obj (.text:spi_Write)
                  20018e48    0000009c     sysbios.aem4 : BIOS.obj (.text:_pthread_removeThreadKeys)
                  20018ee4    0000009c     drivers_cc32xx.aem4 : SPICC32XXDMA.oem4 (.text:initHw)
                  20018f80    0000009c     rtsv7M4_T_le_eabi.lib : memcpy_t2.obj (.text)
                  2001901c    00000098     simplelink.a : netutil.obj (.text:_SlNetUtilHandleAsync_Cmd)
                  200190b4    00000098     drivers_cc32xx.aem4 : GPIOCC32XX.oem4 (.text:powerNotifyFxn)
                  2001914c    00000098     netapp_cmd.obj (.text:printPingUsage)
                  200191e4    00000098     wlan_cmd.obj (.text:printSetPolicyUsage)
                  2001927c    00000004     dpl_cc32xx.aem4 : HwiP_tirtos.oem4 (.text:HwiP_enableInterrupt)
                  20019280    00000098     sysbios.aem4 : BIOS.obj (.text:ti_sysbios_family_arm_m3_Hwi_Instance_init__E)
                  20019318    00000096     network_terminal.obj (.text:ipv4AddressParse)
                  200193ae    00000002     --HOLE-- [fill = 0]
                  200193b0    00000094     simplelink.a : wlan.obj (.text:sl_WlanGetNetworkList)
                  20019444    00000092     rtsv7M4_T_le_eabi.lib : fs_div_t2.obj (.text)
                  200194d6    00000002     --HOLE-- [fill = 0]
                  200194d8    00000090     simplelink.a : netapp.obj (.text:_SlNetAppHandleAsync_DnsGetHostByName)
                  20019568    00000090                  : netapp.obj (.text:_SlNetAppHandleAsync_PingResponse)
                  200195f8    00000090     netapp_cmd.obj (.text:printmDNSQueryUsage)
                  20019688    00000090     radio_tool.obj (.text:radioTool_RxStart)
                  20019718    00000090     drivers_cc32xx.aem4 : PowerCC32XX.oem4 (.text:restoreNVICRegs)
                  200197a8    00000090     simplelink.a : wlan.obj (.text:sl_WlanRxFilterAdd)
                  20019838    00000090     sysbios.aem4 : BIOS.obj (.text:ti_sysbios_knl_Task_Module_startup__E)
                  200198c8    00000090                  : BIOS.obj (.text:ti_sysbios_knl_Task_schedule__I)
                  20019958    00000090                  : BIOS.obj (.text:ti_sysbios_knl_Task_startCore__E)
                  200199e8    0000008c     simplelink.a : driver.obj (.text:_SlDrvDriverIsApiAllowed)
                  20019a74    0000008c     wlan_cmd.obj (.text:printEnableWoWLANUsage)
                  20019b00    0000008c     drivers_cc32xx.aem4 : UARTCC32XX.oem4 (.text:readIsrBinaryBlocking)
                  20019b8c    0000008c     simplelink.a : sl_socket.obj (.text:sl_Recv)
                  20019c18    00000088     sysbios.aem4 : BIOS.obj (.text:pthread_cancel)
                  20019ca0    00000088     rtsv7M4_T_le_eabi.lib : vsnprintf.obj (.text)
                  20019d28    00000088     sysbios.aem4 : BIOS.obj (.text:ti_sysbios_family_arm_m3_Hwi_initNVIC__E)
                  20019db0    00000088                  : BIOS.obj (.text:xdc_runtime_Memory_alloc__E)
                  20019e38    00000086     simplelink.a : driver.obj (.text:_SlDrvIsTimeoutExpired)
                  20019ebe    00000086     rtsv7M4_T_le_eabi.lib : fd_cmp_t2.obj (.text:__aeabi_cdcmple)
                  20019f44    00000086                           : fd_cmp_t2.obj (.text:__aeabi_cdrcmple)
                  20019fca    00000002     --HOLE-- [fill = 0]
                  20019fcc    00000084     simplelink.a : sl_socket.obj (.text:_SlSocketHandleAsync_Close)
                  2001a050    00000084                  : sl_socket.obj (.text:_SlSocketHandleAsync_Connect)
                  2001a0d4    00000004     drivers_cc32xx.aem4 : List.oem4 (.text:List_head)
                  2001a0d8    00000084     sysbios.aem4 : BIOS.obj (.text:_pthread_runStub)
                  2001a15c    00000084     drivers_cc32xx.aem4 : PowerCC32XX.oem4 (.text:saveNVICRegs)
                  2001a1e0    00000084     network_terminal.obj (.text:sem_wait_timeout)
                  2001a264    00000084     simplelink.a : netapp.obj (.text:sl_NetAppSet)
                  2001a2e8    00000084                  : netcfg.obj (.text:sl_NetCfgSet)
                  2001a36c    00000084                  : sl_socket.obj (.text:sl_SetSockOpt)
                  2001a3f0    00000084                  : wlan.obj (.text:sl_WlanSet)
                  2001a474    00000004     drivers_cc32xx.aem4 : List.oem4 (.text:List_next)
                  2001a478    00000084     sysbios.aem4 : BIOS.obj (.text:ti_sysbios_family_arm_m3_Hwi_postInit__I)
                  2001a4fc    00000004     dpl_cc32xx.aem4 : MutexP_tirtos.oem4 (.text:MutexP_lock)
                  2001a500    00000084     sysbios.aem4 : BIOS.obj (.text:ti_sysbios_heaps_HeapMem_free__E)
                  2001a584    00000004     dpl_cc32xx.aem4 : MutexP_tirtos.oem4 (.text:MutexP_unlock)
                  2001a588    00000084     sysbios.aem4 : BIOS.obj (.text:xdc_runtime_Core_constructObject__I)
                  2001a60c    00000080     drivers_cc32xx.aem4 : UARTCC32XX.oem4 (.text:readIsrBinaryCallback)
                  2001a68c    00000080     simplelink.a : device.obj (.text:sl_DeviceSet)
                  2001a70c    0000007e     cmd_parser.obj (.text:FreeConnectCmd)
                  2001a78a    00000002     --HOLE-- [fill = 0]
                  2001a78c    0000007c     drivers_cc32xx.aem4 : UDMACC32XX.oem4 (.text:UDMACC32XX_open)
                  2001a808    0000007c     sysbios.aem4 : BIOS.obj (.text:_pthread_abstime2ticks)
                  2001a884    00000004     drivers_cc32xx.aem4 : SPICC32XXDMA.oem4 (.text:SPICC32XXDMA_init)
                  2001a888    0000007c     sysbios.aem4 : BIOS.obj (.text:pthread_join)
                  2001a904    0000007c     simplelink.a : wlan.obj (.text:sl_WlanPolicySet)
                  2001a980    0000007a     drivers_cc32xx.aem4 : UARTCC32XX.oem4 (.text:readTaskCallback)
                  2001a9fa    0000007a     rtsv7M4_T_le_eabi.lib : fs_mul_t2.obj (.text)
                  2001aa74    0000007a                           : memset_t2.obj (.text)
                  2001aaee    00000002     --HOLE-- [fill = 0]
                  2001aaf0    00000078     drivers_cc32xx.aem4 : GPIOCC32XX.oem4 (.text:GPIO_hwiIntFxn)
                  2001ab68    00000078                         : PowerCC32XX.oem4 (.text:Power_init)
                  2001abe0    00000078     wlan_cmd.obj (.text:printScanUsage)
                  2001ac58    00000078     radio_tool.obj (.text:radioTool_TxStop)
                  2001acd0    00000078     simplelink.a : sl_socket.obj (.text:sl_Socket)
                  2001ad48    00000074     drivers_cc32xx.aem4 : UARTCC32XX.oem4 (.text:UARTCC32XX_hwiIntFxn)
                  2001adbc    00000004     dpl_cc32xx.aem4 : SemaphoreP_tirtos.oem4 (.text:SemaphoreP_post)
                  2001adc0    00000074     sysbios.aem4 : BIOS.obj (.text:xdc_runtime_Core_deleteObject__I)
                  2001ae34    00000070     transceiver_cmd.obj (.text:showCCAThreshHoldMenu)
                  2001aea4    00000070     transceiver_cmd.obj (.text:showRxMenu)
                  2001af14    00000004     release_pem4.oem4 (.text:ti_sysbios_BIOS_RtsGateProxy_enter__E)
                  2001af18    00000070     sysbios.aem4 : BIOS.obj (.text:ti_sysbios_heaps_HeapMem_initPrimary__I)
                  2001af88    00000070                  : BIOS.obj (.text:ti_sysbios_knl_Clock_workFunc__E)
                  2001aff8    0000006c     simplelink.a : device.obj (.text:_SlDeviceHandleResetRequestInternally)
                  2001b064    0000006c                  : driver.obj (.text:_SlDrvCmdSend_noLock)
                  2001b0d0    0000006c                  : netapp.obj (.text:_SlNetAppSendTokenValue)
                  2001b13c    00000004     release_pem4.oem4 (.text:ti_sysbios_BIOS_RtsGateProxy_leave__E)
                  2001b140    0000006c     sysbios.aem4 : BIOS.obj (.text:pthread_exit)
                  2001b1ac    00000004     release_pem4.oem4 (.text:ti_sysbios_family_arm_m3_Hwi_delete)
                  2001b1b0    0000006c     sysbios.aem4 : BIOS.obj (.text:ti_sysbios_knl_Swi_restoreHwi__E)
                  2001b21c    00000068     simplelink.a : device.obj (.text:_SlDeviceHandleAsync_Stop)
                  2001b284    00000068                  : sl_socket.obj (.text:_SlSocketHandleAsync_Accept)
                  2001b2ec    00000068     rtsv7M4_T_le_eabi.lib : copy_decompress_lzss.obj (.text:decompress:lzss)
                  2001b354    00000068     main_tirtos.obj (.text:main)
                  2001b3bc    00000068     wlan_cmd.obj (.text:printP2PStartUsage)
                  2001b424    00000068     wlan_cmd.obj (.text:printP2PStopUsage)
                  2001b48c    00000066     drivers_cc32xx.aem4 : UARTCC32XX.oem4 (.text:UARTCC32XX_writeCancel)
                  2001b4f2    00000002     --HOLE-- [fill = 0]
                  2001b4f4    00000064                         : PowerCC32XX.oem4 (.text:PowerCC32XX_setParkState)
                  2001b558    00000064     sysbios.aem4 : BIOS.obj (.text:ti_sysbios_family_arm_m3_Hwi_dispatchC__I)
                  2001b5bc    00000004     release_pem4.oem4 (.text:ti_sysbios_family_arm_m3_TaskSupport_Module__startupDone__S)
                  2001b5c0    00000064     sysbios.aem4 : BIOS.obj (.text:ti_sysbios_knl_Semaphore_post__E)
                  2001b624    00000062     drivers_cc32xx.aem4 : UARTCC32XX.oem4 (.text:UARTCC32XX_writePolling)
                  2001b686    00000002     --HOLE-- [fill = 0]
                  2001b688    00000060     driverlib.a : prcm.obj (.text:PRCMSysResetCauseGet)
                  2001b6e8    0000005c     drivers_cc32xx.aem4 : PowerCC32XX.oem4 (.text:Power_setDependency)
                  2001b744    0000005c     wlan_cmd.obj (.text:printConnectedStationsUsage)
                  2001b7a0    0000005c     wlan_cmd.obj (.text:printWlanDisconnectUsage)
                  2001b7fc    0000005c     wlan_cmd.obj (.text:printWlanStopApUsage)
                  2001b858    0000005c     rtsv7M4_T_le_eabi.lib : s_frexp.obj (.text)
                  2001b8b4    0000005c     transceiver_cmd.obj (.text:showPreambleMenu)
                  2001b910    0000005c     sysbios.aem4 : BIOS.obj (.text:ti_sysbios_family_arm_m3_Timer_start__E)
                  2001b96c    00000004     release_pem4.oem4 (.text:ti_sysbios_gates_GateMutex_delete)
                  2001b970    0000005c     sysbios.aem4 : BIOS.obj (.text:ti_sysbios_knl_Swi_run__I)
                  2001b9cc    00000004     release_pem4.oem4 (.text:ti_sysbios_heaps_HeapMem_Module_GateProxy_enter__E)
                  2001b9d0    0000005c     sysbios.aem4 : BIOS.obj (.text:ti_sysbios_knl_Swi_schedule__I)
                  2001ba2c    00000004     release_pem4.oem4 (.text:ti_sysbios_heaps_HeapMem_Module_GateProxy_leave__E)
                  2001ba30    0000005c     sysbios.aem4 : BIOS.obj (.text:ti_sysbios_knl_Task_unblockI__E)
                  2001ba8c    00000004     release_pem4.oem4 (.text:ti_sysbios_knl_Clock_TimerProxy_getMaxTicks__E)
                  2001ba90    0000005c     sysbios.aem4 : BIOS.obj (.text:xdc_runtime_Startup_exec__E)
                  2001baec    00000058     drivers_cc32xx.aem4 : GPIOCC32XX.oem4 (.text:GPIO_setCallback)
                  2001bb44    00000058                         : GPIOCC32XX.oem4 (.text:GPIO_write)
                  2001bb9c    00000058     driverlib.a : prcm.obj (.text:PRCMPeripheralReset)
                  2001bbf4    00000058     drivers_cc32xx.aem4 : PowerCC32XX.oem4 (.text:Power_releaseDependency)
                  2001bc4c    00000058     simplelink.a : sl_socket.obj (.text:_SlDrvClearCtrlSocket)
                  2001bca4    00000058     wlan_cmd.obj (.text:printDeleteFilterUsage)
                  2001bcfc    00000058     wlan_cmd.obj (.text:printDisableFilterUsage)
                  2001bd54    00000058     wlan_cmd.obj (.text:printEnableFilterUsage)
                  2001bdac    00000058     simplelink.a : sl_socket.obj (.text:sl_Listen)
                  2001be04    00000004     release_pem4.oem4 (.text:ti_sysbios_knl_Clock_TimerProxy_setPeriodMicroSecs__E)
                  2001be08    00000058     sysbios.aem4 : BIOS.obj (.text:ti_sysbios_family_arm_cc32xx_Seconds_getCount__I)
                  2001be60    00000054     uart_term.obj (.text:InitTerm)
                  2001beb4    00000054     transceiver_cmd.obj (.text:printTranceiverModeUsage)
                  2001bf08    00000054     rtsv7M4_T_le_eabi.lib : ltoa.obj (.text)
                  2001bf5c    00000054     simplelink.a : netapp.obj (.text:sl_NetAppMDNSRegisterService)
                  2001bfb0    00000054                  : wlan.obj (.text:sl_WlanRxStatGet)
                  2001c004    00000054     release_pem4.oem4 (.text:ti_sysbios_family_arm_m3_Hwi_create)
                  2001c058    00000054     sysbios.aem4 : BIOS.obj (.text:ti_sysbios_family_arm_m3_Timer_setPeriod__E)
                  2001c0ac    00000004     release_pem4.oem4 (.text:ti_sysbios_knl_Clock_TimerProxy_start__E)
                  2001c0b0    00000054     sysbios.aem4 : BIOS.obj (.text:xdc_runtime_Core_assignLabel__I)
                  2001c104    00000052     drivers_cc32xx.aem4 : PowerCC32XX.oem4 (.text:PowerCC32XX_parkPin)
                  2001c156    00000052                         : PowerCC32XX_asm.oem4 (.text:PowerCC32XX_resumeLPDS)
                  2001c1a8    00000050     simplelink.a : cc_pal.obj (.text:NwpRegisterInterruptHandler)
                  2001c1f8    00000050                  : driver.obj (.text:_SlDrvRxIrqHandler)
                  2001c248    00000050                  : eventreg.obj (.text:_SlNetAppHttpServerHdlr)
                  2001c298    00000050                  : eventreg.obj (.text:_SlNetAppRequestHdlr)
                  2001c2e8    00000050     network_terminal.obj (.text:printHelpUsage)
                  2001c338    00000050     simplelink.a : cc_pal.obj (.text:spi_Open)
                  2001c388    00000050     sysbios.aem4 : BIOS.obj (.text:ti_sysbios_family_arm_cc32xx_Seconds_getTime__E)
                  2001c3d8    00000050                  : BIOS.obj (.text:ti_sysbios_family_arm_m3_Hwi_Module_startup__E)
                  2001c428    00000050                  : BIOS.obj (.text:ti_sysbios_knl_Clock_Instance_init__E)
                  2001c478    00000050     release_pem4.oem4 (.text:ti_sysbios_knl_Task_create)
                  2001c4c8    0000004c     drivers_cc32xx.aem4 : GPIOCC32XX.oem4 (.text:GPIO_disableInt)
                  2001c514    0000004c                         : GPIOCC32XX.oem4 (.text:GPIO_enableInt)
                  2001c560    0000004c     simplelink.a : cc_pal.obj (.text:NwpWaitForShutDownInd)
                  2001c5ac    0000004c                  : driver.obj (.text:_SlDrvCmdSend_noWait)
                  2001c5f8    0000004c                  : driver.obj (.text:_SlDrvProtectAsyncRespSetting)
                  2001c644    0000004c     drivers_cc32xx.aem4 : PowerCC32XX.oem4 (.text:restorePeriphClocks)
                  2001c690    0000004c     rtsv7M4_T_le_eabi.lib : atoi.obj (.text)
                  2001c6dc    0000004c                           : atol.obj (.text)
                  2001c728    0000004c                           : cpy_tbl.obj (.text)
                  2001c774    0000004c     simplelink.a : netapp.obj (.text:sl_NetAppMDNSUnRegisterService)
                  2001c7c0    0000004c                  : wlan.obj (.text:sl_WlanProfileDel)
                  2001c80c    0000004c                  : wlan.obj (.text:sl_WlanSetMode)
                  2001c858    0000004c     sysbios.aem4 : m3_TaskSupport_asm.obj (.text:ti_sysbios_family_arm_m3_TaskSupport_buildTaskStack)
                  2001c8a4    00000004     release_pem4.oem4 (.text:ti_sysbios_knl_Clock_TimerProxy_stop__E)
                  2001c8a8    0000004c     sysbios.aem4 : BIOS.obj (.text:ti_sysbios_heaps_HeapMem_getStats__E)
                  2001c8f4    00000004     release_pem4.oem4 (.text:ti_sysbios_knl_Clock_delete)
                  2001c8f8    0000004c     sysbios.aem4 : BIOS.obj (.text:ti_sysbios_knl_Swi_runLoop__I)
                  2001c944    00000004     release_pem4.oem4 (.text:ti_sysbios_knl_Semaphore_delete)
                  2001c948    0000004c     sysbios.aem4 : BIOS.obj (.text:ti_sysbios_knl_Task_allBlockedFunction__I)
                  2001c994    00000048     dpl_cc32xx.aem4 : ClockP_tirtos.oem4 (.text:ClockP_create)
                  2001c9dc    00000048     driverlib.a : flash.obj (.text:FlashDisable)
                  2001ca24    00000048                 : prcm.obj (.text:PRCMLPDSEnter)
                  2001ca6c    00000048                 : prcm.obj (.text:PRCMPeripheralClkEnable)
                  2001cab4    00000048     drivers_cc32xx.aem4 : PowerCC32XX.oem4 (.text:Power_releaseConstraint)
                  2001cafc    00000048     simplelink.a : eventreg.obj (.text:_SlDeviceFatalErrorEvtHdlr)
                  2001cb44    00000048                  : eventreg.obj (.text:_SlDeviceGeneralEvtHdlr)
                  2001cb8c    00000048                  : driver.obj (.text:_SlDrvBasicCmd)
                  2001cbd4    00000048                  : driver.obj (.text:_SlDrvSyncObjWaitTimeout)
                  2001cc1c    00000048                  : eventreg.obj (.text:_SlNetAppEvtHdlr)
                  2001cc64    00000048                  : eventreg.obj (.text:_SlNetAppRequestMemFree)
                  2001ccac    00000048                  : eventreg.obj (.text:_SlSockEvtHdlr)
                  2001ccf4    00000048                  : eventreg.obj (.text:_SlWlanEvtHdlr)
                  2001cd3c    00000048     rtsv7M4_T_le_eabi.lib : fd_toi_t2.obj (.text)
                  2001cd84    00000004     release_pem4.oem4 (.text:ti_sysbios_knl_Task_delete)
                  2001cd88    00000048     sysbios.aem4 : BIOS.obj (.text:ti_sysbios_family_arm_m3_Hwi_disableInterrupt__E)
                  2001cdd0    00000048                  : BIOS.obj (.text:ti_sysbios_family_arm_m3_Hwi_enableInterrupt__E)
                  2001ce18    00000048                  : m3_Hwi_asm_switch.obj (.text:ti_sysbios_family_arm_m3_Hwi_initStacks__E)
                  2001ce60    00000048                  : BIOS.obj (.text:ti_sysbios_family_arm_m3_Timer_initDevice__I)
                  2001cea8    00000048                  : BIOS.obj (.text:ti_sysbios_knl_Mailbox_Module_startup__E)
                  2001cef0    00000048                  : BIOS.obj (.text:ti_sysbios_knl_Task_deleteTerminatedTasksFunc__I)
                  2001cf38    00000046     drivers_cc32xx.aem4 : RingBuf.oem4 (.text:RingBuf_put)
                  2001cf7e    00000002     --HOLE-- [fill = 0]
                  2001cf80    00000046     network_terminal.obj (.text:SimpleLinkGeneralEventHandler)
                  2001cfc6    00000002     --HOLE-- [fill = 0]
                  2001cfc8    00000046     sysbios.aem4 : BIOS.obj (.text:xdc_runtime_Core_assignParams__I)
                  2001d00e    00000002     --HOLE-- [fill = 0]
                  2001d010    00000044     driverlib.a : prcm.obj (.text:PRCMLPDSRestoreInfoSet)
                  2001d054    00000044     drivers_cc32xx.aem4 : PowerCC32XX_asm.oem4 (.text:PowerCC32XX_enterLPDS)
                  2001d098    00000044                         : SPI.oem4 (.text:SPI_init)
                  2001d0dc    00000044                         : UART.oem4 (.text:UART_init)
                  2001d120    00000044     boot.aem4 : boot.oem4 (.text)
                  2001d164    00000044     drivers_cc32xx.aem4 : PowerCC32XX.oem4 (.text:notify)
                  2001d1a8    00000044     network_terminal.obj (.text:printClearUsage)
                  2001d1ec    00000044     simplelink.a : netapp.obj (.text:sl_NetAppStart)
                  2001d230    00000044     sysbios.aem4 : BIOS.obj (.text:ti_sysbios_family_arm_m3_Hwi_getStackInfo__E)
                  2001d274    00000004     release_pem4.oem4 (.text:xdc_runtime_System_Module_GateProxy_enter__E)
                  2001d278    00000044     sysbios.aem4 : BIOS.obj (.text:ti_sysbios_knl_Mailbox_postInit__I)
                  2001d2bc    00000004     release_pem4.oem4 (.text:xdc_runtime_System_Module_GateProxy_leave__E)
                  2001d2c0    00000044     sysbios.aem4 : BIOS.obj (.text:ti_sysbios_knl_Swi_post__E)
                  2001d304    00000004     --HOLE-- [fill = 0]
                  2001d308    00000044                  : BIOS.obj (.text:xdc_runtime_System_atexit__E)
                  2001d34c    00000042     simplelink.a : sl_socket.obj (.text:sl_Htonl)
                  2001d38e    00000040                  : sl_socket.obj (.text:CountSetBits)
                  2001d3ce    00000002     --HOLE-- [fill = 0]
                  2001d3d0    00000040     dpl_cc32xx.aem4 : HwiP_tirtos.oem4 (.text:HwiP_create)
                  2001d410    00000040     driverlib.a : pin.obj (.text:PinModeSet)
                  2001d450    00000040     drivers_cc32xx.aem4 : RingBuf.oem4 (.text:RingBuf_get)
                  2001d490    00000040                         : UARTCC32XX.oem4 (.text:UARTCC32XX_read)
                  2001d4d0    00000040                         : UDMACC32XX.oem4 (.text:UDMACC32XX_init)
                  2001d510    00000040     simplelink.a : driver.obj (.text:_SlDrvGlobalObjUnLock)
                  2001d550    00000040                  : eventreg.obj (.text:_SlIsEventRegistered)
                  2001d590    00000040     rtsv7M4_T_le_eabi.lib : strtok.obj (.text)
                  2001d5d0    00000040     sysbios.aem4 : BIOS.obj (.text:ti_sysbios_family_arm_cc32xx_Seconds_set__E)
                  2001d610    00000040                  : BIOS.obj (.text:ti_sysbios_heaps_HeapMem_Instance_init__E)
                  2001d650    0000003e     simplelink.a : sl_socket.obj (.text:_SlSocketBuildAddress)
                  2001d68e    0000003e     release_pem4.oem4 (.text:realloc)
                  2001d6cc    00000004     --HOLE-- [fill = 0]
                  2001d6d0    0000003e     sysbios.aem4 : BIOS.obj (.text:sem_timedwait)
                  2001d70e    00000002     --HOLE-- [fill = 0]
                  2001d710    0000003c     drivers_cc32xx.aem4 : PowerCC32XX.oem4 (.text:Power_setConstraint)
                  2001d74c    0000003c                         : SPI.oem4 (.text:SPI_open)
                  2001d788    0000003c     dpl_cc32xx.aem4 : SemaphoreP_tirtos.oem4 (.text:SemaphoreP_create)
                  2001d7c4    0000003c     drivers_cc32xx.aem4 : UART.oem4 (.text:UART_open)
                  2001d800    0000003c     simplelink.a : netapp.obj (.text:_SlNetAppCopyPingResultsToReport)
                  2001d83c    0000003c     dpl_cc32xx.aem4 : PowerCC32XX_tirtos.oem4 (.text:getCountsRTC)
                  2001d878    0000003c     network_terminal.obj (.text:gpioButtonFxn1)
                  2001d8b4    0000003c     radio_tool.obj (.text:radioTool_Close)
                  2001d8f0    0000003c     simplelink.a : sl_socket.obj (.text:sl_Htons)
                  2001d92c    00000004     --HOLE-- [fill = 0]
                  2001d930    0000003c     sysbios.aem4 : BIOS.obj (.text:ti_sysbios_family_arm_m3_Hwi_Instance_finalize__E)
                  2001d96c    00000004     --HOLE-- [fill = 0]
                  2001d970    0000003c                  : BIOS.obj (.text:ti_sysbios_family_arm_m3_Timer_setPeriodMicroSecs__E)
                  2001d9ac    0000003c     release_pem4.oem4 (.text:ti_sysbios_knl_Clock_create)
                  2001d9e8    0000003c     sysbios.aem4 : BIOS.obj (.text:ti_sysbios_knl_Clock_walkQueuePeriodic__E)
                  2001da24    00000004     --HOLE-- [fill = 0]
                  2001da28    0000003c                  : BIOS.obj (.text:ti_sysbios_knl_Swi_restore__E)
                  2001da64    00000004     --HOLE-- [fill = 0]
                  2001da68    0000003c                  : BIOS.obj (.text:xdc_runtime_System_processAtExit__E)
                  2001daa4    00000038     driverlib.a : prcm.obj (.text:PRCMLPDSEnterKeepDebugIf)
                  2001dadc    00000004     --HOLE-- [fill = 0]
                  2001dae0    00000038     sysbios.aem4 : BIOS.obj (.text:clock_settime)
                  2001db18    00000038     rtsv7M4_T_le_eabi.lib : fs_tod_t2.obj (.text)
                  2001db50    00000038                           : fs_toi_t2.obj (.text)
                  2001db88    00000038     sysbios.aem4 : BIOS.obj (.text:ti_sysbios_knl_Task_processVitalTaskFlag__I)
                  2001dbc0    00000038                  : BIOS.obj (.text:usleep)
                  2001dbf8    00000036     drivers_cc32xx.aem4 : PowerCC32XX.oem4 (.text:PowerCC32XX_restoreParkedPin)
                  2001dc2e    00000036                         : UARTCC32XX.oem4 (.text:UARTCC32XX_readCancel)
                  2001dc64    00000036     rtsv7M4_T_le_eabi.lib : strncpy.obj (.text)
                  2001dc9a    00000002     --HOLE-- [fill = 0]
                  2001dc9c    00000034     driverlib.a : pin.obj (.text:PinModeGet)
                  2001dcd0    00000034     drivers_cc32xx.aem4 : PowerCC32XX.oem4 (.text:PowerCC32XX_restoreParkState)
                  2001dd04    00000034                         : UDMACC32XX.oem4 (.text:UDMACC32XX_close)
                  2001dd38    00000034     rtsv7M4_T_le_eabi.lib : strstr.obj (.text)
                  2001dd6c    00000004     --HOLE-- [fill = 0]
                  2001dd70    00000034     sysbios.aem4 : BIOS.obj (.text:ti_sysbios_family_arm_m3_Timer_periodicStub__I)
                  2001dda4    00000034     release_pem4.oem4 (.text:ti_sysbios_knl_Semaphore_create)
                  2001ddd8    00000032     radio_tool.obj (.text:radioTool_GetStats)
                  2001de0a    00000006     dpl_cc32xx.aem4 : ClockP_tirtos.oem4 (.text:ClockP_Params_init)
                  2001de10    00000032     sysbios.aem4 : BIOS.obj (.text:ti_sysbios_hal_Hwi_initStack)
                  2001de42    00000006     dpl_cc32xx.aem4 : MutexP_tirtos.oem4 (.text:MutexP_Params_init)
                  2001de48    00000032     sysbios.aem4 : BIOS.obj (.text:ti_sysbios_knl_Semaphore_pendTimeout__I)
                  2001de7a    00000002     --HOLE-- [fill = 0]
                  2001de7c    00000030     simplelink.a : driver.obj (.text:_SlDrvSyncObjWaitForever)
                  2001deac    00000004     --HOLE-- [fill = 0]
                  2001deb0    00000030     sysbios.aem4 : BIOS.obj (.text:clockFxn$39)
                  2001dee0    00000030     str.obj (.text:printBorder)
                  2001df10    00000030     release_pem4.oem4 (.text:ti_sysbios_BIOS_atExitFunc__I)
                  2001df40    00000030     release_pem4.oem4 (.text:ti_sysbios_BIOS_startFunc__I)
                  2001df70    00000030     sysbios.aem4 : BIOS.obj (.text:ti_sysbios_family_arm_m3_TaskSupport_start__E)
                  2001dfa0    00000030     release_pem4.oem4 (.text:ti_sysbios_gates_GateHwi_Object__create__S)
                  2001dfd0    00000030     release_pem4.oem4 (.text:ti_sysbios_gates_GateMutex_Object__create__S)
                  2001e000    00000030     release_pem4.oem4 (.text:ti_sysbios_gates_GateMutex_create)
                  2001e030    00000030     sysbios.aem4 : BIOS.obj (.text:ti_sysbios_gates_GateMutex_enter__E)
                  2001e060    00000030     release_pem4.oem4 (.text:ti_sysbios_heaps_HeapMem_Object__create__S)
                  2001e090    00000030     release_pem4.oem4 (.text:ti_sysbios_knl_Semaphore_construct)
                  2001e0c0    0000002e     cmd_parser.obj (.text:FreeStartApCmd)
                  2001e0ee    0000002e     cmd_parser.obj (.text:FreemDNSAdvertiseCmd)
                  2001e11c    0000002e     rtsv7M4_T_le_eabi.lib : i_tofd_t2.obj (.text)
                  2001e14a    0000002e     release_pem4.oem4 (.text:ti_sysbios_rts_gnu_MemAlloc_alloc)
                  2001e178    0000002c     drivers_cc32xx.aem4 : GPIOCC32XX.oem4 (.text:GPIO_clearInt)
                  2001e1a4    0000002c     simplelink.a : cc_pal.obj (.text:NwpPowerOn)
                  2001e1d0    0000002c     drivers_cc32xx.aem4 : PowerCC32XX.oem4 (.text:PowerCC32XX_getParkState)
                  2001e1fc    0000002c     dpl_cc32xx.aem4 : SemaphoreP_tirtos.oem4 (.text:SemaphoreP_createBinary)
                  2001e228    0000002c     simplelink.a : cc_pal.obj (.text:Semaphore_create_handle)
                  2001e254    0000002c     radio_tool.obj (.text:radioTool_RxStop)
                  2001e280    0000002c     release_pem4.oem4 (.text:ti_sysbios_knl_Clock_doTick__I)
                  2001e2ac    0000002c     release_pem4.oem4 (.text:ti_sysbios_knl_Queue_construct)
                  2001e2d8    0000002c     sysbios.aem4 : BIOS.obj (.text:ti_sysbios_knl_Task_restore__E)
                  2001e304    0000002a     release_pem4.oem4 (.text:calloc)
                  2001e32e    0000002a     rtsv7M4_T_le_eabi.lib : strspn.obj (.text)
                  2001e358    0000002a     sysbios.aem4 : BIOS.obj (.text:sem_init)
                  2001e382    00000002     --HOLE-- [fill = 0]
                  2001e384    00000028     driverlib.a : prcm.obj (.text:PRCMPeripheralClkDisable)
                  2001e3ac    00000028     dpl_cc32xx.aem4 : PowerCC32XX_tirtos.oem4 (.text:PowerCC32XX_initPolicy)
                  2001e3d4    00000028     drivers_cc32xx.aem4 : PowerCC32XX.oem4 (.text:Power_registerNotify)
                  2001e3fc    00000028     simplelink.a : driver.obj (.text:_SlDrvProtectionObjLockWaitForever)
                  2001e424    00000028                  : driver.obj (.text:_SlDrvProtectionObjUnLock)
                  2001e44c    00000028                  : driver.obj (.text:_SlDrvUpdateApiInProgress)
                  2001e474    00000028                  : flowcont.obj (.text:_SlFlowContSet)
                  2001e49c    00000004     --HOLE-- [fill = 0]
                  2001e4a0    00000028     sysbios.aem4 : BIOS.obj (.text:ti_sysbios_knl_Clock_addI__E)
                  2001e4c8    00000028                  : BIOS.obj (.text:ti_sysbios_knl_Swi_Module_startup__E)
                  2001e4f0    00000026     drivers_cc32xx.aem4 : List.oem4 (.text:List_put)
                  2001e516    00000024     simplelink.a : cc_pal.obj (.text:Mutex_create_handle)
                  2001e53a    00000002     --HOLE-- [fill = 0]
                  2001e53c    00000024                  : driver.obj (.text:_SlDrvIsApiInProgress)
                  2001e560    00000024                  : driver.obj (.text:_SlDrvStartMeasureTimeout)
                  2001e584    00000004     --HOLE-- [fill = 0]
                  2001e588    00000024     sysbios.aem4 : BIOS.obj (.text:pthread_attr_init)
                  2001e5ac    00000024     rtsv7M4_T_le_eabi.lib : strcspn.obj (.text)
                  2001e5d0    00000024                           : u_tofs_t2.obj (.text)
                  2001e5f4    00000024     simplelink.a : wlan.obj (.text:sl_WlanDisconnect)
                  2001e618    00000024                  : wlan.obj (.text:sl_WlanRxStatStart)
                  2001e63c    00000024                  : wlan.obj (.text:sl_WlanRxStatStop)
                  2001e660    00000024     release_pem4.oem4 (.text:ti_sysbios_BIOS_registerRTSLock__I)
                  2001e684    00000024     release_pem4.oem4 (.text:ti_sysbios_BIOS_removeRTSLock__I)
                  2001e6a8    00000024     sysbios.aem4 : BIOS.obj (.text:ti_sysbios_family_arm_m3_Timer_Module_startup__E)
                  2001e6cc    00000004     --HOLE-- [fill = 0]
                  2001e6d0    00000024                  : BIOS.obj (.text:ti_sysbios_family_arm_m3_Timer_postInit__I)
                  2001e6f4    00000004     --HOLE-- [fill = 0]
                  2001e6f8    00000024                  : BIOS.obj (.text:ti_sysbios_family_arm_m3_Timer_startup__E)
                  2001e71c    00000024     release_pem4.oem4 (.text:ti_sysbios_gates_GateMutex_Object__delete__S)
                  2001e740    00000024     sysbios.aem4 : BIOS.obj (.text:ti_sysbios_knl_Clock_Module_startup__E)
                  2001e764    00000024     release_pem4.oem4 (.text:ti_sysbios_knl_Clock_Object__delete__S)
                  2001e788    00000024     sysbios.aem4 : BIOS.obj (.text:ti_sysbios_knl_Clock_start__E)
                  2001e7ac    00000004     --HOLE-- [fill = 0]
                  2001e7b0    00000024                  : BIOS.obj (.text:ti_sysbios_knl_Semaphore_Instance_init__E)
                  2001e7d4    00000024     release_pem4.oem4 (.text:ti_sysbios_knl_Semaphore_Object__delete__S)
                  2001e7f8    00000024     sysbios.aem4 : BIOS.obj (.text:ti_sysbios_knl_Task_restoreHwi__E)
                  2001e81c    00000004     --HOLE-- [fill = 0]
                  2001e820    00000024                  : BIOS.obj (.text:xdc_runtime_Error_policyMin__E)
                  2001e844    00000020     drivers_cc32xx.aem4 : PowerCC32XX.oem4 (.text:Power_unregisterNotify)
                  2001e864    00000020                         : RingBuf.oem4 (.text:RingBuf_peek)
                  2001e884    00000020     simplelink.a : driver.obj (.text:_SlDrvObjLockWaitForever)
                  2001e8a4    00000020                  : driver.obj (.text:_SlDrvObjUnLock)
                  2001e8c4    00000020     drivers_cc32xx.aem4 : SPICC32XXDMA.oem4 (.text:getPowerMgrId)
                  2001e8e4    00000020                         : UARTCC32XX.oem4 (.text:getPowerMgrId)
                  2001e904    00000020     transceiver_cmd.obj (.text:showPowMenu)
                  2001e924    00000004     --HOLE-- [fill = 0]
                  2001e928    00000020     sysbios.aem4 : BIOS.obj (.text:sleep)
                  2001e948    00000020     release_pem4.oem4 (.text:ti_sysbios_BIOS_rtsLock__I)
                  2001e968    00000020     release_pem4.oem4 (.text:ti_sysbios_family_arm_m3_Hwi_Object__delete__S)
                  2001e988    00000020     sysbios.aem4 : BIOS.obj (.text:ti_sysbios_family_arm_m3_Hwi_clearInterrupt__E)
                  2001e9a8    00000020                  : m3_Hwi_asm.obj (.text:ti_sysbios_family_arm_m3_Hwi_excHandlerAsm__I)
                  2001e9c8    00000020                  : BIOS.obj (.text:ti_sysbios_family_arm_m3_Hwi_excHandler__I)
                  2001e9e8    00000020     release_pem4.oem4 (.text:ti_sysbios_gates_GateHwi_Object__delete__S)
                  2001ea08    00000020     release_pem4.oem4 (.text:ti_sysbios_heaps_HeapMem_Object__delete__S)
                  2001ea28    00000020     sysbios.aem4 : BIOS.obj (.text:ti_sysbios_knl_Idle_run__E)
                  2001ea48    00000020     release_pem4.oem4 (.text:ti_sysbios_knl_Semaphore_destruct)
                  2001ea68    00000020     release_pem4.oem4 (.text:ti_sysbios_knl_Task_Object__delete__S)
                  2001ea88    0000001e     simplelink.a : driver.obj (.text:_SlDrvSyncObjSignal)
                  2001eaa6    0000001e     drivers_cc32xx.aem4 : UDMACC32XX.oem4 (.text:postNotifyFxn)
                  2001eac4    0000001e     rtsv7M4_T_le_eabi.lib : strcat.obj (.text)
                  2001eae2    0000001e     sysbios.aem4 : m3_Hwi_asm_switch.obj (.text:ti_sysbios_family_xxx_Hwi_switchAndRunFunc)
                  2001eb00    0000001c     uart_term.obj (.text:Message)
                  2001eb1c    0000001c     driverlib.a : pin.obj (.text:PinToPadGet)
                  2001eb38    0000001c     simplelink.a : device.obj (.text:_SlDeviceGetStartResponseConvert)
                  2001eb54    0000001c     rtsv7M4_T_le_eabi.lib : memccpy.obj (.text)
                  2001eb70    0000001c     sysbios.aem4 : BIOS.obj (.text:ti_sysbios_family_arm_m3_Timer_stop__E)
                  2001eb8c    00000004     --HOLE-- [fill = 0]
                  2001eb90    0000001c                  : BIOS.obj (.text:ti_sysbios_gates_GateMutex_Instance_init__E)
                  2001ebac    00000004     --HOLE-- [fill = 0]
                  2001ebb0    0000001c                  : BIOS.obj (.text:ti_sysbios_knl_Clock_Instance_finalize__E)
                  2001ebcc    0000001c     release_pem4.oem4 (.text:ti_sysbios_knl_Queue_destruct)
                  2001ebe8    0000001c     sysbios.aem4 : BIOS.obj (.text:ti_sysbios_knl_Queue_put__E)
                  2001ec04    00000004     --HOLE-- [fill = 0]
                  2001ec08    0000001c                  : BIOS.obj (.text:ti_sysbios_knl_Task_enter__I)
                  2001ec24    0000001a     cmd_parser.obj (.text:FreePingCmd)
                  2001ec3e    0000001a     cmd_parser.obj (.text:FreeRecvCmd)
                  2001ec58    0000001a     cmd_parser.obj (.text:FreeSendCmd)
                  2001ec72    0000001a     release_pem4.oem4 (.text:free)
                  2001ec8c    0000001a     sysbios.aem4 : m3_Hwi_asm.obj (.text:ti_sysbios_family_arm_m3_Hwi_pendSV__I)
                  2001eca6    00000002     --HOLE-- [fill = 0]
                  2001eca8    0000001a                  : BIOS.obj (.text:ti_sysbios_knl_Task_sleepTimeout__I)
                  2001ecc2    00000002     --HOLE-- [fill = 0]
                  2001ecc4    00000018     drivers_cc32xx.aem4 : PowerCC32XX.oem4 (.text:Power_idleFunc)
                  2001ecdc    00000018     driverlib.a : uart.obj (.text:UARTBusy)
                  2001ecf4    00000018                 : uart.obj (.text:UARTIntEnable)
                  2001ed0c    00000018     drivers_cc32xx.aem4 : UART.oem4 (.text:UART_Params_init)
                  2001ed24    00000018     uart_term.obj (.text:getch)
                  2001ed3c    00000018     uart_term.obj (.text:putch)
                  2001ed54    00000018     rtsv7M4_T_le_eabi.lib : args_main.obj (.text)
                  2001ed6c    00000018                           : ll_mul_t2.obj (.text)
                  2001ed84    00000018                           : strcmp.obj (.text)
                  2001ed9c    00000018     release_pem4.oem4 (.text:ti_sysbios_BIOS_rtsUnlock__I)
                  2001edb4    00000018     release_pem4.oem4 (.text:ti_sysbios_family_arm_m3_Hwi_Module__startupDone__F)
                  2001edcc    00000018     release_pem4.oem4 (.text:ti_sysbios_family_arm_m3_Timer_Module__startupDone__F)
                  2001ede4    00000018     release_pem4.oem4 (.text:ti_sysbios_gates_GateHwi_Handle__label__S)
                  2001edfc    00000018     release_pem4.oem4 (.text:ti_sysbios_gates_GateMutex_Handle__label__S)
                  2001ee14    00000004     --HOLE-- [fill = 0]
                  2001ee18    00000018     sysbios.aem4 : BIOS.obj (.text:ti_sysbios_gates_GateMutex_leave__E)
                  2001ee30    00000018     release_pem4.oem4 (.text:ti_sysbios_heaps_HeapMem_Handle__label__S)
                  2001ee48    00000018     sysbios.aem4 : BIOS.obj (.text:ti_sysbios_rts_ti_ReentSupport_getReent__F)
                  2001ee60    00000018     release_pem4.oem4 (.text:ti_sysbios_rts_ti_ReentSupport_getTlsAddr__I)
                  2001ee78    00000018     sysbios.aem4 : BIOS.obj (.text:xdc_runtime_Error_init__E)
                  2001ee90    00000018                  : BIOS.obj (.text:xdc_runtime_System_exit__E)
                  2001eea8    00000016     drivers_cc32xx.aem4 : List.oem4 (.text:List_remove)
                  2001eebe    00000016     driverlib.a : prcm.obj (.text:PRCMHIBRegRead)
                  2001eed4    00000016                 : prcm.obj (.text:PRCMHIBRegWrite)
                  2001eeea    00000016     simplelink.a : driver.obj (.text:_SlDrvMemZero)
                  2001ef00    00000016     rtsv7M4_T_le_eabi.lib : strchr.obj (.text)
                  2001ef16    00000016     release_pem4.oem4 (.text:ti_sysbios_BIOS_exitFunc__I)
                  2001ef2c    00000014     drivers_cc32xx.aem4 : PowerCC32XX.oem4 (.text:PowerCC32XX_getWakeup)
                  2001ef40    00000014                         : PowerCC32XX.oem4 (.text:Power_disablePolicy)
                  2001ef54    00000014                         : PowerCC32XX.oem4 (.text:Power_getDependencyCount)
                  2001ef68    00000014                         : SPI.oem4 (.text:SPI_Params_init)
                  2001ef7c    00000004     --HOLE-- [fill = 0]
                  2001ef80    00000014     sysbios.aem4 : BIOS.obj (.text:pthread_attr_setschedparam)
                  2001ef94    00000014     drivers_cc32xx.aem4 : UARTCC32XX.oem4 (.text:releasePowerConstraint)
                  2001efa8    00000014     rtsv7M4_T_le_eabi.lib : _lock.obj (.text)
                  2001efbc    00000014                           : strcpy.obj (.text)
                  2001efd0    00000014                           : strlen.obj (.text)
                  2001efe4    00000014     release_pem4.oem4 (.text:ti_sysbios_family_arm_m3_Hwi_Object__get__S)
                  2001eff8    00000014     sysbios.aem4 : BIOS.obj (.text:ti_sysbios_family_arm_m3_Hwi_switchFromBootStack__E)
                  2001f00c    00000014     release_pem4.oem4 (.text:ti_sysbios_heaps_HeapMem_Object__get__S)
                  2001f020    00000014     sysbios.aem4 : BIOS.obj (.text:ti_sysbios_knl_Clock_tickReconfig__E)
                  2001f034    00000014     release_pem4.oem4 (.text:ti_sysbios_knl_Swi_Object__get__S)
                  2001f048    00000014     release_pem4.oem4 (.text:ti_sysbios_knl_Task_Object__first__S)
                  2001f05c    00000014     release_pem4.oem4 (.text:ti_sysbios_knl_Task_Object__next__S)
                  2001f070    00000012     uart_term.obj (.text:ClearTerm)
                  2001f082    00000012     drivers_cc32xx.aem4 : RingBuf.oem4 (.text:RingBuf_construct)
                  2001f094    00000012     dpl_cc32xx.aem4 : SemaphoreP_tirtos.oem4 (.text:SemaphoreP_pend)
                  2001f0a6    00000002     --HOLE-- [fill = 0]
                  2001f0a8    00000012     sysbios.aem4 : BIOS.obj (.text:ti_sysbios_hal_Hwi_Module_startup__E)
                  2001f0ba    00000012     release_pem4.oem4 (.text:xdc_runtime_Startup_exec__I)
                  2001f0cc    00000010     dpl_cc32xx.aem4 : HwiP_tirtos.oem4 (.text:HwiP_Params_init)
                  2001f0dc    00000010     simplelink.a : cc_pal.obj (.text:MutexP_delete_handle)
                  2001f0ec    00000010                  : cc_pal.obj (.text:Mutex_unlock)
                  2001f0fc    00000010     drivers_cc32xx.aem4 : PowerCC32XX.oem4 (.text:Power_enablePolicy)
                  2001f10c    00000010     simplelink.a : cc_pal.obj (.text:SemaphoreP_delete_handle)
                  2001f11c    00000010                  : cc_pal.obj (.text:SemaphoreP_post_handle)
                  2001f12c    00000010                  : driver.obj (.text:_SlDrvDispatchHttpServerEvents)
                  2001f13c    00000010                  : driver.obj (.text:_SlDrvDispatchNetAppRequestEvents)
                  2001f14c    00000010     CC3220S_LAUNCHXL.obj (.text:dmaErrorFxn)
                  2001f15c    00000010     drivers_cc32xx.aem4 : UARTCC32XX.oem4 (.text:readBlockingTimeout)
                  2001f16c    00000004     --HOLE-- [fill = 0]
                  2001f170    00000010     sysbios.aem4 : BIOS.obj (.text:ti_sysbios_BIOS_getCpuFreq__E)
                  2001f180    00000010                  : BIOS.obj (.text:ti_sysbios_BIOS_setThreadType__E)
                  2001f190    00000010                  : BIOS.obj (.text:ti_sysbios_BIOS_start__E)
                  2001f1a0    00000010                  : m3_TaskSupport_asm.obj (.text:ti_sysbios_family_arm_m3_TaskSupport_glue)
                  2001f1b0    00000010                  : m3_TaskSupport_asm.obj (.text:ti_sysbios_family_arm_m3_TaskSupport_swap__E)
                  2001f1c0    00000010                  : BIOS.obj (.text:ti_sysbios_gates_GateMutex_Instance_finalize__E)
                  2001f1d0    00000010     release_pem4.oem4 (.text:ti_sysbios_knl_Mailbox_Object__get__S)
                  2001f1e0    00000010     sysbios.aem4 : BIOS.obj (.text:ti_sysbios_knl_Semaphore_Instance_finalize__E)
                  2001f1f0    00000010                  : BIOS.obj (.text:ti_sysbios_knl_Swi_disable__E)
                  2001f200    00000010     release_pem4.oem4 (.text:ti_sysbios_knl_Task_Object__get__S)
                  2001f210    00000010     sysbios.aem4 : BIOS.obj (.text:ti_sysbios_knl_Task_disable__E)
                  2001f220    00000010                  : BIOS.obj (.text:xdc_runtime_Memory_free__E)
                  2001f230    00000010                  : BIOS.obj (.text:xdc_runtime_SysCallback_abort__E)
                  2001f240    00000010                  : BIOS.obj (.text:xdc_runtime_SysCallback_exit__E)
                  2001f250    0000000e     simplelink.a : cc_pal.obj (.text:Mutex_lock)
                  2001f25e    0000000e                  : driver.obj (.text:_SlDrvResetCmdExt)
                  2001f26c    0000000e     rtsv7M4_T_le_eabi.lib : copy_decompress_none.obj (.text:decompress:none)
                  2001f27a    0000000e     drivers_cc32xx.aem4 : SPICC32XXDMA.oem4 (.text:postNotifyFxn)
                  2001f288    0000000e     sysbios.aem4 : BIOS.obj (.text:pthread_attr_setdetachstate)
                  2001f296    00000002     --HOLE-- [fill = 0]
                  2001f298    0000000e                  : BIOS.obj (.text:sem_wait)
                  2001f2a6    0000000e     simplelink.a : cc_pal.obj (.text:spi_Close)
                  2001f2b4    00000004     --HOLE-- [fill = 0]
                  2001f2b8    0000000e     sysbios.aem4 : BIOS.obj (.text:ti_sysbios_knl_Idle_loop__E)
                  2001f2c6    00000002     --HOLE-- [fill = 0]
                  2001f2c8    0000000e                  : BIOS.obj (.text:ti_sysbios_knl_Queue_empty__E)
                  2001f2d6    0000000c     CC3220S_LAUNCHXL.obj (.text:CC3220S_LAUNCHXL_initGeneral)
                  2001f2e2    0000000c     dpl_cc32xx.aem4 : ClockP_tirtos.oem4 (.text:ClockP_delete)
                  2001f2ee    0000000c                     : HwiP_tirtos.oem4 (.text:HwiP_delete)
                  2001f2fa    00000002     --HOLE-- [fill = 0]
                  2001f2fc    0000000c                     : MutexP_tirtos.oem4 (.text:MutexP_create)
                  2001f308    0000000c                     : MutexP_tirtos.oem4 (.text:MutexP_delete)
                  2001f314    0000000c     simplelink.a : cc_pal.obj (.text:NwpMaskInterrupt)
                  2001f320    0000000c                  : cc_pal.obj (.text:NwpUnMaskInterrupt)
                  2001f32c    0000000c     drivers_cc32xx.aem4 : PowerCC32XX.oem4 (.text:Power_getConstraintMask)
                  2001f338    0000000c     dpl_cc32xx.aem4 : SemaphoreP_tirtos.oem4 (.text:SemaphoreP_delete)
                  2001f344    0000000c     network_terminal.obj (.text:SimpleLinkHttpServerEventHandler)
                  2001f350    0000000c     network_terminal.obj (.text:SimpleLinkNetAppRequestEventHandler)
                  2001f35c    0000000c     simplelink.a : device.obj (.text:_SlDeviceResetRequestInitCompletedCB)
                  2001f368    0000000c     network_terminal.obj (.text:cmdClearcallback)
                  2001f374    0000000c     rtsv7M4_T_le_eabi.lib : copy_zero_init.obj (.text:decompress:ZI)
                  2001f380    0000000c     drivers_cc32xx.aem4 : UARTCC32XX.oem4 (.text:postNotifyFxn)
                  2001f38c    0000000c     release_pem4.oem4 (.text:ti_sysbios_family_arm_m3_Hwi_Params__init__S)
                  2001f398    0000000c     sysbios.aem4 : BIOS.obj (.text:ti_sysbios_family_arm_m3_Hwi_disableFxn__E)
                  2001f3a4    00000004     --HOLE-- [fill = 0]
                  2001f3a8    0000000c                  : BIOS.obj (.text:ti_sysbios_family_arm_m3_TaskSupport_getStackAlignment__E)
                  2001f3b4    00000004     --HOLE-- [fill = 0]
                  2001f3b8    0000000c                  : BIOS.obj (.text:ti_sysbios_gates_GateHwi_enter__E)
                  2001f3c4    0000000c     release_pem4.oem4 (.text:ti_sysbios_knl_Clock_Params__init__S)
                  2001f3d0    0000000c     sysbios.aem4 : BIOS.obj (.text:ti_sysbios_knl_Clock_getTicks__E)
                  2001f3dc    00000004     --HOLE-- [fill = 0]
                  2001f3e0    0000000c                  : BIOS.obj (.text:ti_sysbios_knl_Clock_setTicks__E)
                  2001f3ec    00000004     --HOLE-- [fill = 0]
                  2001f3f0    0000000c                  : BIOS.obj (.text:ti_sysbios_knl_Clock_tickStart__E)
                  2001f3fc    00000004     --HOLE-- [fill = 0]
                  2001f400    0000000c                  : BIOS.obj (.text:ti_sysbios_knl_Clock_tickStop__E)
                  2001f40c    0000000c     release_pem4.oem4 (.text:ti_sysbios_knl_Queue_Object__get__S)
                  2001f418    0000000c     release_pem4.oem4 (.text:ti_sysbios_knl_Semaphore_Params__init__S)
                  2001f424    0000000c     release_pem4.oem4 (.text:ti_sysbios_knl_Task_Params__init__S)
                  2001f430    0000000c     sysbios.aem4 : BIOS.obj (.text:ti_sysbios_knl_Task_self__E)
                  2001f43c    00000004     --HOLE-- [fill = 0]
                  2001f440    0000000c                  : BIOS.obj (.text:ti_sysbios_rts_ti_ReentSupport_taskRegHook__I)
                  2001f44c    0000000c     driverlib.a : udma.obj (.text:uDMAErrorStatusClear)
                  2001f458    0000000c                 : udma.obj (.text:uDMAErrorStatusGet)
                  2001f464    00000004     --HOLE-- [fill = 0]
                  2001f468    0000000c     sysbios.aem4 : BIOS.obj (.text:xdc_runtime_Startup_rtsDone__E)
                  2001f474    0000000a     drivers_cc32xx.aem4 : List.oem4 (.text:List_empty)
                  2001f47e    0000000a                         : SPI.oem4 (.text:SPI_close)
                  2001f488    0000000a                         : SPI.oem4 (.text:SPI_transfer)
                  2001f492    0000000a     network_terminal.obj (.text:SimpleLinkNetAppRequestMemFreeEventHandler)
                  2001f49c    0000000a     network_terminal.obj (.text:SimpleLinkSockEventHandler)
                  2001f4a6    0000000a     drivers_cc32xx.aem4 : UART.oem4 (.text:UART_control)
                  2001f4b0    0000000a                         : UART.oem4 (.text:UART_readPolling)
                  2001f4ba    0000000a                         : UART.oem4 (.text:UART_writePolling)
                  2001f4c4    00000004     --HOLE-- [fill = 0]
                  2001f4c8    0000000a     sysbios.aem4 : BIOS.obj (.text:sem_post)
                  2001f4d2    0000000a     simplelink.a : device.obj (.text:sl_Task)
                  2001f4dc    0000000a     release_pem4.oem4 (.text:xdc_runtime_IHeap_alloc)
                  2001f4e6    0000000a     release_pem4.oem4 (.text:xdc_runtime_IHeap_free)
                  2001f4f0    00000008     dpl_cc32xx.aem4 : SemaphoreP_tirtos.oem4 (.text:SemaphoreP_Params_init)
                  2001f4f8    00000008     simplelink.a : cc_pal.obj (.text:TimerGetCurrentTimestamp)
                  2001f500    00000008     drivers_cc32xx.aem4 : SPICC32XXDMA.oem4 (.text:blockingTransferCallback)
                  2001f508    00000008     sysbios.aem4 : BIOS.obj (.text:pthread_attr_setstacksize)
                  2001f510    00000008     drivers_cc32xx.aem4 : UARTCC32XX.oem4 (.text:readSemCallback)
                  2001f518    00000008     rtsv7M4_T_le_eabi.lib : s_copysign.obj (.text)
                  2001f520    00000008     sysbios.aem4 : BIOS.obj (.text:ti_sysbios_family_arm_m3_Hwi_doSwiRestore__I)
                  2001f528    00000008                  : BIOS.obj (.text:ti_sysbios_family_arm_m3_Hwi_startup__E)
                  2001f530    00000008     drivers_cc32xx.aem4 : UARTCC32XX.oem4 (.text:writeSemCallback)
                  2001f538    00000006                         : SPICC32XXDMA.oem4 (.text:SPICC32XXDMA_control)
                  2001f53e    00000006     driverlib.a : utils.obj (.text:UtilsDelay)
                  2001f544    00000004     --HOLE-- [fill = 0]
                  2001f548    00000006     sysbios.aem4 : BIOS.obj (.text:ti_sysbios_family_arm_m3_Hwi_doTaskRestore__I)
                  2001f54e    00000002     --HOLE-- [fill = 0]
                  2001f550    00000006                  : BIOS.obj (.text:ti_sysbios_family_arm_m3_Hwi_restoreFxn__E)
                  2001f556    00000002     --HOLE-- [fill = 0]
                  2001f558    00000006                  : BIOS.obj (.text:ti_sysbios_gates_GateHwi_leave__E)
                  2001f55e    00000002     --HOLE-- [fill = 0]
                  2001f560    00000006                  : BIOS.obj (.text:ti_sysbios_heaps_HeapMem_isBlocking__E)
                  2001f566    00000002     --HOLE-- [fill = 0]
                  2001f568    00000006                  : BIOS.obj (.text:ti_sysbios_knl_Clock_stop__E)
                  2001f56e    00000002     --HOLE-- [fill = 0]
                  2001f570    00000006                  : BIOS.obj (.text:ti_sysbios_knl_Queue_Instance_init__E)
                  2001f576    00000002     --HOLE-- [fill = 0]
                  2001f578    00000006                  : BIOS.obj (.text:ti_sysbios_knl_Swi_startup__E)
                  2001f57e    00000002     --HOLE-- [fill = 0]
                  2001f580    00000006                  : BIOS.obj (.text:xdc_runtime_System_Module_startup__E)
                  2001f586    00000002     --HOLE-- [fill = 0]
                  2001f588    00000004                  : BIOS.obj (.text:ti_sysbios_family_arm_m3_Timer_getMaxTicks__E)
                  2001f58c    00000004     --HOLE-- [fill = 0]
                  2001f590    00000004                  : BIOS.obj (.text:ti_sysbios_gates_GateHwi_query__E)
                  2001f594    00000004     --HOLE-- [fill = 0]
                  2001f598    00000004                  : BIOS.obj (.text:ti_sysbios_gates_GateMutex_query__E)
                  2001f59c    00000004     --HOLE-- [fill = 0]
                  2001f5a0    00000004                  : BIOS.obj (.text:ti_sysbios_knl_Clock_setTimeout__E)
                  2001f5a4    00000004     --HOLE-- [fill = 0]
                  2001f5a8    00000004                  : BIOS.obj (.text:ti_sysbios_knl_Task_startup__E)
                  2001f5ac    00000004     --HOLE-- [fill = 0]
                  2001f5b0    00000002                  : BIOS.obj (.text:ti_sysbios_BIOS_linkedWithIncorrectBootLibrary__E)
                  2001f5b2    00000006     --HOLE-- [fill = 0]
                  2001f5b8    00000002                  : BIOS.obj (.text:ti_sysbios_gates_GateHwi_Instance_init__E)
                  2001f5ba    00000006     --HOLE-- [fill = 0]
                  2001f5c0    00000002                  : BIOS.obj (.text:ti_sysbios_knl_Clock_logTick__E)
                  2001f5c2    00000006     --HOLE-- [fill = 0]
                  2001f5c8    00000002                  : BIOS.obj (.text:xdc_runtime_SysCallback_defaultAbort)
                  2001f5ca    00000006     --HOLE-- [fill = 0]
                  2001f5d0    00000002                  : BIOS.obj (.text:xdc_runtime_SysCallback_defaultExit)
                  2001f5d2    00000006     --HOLE-- [fill = 0]
                  2001f5d8    00000002                  : BIOS.obj (.text:xdc_runtime_System_abortSpin__E)
                  2001f5da    00000006     --HOLE-- [fill = 0]
                  2001f5e0    00000002                  : BIOS.obj (.text:xdc_runtime_System_exitSpin__E)

.priheap   0    2001f5e8    00008000     UNINITIALIZED
                  2001f5e8    00008000     --HOLE--

.const     0    200275e8    000030d3     
                  200275e8    00001fa8     str.obj (.const:.string)
                  20029590    0000048c     netapp_cmd.obj (.const:$P$T1$2)
                  20029a1c    00000101     rtsv7M4_T_le_eabi.lib : ctype.obj (.const:.string:_ctypes_)
                  20029b1d    00000001     release_pem4.oem4 (.const:ti_sysbios_knl_Clock_tickMode__C)
                  20029b1e    00000002     release_pem4.oem4 (.const:ti_sysbios_family_arm_m3_Hwi_Module__id__C)
                  20029b20    00000100     driverlib.a : pin.obj (.const:g_ulPinToPadMap)
                  20029c20    000000a8                 : prcm.obj (.const:PRCM_PeriphRegsList)
                  20029cc8    00000078     CC3220S_LAUNCHXL.obj (.const:spiCC3220SDMAHWAttrs)
                  20029d40    00000060     simplelink.a : driver.obj (.const:OpcodeTranslateTable)
                  20029da0    00000058                  : driver.obj (.const:_SlActionLookupTable)
                  20029df8    0000004c     transceiver_cmd.obj (.const:$P$T0$1)
                  20029e44    00000048     release_pem4.oem4 (.const:.string)
                  20029e8c    00000048     CC3220S_LAUNCHXL.obj (.const:uartCC3220SHWAttrs)
                  20029ed4    00000040     CC3220S_LAUNCHXL.obj (.const:PowerCC32XX_config)
                  20029f14    0000003c     release_pem4.oem4 (.const:ti_sysbios_knl_Task_Object__PARAMS__C)
                  20029f50    00000030     release_pem4.oem4 (.const:ti_sysbios_family_arm_m3_Hwi_Object__PARAMS__C)
                  20029f80    00000028     drivers_cc32xx.aem4 : UARTCC32XX.oem4 (.const:UARTCC32XX_fxnTable)
                  20029fa8    00000028     release_pem4.oem4 (.const:ti_sysbios_heaps_HeapMem_Module__FXNS__C)
                  20029fd0    00000024     drivers_cc32xx.aem4 : UART.oem4 (.const:UART_defaultParams)
                  20029ff4    00000024     release_pem4.oem4 (.const:ti_sysbios_gates_GateHwi_Module__FXNS__C)
                  2002a018    00000024     release_pem4.oem4 (.const:ti_sysbios_gates_GateMutex_Module__FXNS__C)
                  2002a03c    00000024     release_pem4.oem4 (.const:ti_sysbios_heaps_HeapMem_Object__PARAMS__C)
                  2002a060    00000024     release_pem4.oem4 (.const:ti_sysbios_knl_Clock_Object__PARAMS__C)
                  2002a084    00000024     release_pem4.oem4 (.const:ti_sysbios_knl_Semaphore_Object__PARAMS__C)
                  2002a0a8    00000021     drivers_cc32xx.aem4 : GPIOCC32XX.oem4 (.const:.string:pinTable)
                  2002a0c9    00000001     release_pem4.oem4 (.const:ti_sysbios_knl_Clock_tickSource__C)
                  2002a0ca    00000002     release_pem4.oem4 (.const:ti_sysbios_family_arm_m3_Timer_Module__id__C)
                  2002a0cc    00000020     simplelink.a : driver.obj (.const:RxMsgClassLUT)
                  2002a0ec    00000020     drivers_cc32xx.aem4 : SPI.oem4 (.const:SPI_defaultParams)
                  2002a10c    00000020     simplelink.a : device.obj (.const:StartResponseLUT)
                  2002a12c    00000020     drivers_cc32xx.aem4 : UARTCC32XX.oem4 (.const:staticFxnTable)
                  2002a14c    00000020     release_pem4.oem4 (.const:ti_sysbios_family_arm_m3_Hwi_Object__DESC__C)
                  2002a16c    00000020     release_pem4.oem4 (.const:ti_sysbios_gates_GateHwi_Object__DESC__C)
                  2002a18c    00000020     release_pem4.oem4 (.const:ti_sysbios_gates_GateMutex_Object__DESC__C)
                  2002a1ac    00000020     release_pem4.oem4 (.const:ti_sysbios_heaps_HeapMem_Object__DESC__C)
                  2002a1cc    00000020     release_pem4.oem4 (.const:ti_sysbios_knl_Clock_Object__DESC__C)
                  2002a1ec    00000020     release_pem4.oem4 (.const:ti_sysbios_knl_Queue_Object__DESC__C)
                  2002a20c    00000020     release_pem4.oem4 (.const:ti_sysbios_knl_Semaphore_Object__DESC__C)
                  2002a22c    00000020     release_pem4.oem4 (.const:ti_sysbios_knl_Task_Object__DESC__C)
                  2002a24c    00000020     release_pem4.oem4 (.const:xdc_runtime_Startup_sfxnTab__A)
[...]
2002d144  ping_t_optionDetailsStr                                         
2002d148  sendDetailsStr                                                  
2002d14c  recvUsage1Str                                                   
2002d150  recvUsage2Str                                                   
2002d154  recvDetailsStr                                                  
2002d158  recv_c_optionDetailsStr                                         
2002d15c  recv_s_optionDetailsStr                                         
2002d160  recv_u_optionDetailsStr                                         
2002d164  recv_p_optionDetailsStr                                         
2002d168  recv_nb_optionDetailsStr                                        
2002d16c  recv_6_optionDetailsStr                                         
2002d170  creteFilterDetailsStr                                           
2002d174  createFilter_f_optionDetailsStr                                 
2002d178  createFilter_v_optionDetailsStr                                 
2002d17c  createFilter_e_optionDetailsStr                                 
2002d180  createFilter_a_optionDetailsStr                                 
2002d184  createFilter_m_optionDetailsStr                                 
2002d188  createFilter_o_optionDetailsStr                                 
2002d18c  createFilter_i_optionDetailsStr                                 
2002d190  enableFilterDetailsStr                                          
2002d194  disableFilterDetailsStr                                         
2002d198  deleteFilterDetailsStr                                          
2002d19c  enableWoWLANDetailsStr                                          
2002d1a0  enableWoWLAN_v_optionDetailsStr                                 
2002d1a4  enableWoWLAN_u_optionDetailsStr                                 
2002d1a8  enableWoWLAN_i_optionDetailsStr                                 
2002d1ac  enableWoWLAN_Note_optionDetailsStr                              
2002d1b0  mDNSAdvertiseDetailsStr                                         
2002d1b4  mDNSAdvertise_n_optionDetailsStr                                
2002d1b8  mDNSAdvertise_so_optionDetailsStr                               
2002d1bc  mDNSAdvertise_st_optionDetailsStr                               
2002d1c0  mDNSAdvertise_ttl_optionDetailsStr                              
2002d1c4  mDNSAdvertise_t_optionDetailsStr                                
2002d1c8  mDNSAdvertise_p_optionDetailsStr                                
2002d1cc  mDNSdQueryDetailsStr                                            
2002d1d0  mDNSdQuery_n_optionDetailsStr                                   
2002d1d4  mDNSdQuery_st_optionDetailsStr                                  
2002d1d8  mDNSdQuery_so_optionDetailsStr                                  
2002d1dc  mDNSdQuery_o_optionDetailsStr                                   
2002d1e0  TxtaskDetailsStr                                                
2002d1e4  Txtask_tx_optionDetailsStr                                      
2002d1e8  Txtask_tx1_optionDetailsStr                                     
2002d1ec  Txtask_tx2_optionDetailsStr                                     
2002d1f0  Txtask_tx3_optionDetailsStr                                     
2002d1f4  Txtask_t_optionDetailsStr                                       
2002d1f8  Txtask_c_optionDetailsStr                                       
2002d1fc  Txtask_m_optionDetailsStr                                       
2002d200  Txtask_m1_optionDetailsStr                                      
2002d204  Txtask_m2_optionDetailsStr                                      
2002d208  Txtask_m3_optionDetailsStr                                      
2002d20c  Txtask_m4_optionDetailsStr                                      
2002d210  Txtask_m5_optionDetailsStr                                      
2002d214  Txtask_m6_optionDetailsStr                                      
2002d218  Txtask_m7_optionDetailsStr                                      
2002d21c  Txtask_m8_optionDetailsStr                                      
2002d220  Txtask_m9_optionDetailsStr                                      
2002d224  Txtask_m10_optionDetailsStr                                     
2002d228  Txtask_m11_optionDetailsStr                                     
2002d22c  Txtask_m12_optionDetailsStr                                     
2002d230  Txtask_m13_optionDetailsStr                                     
2002d234  Txtask_m14_optionDetailsStr                                     
2002d238  Txtask_m15_optionDetailsStr                                     
2002d23c  Txtask_m16_optionDetailsStr                                     
2002d240  Txtask_m17_optionDetailsStr                                     
2002d244  Txtask_m18_optionDetailsStr                                     
2002d248  Txtask_m19_optionDetailsStr                                     
2002d24c  Txtask_m20_optionDetailsStr                                     
2002d250  Txtask_m21_optionDetailsStr                                     
2002d254  Txtask_txp_optionDetailsStr                                     
2002d258  Txtask_txp0_optionDetailsStr                                    
2002d25c  Txtask_p_optionDetailsStr                                       
2002d260  Txtask_p0_optionDetailsStr                                      
2002d264  Txtask_p1_optionDetailsStr                                      
2002d268  Txtask_p2_optionDetailsStr                                      
2002d26c  Txtask_p3_optionDetailsStr                                      
2002d270  Txtask_p4_optionDetailsStr                                      
2002d274  Txtask_tone_optionDetailsStr                                    
2002d278  Txtask_d_optionDetailsStr                                       
2002d27c  Txtask_dp_optionDetailsStr                                      
2002d280  Txtask_dp0_optionDetailsStr                                     
2002d284  Txtask_dp1_optionDetailsStr                                     
2002d288  Txtask_dp2_optionDetailsStr                                     
2002d28c  Txtask_dp3_optionDetailsStr                                     
2002d290  Txtask_cca_optionDetailsStr                                     
2002d294  Txtask_s_optionDetailsStr                                       
2002d298  Txtask_a_optionDetailsStr                                       
2002d29c  cca_th_optionDetailStr                                          
2002d2a0  cca_th1_optionDetailStr                                         
2002d2a4  cca_th2_optionDetailStr                                         
2002d2a8  cca_th3_optionDetailStr                                         
2002d2ac  cca_th4_optionDetailStr                                         
2002d2b0  cca_th5_optionDetailStr                                         
2002d2b4  cca_th6_optionDetailStr                                         
2002d2b8  RxtaskDetailsStr                                                
2002d2bc  Rxtask_c_optionDetailsStr                                       
2002d2c0  Rxtask_d_optionDetailsStr                                       
2002d2c4  Rxtask_s_optionDetailsStr                                       
2002d2c8  p2pStartDetailsStr                                              
2002d2cc  p2pStopDetailsStr                                               
2002d2d0  PowerCC32XX_module                                              
2002d43c  gCmdList                                                        
2002d544  parkInfo                                                        
2002d63c  ap_start_UsageStr                                               
2002d6e8  wlanConnectUsageStr                                             
2002d77f  createFilterUsageStr                                            
2002d80c  mDNSAdvertiseUsageStr                                           
2002d893  setPolicyUsageStr                                               
2002d916  space_str                                                       
2002d918  ti_sysbios_knl_Swi_Module_State_0_readyQ__A                     
2002d998  ti_sysbios_knl_Task_Module_State_0_readyQ__A                    
2002da18  send_c_optionDetailsStr                                         
2002da92  ti_sysbios_family_arm_m3_Hwi_Module_State_0_excActive__A        
2002db08  pingUsageStr                                                    
2002db78  recv_Note_optionDetailsStr                                      
2002dbd6  sendUsage1Str                                                   
2002dc33  mDNSdQueryUsageStr                                              
2002dc8a  sendUsage2Str                                                   
2002dcd8  ti_sysbios_knl_Task_Object__table__V                            
2002dd24  enableWoWLANUsageStr                                            
2002dd6c  ti_sysbios_knl_Task_Module__state__V                            
2002ddb0  DataFrames_str                                                  
2002ddf0  radiotoolDetailsStr                                             
2002de2b  send_p_optionDetailsStr                                         
2002de66  send_nb_optionDetailsStr                                        
2002de9f  send_n_optionDetailsStr                                         
2002ded8  ti_sysbios_gates_GateMutex_Object__table__V                     
2002df10  send_n_r_optionDetailsStr                                       
2002df48  ti_sysbios_family_arm_m3_Hwi_Module__state__V                   
2002df7c  MangmentFrames_str                                              
2002dfac  ti_sysbios_family_arm_m3_Timer_Object__table__V                 
2002dfdc  ti_sysbios_knl_Swi_Object__table__V                             
2002e00c  ti_sysbios_knl_Clock_Module__state__V                           
2002e038  scanUsageStr                                                    
2002e060  g_LibsEvents                                                    
2002e084  g_UserEvents                                                    
2002e0a8  ti_sysbios_BIOS_Module__state__V                                
2002e0cc  send_6_optionDetailsStr                                         
2002e0f0  CtrlFrames_str                                                  
2002e110  send_u_optionDetailsStr                                         
2002e130  xdc_runtime_Error_IgnoreBlock                                   
2002e150  ti_sysbios_knl_Swi_Module__state__V                             
2002e16c  send_s_optionDetailsStr                                         
2002e187  Template_Hdr                                                    
2002e1a1  V_optionStr                                                     
2002e1a4  ti_sysbios_family_arm_m3_Hwi_Object__table__V                   
2002e1bc  ti_sysbios_heaps_HeapMem_Object__table__V                       
2002e1d4  ConnectedStationsStr                                            
2002e1e7  helpUsageStr                                                    
2002e1fa  radiotool_PromptStr                                             
2002e20c  DataFrames                                                      
2002e22c  wlanDisconnectStr                                               
2002e23b  FRAME_SUBTYPE_str                                               
2002e249  ap_start_str                                                    
2002e257  disableFilterStr                                                
2002e265  mDNSAdvertiseStr                                                
2002e273  ap_stop_str                                                     
2002e280  createFilterStr                                                 
2002e28d  deleteFilterStr                                                 
2002e29a  enableFilterStr                                                 
2002e2a7  enableWoWLANStr                                                 
2002e2b4  ConnectedStationsUsageStr                                       
2002e2c0  MgmtFrames                                                      
2002e2cc  ap_stop_UsageStr                                                
2002e2d8  gpioPinConfigs                                                  
2002e2e4  gGlobalLockCntRequested                                         
2002e2e5  gGlobalLockCntReleased                                          
2002e2e6  g_SlDeviceStatus                                                
2002e2e8  g_pCB                                                           
2002e2ec  pPingCallBackFunc                                               
2002e2f0  ti_sysbios_family_arm_m3_Timer_Module__state__V                 
2002e2fc  wlanConnectStr                                                  
2002e308  wlanDisconnectUsageStr                                          
2002e314  FRAME_TYPE_str                                                  
2002e31f  usageStr                                                        
2002e32a  mDNSQueryStr                                                    
2002e334  radiotool_Str                                                   
2002e33e  setPolicyStr                                                    
2002e348  WPAWPA2_str                                                     
2002e351  a_optionStr                                                     
2002e35d  p2pStartcmdStr                                                  
2002e368  _lock                                                           
2002e36c  _unlock                                                         
2002e370  CtrlFrames                                                      
2002e378  PATTERN_str                                                     
2002e388  gpioCallbackFunctions                                           
2002e390  gMaxCmd                                                         
2002e394  gSpawn_thread                                                   
2002e398  p2pStopcmdStr                                                   
2002e3a0  ti_sysbios_family_arm_cc32xx_Seconds_Module__state__V           
2002e3a8  ti_sysbios_family_arm_m3_Hwi_Module__root__V                    
2002e3b0  ti_sysbios_gates_GateHwi_Module__root__V                        
2002e3b8  ti_sysbios_gates_GateMutex_Module__root__V                      
2002e3c0  ti_sysbios_heaps_HeapMem_Module__root__V                        
2002e3c8  ti_sysbios_knl_Clock_Module__root__V                            
2002e3d0  ti_sysbios_knl_Queue_Module__root__V                            
2002e3d8  ti_sysbios_knl_Semaphore_Module__root__V                        
2002e3e0  ti_sysbios_knl_Task_Module__root__V                             
2002e3e8  xdc_runtime_Startup_Module__state__V                            
2002e3f0  xdc_runtime_System_Module_State_0_atexitHandlers__A             
2002e3f8  xdc_runtime_System_Module__state__V                             
2002e400  BSSID_str                                                       
2002e406  DESTINATION_MAC_str                                             
2002e40c  SOURCE_MAC_str                                                  
2002e412  clearStr                                                        
2002e418  cmdPromptStr                                                    
2002e41e  help_optionStr                                                  
2002e424  D_IP_str                                                        
2002e429  OPEN_str                                                        
2002e42e  S_IP_str                                                        
2002e433  WPA2_str                                                        
2002e438  dns_optionStr                                                   
2002e43d  ent_optionStr                                                   
2002e442  helpStr                                                         
2002e447  pingStr                                                         
2002e44c  recvStr                                                         
2002e451  scanStr                                                         
2002e456  sendStr                                                         
2002e45b  ttl_optionStr                                                   
2002e460  txpow_optionStr                                                 
2002e465  WEP_str                                                         
2002e469  WPA_str                                                         
2002e46d  WPS_str                                                         
2002e471  gw_optionStr                                                    
2002e475  ip_optionStr                                                    
2002e479  nb_optionStr                                                    
2002e47d  c_optionStr                                                     
2002e480  errno                                                           
2002e484  main_func_sp                                                    
2002e48c  g_intHandle                                                     
2002e490  so_optionStr                                                    
2002e494  st_optionStr                                                    
2002e498  ti_sysbios_family_arm_m3_Hwi_Module_State_0_excContext__A       
2002e49c  ti_sysbios_family_arm_m3_Hwi_Module_State_0_excStack__A         
2002e4a0  ti_sysbios_gates_GateHwi_Object__table__V                       
2002e4a4  ti_sysbios_knl_Task_Module_State_0_idleTask__A                  
2002e4a8  ti_sysbios_rts_ti_ReentSupport_Module__state__V                 
2002e4ac  xdc_runtime_Memory_Module__state__V                             
2002e4b0  e_optionStr                                                     
2002e4b3  f_optionStr                                                     
2002e4b6  h_optionStr                                                     
2002e4b9  i_optionStr                                                     
2002e4bc  l_optionStr                                                     
2002e4bf  lineBreak                                                       
2002e4c2  m_optionStr                                                     
2002e4c5  n_optionStr                                                     
2002e4c8  o_optionStr                                                     
2002e4cb  p_optionStr                                                     
2002e4ce  r_optionStr                                                     
2002e4d1  s_optionStr                                                     
2002e4d4  t_optionStr                                                     
2002e4d7  u_optionStr                                                     
2002e4da  v_optionStr                                                     
2002e4e0  __TI_static_base__                                              
2002f020  __TI_Handler_Table_Base                                         
2002f02c  __TI_Handler_Table_Limit                                        
2002f038  __TI_CINIT_Base                                                 
2002f048  __TI_CINIT_Limit                                                
e000e000  ti_sysbios_family_arm_m3_Hwi_nvic                               
ffffffff  __TI_pprof_out_hndl                                             
ffffffff  __TI_prof_data_size                                             
ffffffff  __TI_prof_data_start                                            
ffffffff  __binit__                                                       
ffffffff  __c_args__                                                      
ffffffff  binit                                                           
UNDEFED   SHT$$INIT_ARRAY$$Base                                           
UNDEFED   SHT$$INIT_ARRAY$$Limit                                          

[1161 symbols]
