******************************************************************************
                  TI ARM Linker PC v16.9.6                     
******************************************************************************
>> Linked Thu Apr 19 15:16:50 2018

OUTPUT FILE NAME:   <empty_CC3220S_LAUNCHXL_tirtos_ccs.out>
ENTRY POINT SYMBOL: "_c_int00"  address: 20014629


MEMORY CONFIGURATION

         name            origin    length      used     unused   attr    fill
----------------------  --------  ---------  --------  --------  ----  --------
  SRAM0                 20000000   00008000  00002348  00005cb8  RW X
  SRAM                  20008000   00038000  0001a126  0001deda  RW X


SEGMENT ALLOCATION MAP

run origin  load origin   length   init length attrs members
----------  ----------- ---------- ----------- ----- -------
20004000    20004000    0000003c   0000003c    r--
  20004000    20004000    0000003c   0000003c    r-- .resetVecs
20006000    20006000    00002000   00000000    rw-
  20006000    20006000    00002000   00000000    rw- .stack
20008000    20008000    00017500   0000e4fa    r-x
  20008000    20008000    0000e4fa   0000e4fa    r-x .text
  20016500    20016500    00009000   00000000    r-- .priheap
2001f500    2001f500    00000268   00000268    r--
  2001f500    2001f500    00000268   00000268    r-- .cinit
2001f800    2001f800    0000174e   00000000    rw-
  2001f800    2001f800    0000174e   00000000    rw- .bss
20020f50    20020f50    00000b5c   00000b5c    r--
  20020f50    20020f50    00000b5c   00000b5c    r-- .const
20021aac    20021aac    0000071a   00000000    rw-
  20021aac    20021aac    0000071a   00000000    rw- .data


SECTION ALLOCATION MAP

 output                                  attributes/
section   page    origin      length       input sections
--------  ----  ----------  ----------   ----------------
.vecs      0    20000000    0000030c     NOLOAD SECTION
                  20000000    0000030c     release_pem4.oem4 (.vecs)

.resetVecs 
*          0    20004000    0000003c     
                  20004000    0000003c     release_pem4.oem4 (.resetVecs)

.stack     0    20006000    00002000     UNINITIALIZED
                  20006000    00002000     --HOLE--

.text      0    20008000    0000e4fa     
                  20008000    00001122     rtsv7M4_T_le_eabi.lib : _printfi.obj (.text)
                  20009122    00000002     drivers_cc32xx.aem4 : UARTCC32XX.oem4 (.text:UARTCC32XX_init)
                  20009124    00000880     simplelink.a : driver.obj (.text:_SlDrvMsgRead)
                  200099a4    0000055c     empty.obj (.text:mainThread)
                  20009f00    0000042c     driverlib.a : prcm.obj (.text:PRCMCC3200MCUInit)
                  2000a32c    0000040c     simplelink.a : sl_socket.obj (.text:_SlSocketHandleAsync_Select)
                  2000a738    00000384                  : driver.obj (.text:_SlDrvMsgWrite)
                  2000aabc    000002d8                  : driver.obj (.text:_SlDrvRxHdrRead)
                  2000ad94    0000027c                  : wlan.obj (.text:sl_WlanConnect)
                  2000b010    00000270     drivers_cc32xx.aem4 : UARTCC32XX.oem4 (.text:UARTCC32XX_open)
                  2000b280    0000024c     empty.obj (.text:IsAllowed)
                  2000b4cc    00000244     rtsv7M4_T_le_eabi.lib : vla_alloc.obj (.text)
                  2000b710    00000208     simplelink.a : driver.obj (.text:_SlDrvDriverCBInit)
                  2000b918    000001fc                  : driver.obj (.text:_SlDrvDataReadOp)
                  2000bb14    000001f4     rtsv7M4_T_le_eabi.lib : ull_div_t2.obj (.text)
                  2000bd08    000001f2     simplelink.a : netapp.obj (.text:_SlNetAppEventHandler)
                  2000befa    00000002     release_pem4.oem4 (.text:ti_sysbios_BIOS_nullFunc__I)
                  2000befc    000001db     empty.obj (.text:ConfigureSimpleLinkToDefaultState)
                  2000c0d7    00000001     --HOLE-- [fill = 0]
                  2000c0d8    000001d8     simplelink.a : driver.obj (.text:_SlDrvReleasePoolObj)
                  2000c2b0    000001d0     drivers_cc32xx.aem4 : SPICC32XXDMA.oem4 (.text:SPICC32XXDMA_transfer)
                  2000c480    000001cc                         : GPIOCC32XX.oem4 (.text:GPIO_setConfig)
                  2000c64c    000001c8     empty.obj (.text:SimpleLinkWlanEventHandler)
                  2000c814    000001bc     simplelink.a : driver.obj (.text:_SlDrvMsgReadCmdCtx)
                  2000c9d0    000001b8     dpl_cc32xx.aem4 : PowerCC32XX_tirtos.oem4 (.text:PowerCC32XX_sleepPolicy)
                  2000cb88    000001b6     rtsv7M4_T_le_eabi.lib : fd_add_t2.obj (.text)
                  2000cd3e    00000002     release_pem4.oem4 (.text:xdc_runtime_Startup_reset__I)
                  2000cd40    0000019c     simplelink.a : driver.obj (.text:_SlDrvWaitForPoolObj)
                  2000cedc    0000019a     PN532.obj (.text:DetectPassiveTarget)
                  2000d076    00000002     --HOLE-- [fill = 0]
                  2000d078    0000018c     simplelink.a : sl_socket.obj (.text:sl_Connect)
                  2000d204    00000180                  : driver.obj (.text:_SlDrvDataWriteOp)
                  2000d384    00000180     drivers_cc32xx.aem4 : SPICC32XXDMA.oem4 (.text:configDMA)
                  2000d504    0000017c     simplelink.a : spawn.obj (.text:_SlInternalSpawnTaskEntry)
                  2000d680    00000174                  : driver.obj (.text:_SlDrvFindAndSetActiveObj)
                  2000d7f4    0000016c     empty.obj (.text:initAppVariables)
                  2000d960    0000016c     simplelink.a : device.obj (.text:sl_Stop)
                  2000dacc    00000158     drivers_cc32xx.aem4 : SPICC32XXDMA.oem4 (.text:SPICC32XXDMA_open)
                  2000dc24    00000004     dpl_cc32xx.aem4 : ClockP_tirtos.oem4 (.text:ClockP_getCpuFreq)
                  2000dc28    00000154     sysbios.aem4 : BIOS.obj (.text:ti_sysbios_knl_Task_Instance_finalize__E)
                  2000dd7c    00000150     simplelink.a : driver.obj (.text:_SlDrvDriverCBDeinit)
                  2000decc    00000150     drivers_cc32xx.aem4 : PowerCC32XX.oem4 (.text:parkPins)
                  2000e01c    00000144     PN532.obj (.text:GetFirmwareVersion)
                  2000e160    00000138     simplelink.a : driver.obj (.text:_SlDrvAsyncEventGenericHandler)
                  2000e298    00000136     rtsv7M4_T_le_eabi.lib : fd_div_t2.obj (.text)
                  2000e3ce    00000002     --HOLE-- [fill = 0]
                  2000e3d0    00000130     simplelink.a : sl_socket.obj (.text:_SlDrvGetNextTimeoutValue)
                  2000e500    00000130     sysbios.aem4 : BIOS.obj (.text:ti_sysbios_knl_Semaphore_pend__E)
                  2000e630    00000128     simplelink.a : driver.obj (.text:_SlDrvClassifyRxMsg)
                  2000e758    00000124                  : device.obj (.text:sl_Start)
                  2000e87c    00000120     drivers_cc32xx.aem4 : UARTCC32XX.oem4 (.text:UARTCC32XX_close)
                  2000e99c    0000011e     PN532.obj (.text:ConfigureSAM)
                  2000eaba    00000006     dpl_cc32xx.aem4 : ClockP_tirtos.oem4 (.text:ClockP_Params_init)
                  2000eac0    0000011c     sysbios.aem4 : BIOS.obj (.text:xdc_runtime_Startup_startMods__I)
                  2000ebdc    00000118     drivers_cc32xx.aem4 : PowerCC32XX.oem4 (.text:Power_sleep)
                  2000ecf4    00000114     simplelink.a : netapp.obj (.text:_SlNetAppHandleAsync_DnsGetHostByService)
                  2000ee08    00000110     sysbios.aem4 : BIOS.obj (.text:ti_sysbios_knl_Task_postInit__I)
                  2000ef18    0000010c     PN532.obj (.text:WriteFramePN532)
                  2000f024    0000010c     simplelink.a : driver.obj (.text:_SlDrvMsgReadSpawnCtx)
                  2000f130    0000010c                  : sl_socket.obj (.text:sl_Close)
                  2000f23c    00000104                  : device.obj (.text:_SlDeviceEventHandler)
                  2000f340    00000104                  : driver.obj (.text:_SlDrvCmdOp)
                  2000f444    00000104                  : driver.obj (.text:_SlDrvObjGlobalLockWaitForever)
                  2000f548    000000fc     rtsv7M4_T_le_eabi.lib : fd_mul_t2.obj (.text)
                  2000f644    000000f2     drivers_cc32xx.aem4 : SPICC32XXDMA.oem4 (.text:SPICC32XXDMA_transferCancel)
                  2000f736    000000ee                         : UARTCC32XX.oem4 (.text:UARTCC32XX_control)
                  2000f824    000000ec     PN532.obj (.text:SendCommandAndACK)
                  2000f910    000000ec     empty.obj (.text:StartWiFi)
                  2000f9fc    00000004     dpl_cc32xx.aem4 : ClockP_tirtos.oem4 (.text:ClockP_setTimeout)
                  2000fa00    000000ec     sysbios.aem4 : BIOS.obj (.text:pthread_create)
                  2000faec    00000004     dpl_cc32xx.aem4 : ClockP_tirtos.oem4 (.text:ClockP_start)
                  2000faf0    000000ec     sysbios.aem4 : BIOS.obj (.text:ti_sysbios_knl_Task_Instance_init__E)
                  2000fbdc    000000e8     PN532.obj (.text:ReadSPI)
                  2000fcc4    000000d8     simplelink.a : netapp.obj (.text:_SlNetAppHandleAsync_NetAppReceive)
                  2000fd9c    000000d0     drivers_cc32xx.aem4 : SPICC32XXDMA.oem4 (.text:SPICC32XXDMA_close)
                  2000fe6c    000000d0     rtsv7M4_T_le_eabi.lib : s_scalbn.obj (.text)
                  2000ff3c    00000004     dpl_cc32xx.aem4 : ClockP_tirtos.oem4 (.text:ClockP_stop)
                  2000ff40    000000d0     sysbios.aem4 : BIOS.obj (.text:ti_sysbios_heaps_HeapMem_alloc__E)
                  20010010    000000cc                  : m3_Hwi_asm.obj (.text:ti_sysbios_family_arm_m3_Hwi_dispatch__I)
                  200100dc    000000c8     drivers_cc32xx.aem4 : SPICC32XXDMA.oem4 (.text:spiHwiFxn)
                  200101a4    000000c4                         : GPIOCC32XX.oem4 (.text:GPIO_init)
                  20010268    000000c4     simplelink.a : driver.obj (.text:_SlDrvRemoveFromList)
                  2001032c    00000004     dpl_cc32xx.aem4 : HwiP_tirtos.oem4 (.text:HwiP_clearInterrupt)
                  20010330    000000c4     sysbios.aem4 : BIOS.obj (.text:ti_sysbios_knl_Task_sleep__E)
                  200103f4    000000c0     simplelink.a : cc_pal.obj (.text:NwpPowerOff)
                  200104b4    000000c0     drivers_cc32xx.aem4 : UARTCC32XX.oem4 (.text:UARTCC32XX_write)
                  20010574    000000c0     simplelink.a : spawn.obj (.text:_SlInternalSpawn)
                  20010634    000000bc                  : netapp.obj (.text:_SlNetAppSendResponse)
                  200106f0    000000bc                  : sl_socket.obj (.text:sl_Send)
                  200107ac    00000004     dpl_cc32xx.aem4 : HwiP_tirtos.oem4 (.text:HwiP_disable)
                  200107b0    000000bc     sysbios.aem4 : BIOS.obj (.text:xdc_runtime_Core_createObject__I)
                  2001086c    000000b8     drivers_cc32xx.aem4 : UARTCC32XX.oem4 (.text:initHw)
                  20010924    000000b8                         : UARTCC32XX.oem4 (.text:readIsrTextBlocking)
                  200109dc    00000004     dpl_cc32xx.aem4 : HwiP_tirtos.oem4 (.text:HwiP_disableInterrupt)
                  200109e0    000000b8     sysbios.aem4 : BIOS.obj (.text:ti_sysbios_knl_Task_exit__E)
                  20010a98    000000b4     drivers_cc32xx.aem4 : UARTCC32XX.oem4 (.text:UARTCC32XX_readPolling)
                  20010b4c    000000b4     PN532.obj (.text:WriteSPI)
                  20010c00    000000b4     drivers_cc32xx.aem4 : PowerCC32XX.oem4 (.text:restoreParkedPins)
                  20010cb4    000000b0     simplelink.a : device.obj (.text:_SlDeviceHandleAsync_InitComplete)
                  20010d64    000000b0                  : driver.obj (.text:_SlDrvHandleFatalError)
                  20010e14    000000ae     drivers_cc32xx.aem4 : UARTCC32XX.oem4 (.text:readIsrTextCallback)
                  20010ec2    00000002     --HOLE-- [fill = 0]
                  20010ec4    000000aa     uart_term.obj (.text:Report)
                  20010f6e    000000aa     drivers_cc32xx.aem4 : UARTCC32XX.oem4 (.text:readTaskBlocking)
                  20011018    000000a8                         : PowerCC32XX.oem4 (.text:PowerCC32XX_configureWakeup)
                  200110c0    000000a4     sysbios.aem4 : BIOS.obj (.text:ti_sysbios_knl_Task_setPri__E)
                  20011164    000000a2     drivers_cc32xx.aem4 : UARTCC32XX.oem4 (.text:writeData)
                  20011206    00000002     --HOLE-- [fill = 0]
                  20011208    000000a0     simplelink.a : sl_socket.obj (.text:_SlSocketHandleAsync_StartTLS)
                  200112a8    000000a0     auto_init.aem4 : auto_init.oem4 (.text)
                  20011348    0000009e     simplelink.a : cc_pal.obj (.text:spi_Read)
                  200113e6    0000009e                  : cc_pal.obj (.text:spi_Write)
                  20011484    00000004     dpl_cc32xx.aem4 : HwiP_tirtos.oem4 (.text:HwiP_enableInterrupt)
                  20011488    0000009c     sysbios.aem4 : BIOS.obj (.text:_pthread_removeThreadKeys)
                  20011524    0000009c     drivers_cc32xx.aem4 : SPICC32XXDMA.oem4 (.text:initHw)
                  200115c0    0000009c     rtsv7M4_T_le_eabi.lib : memcpy_t2.obj (.text)
                  2001165c    00000098     PN532.obj (.text:InDataExchange)
                  200116f4    00000098     simplelink.a : netutil.obj (.text:_SlNetUtilHandleAsync_Cmd)
                  2001178c    00000098     drivers_cc32xx.aem4 : GPIOCC32XX.oem4 (.text:powerNotifyFxn)
                  20011824    00000004                         : List.oem4 (.text:List_head)
                  20011828    00000098     sysbios.aem4 : BIOS.obj (.text:ti_sysbios_family_arm_m3_Hwi_Instance_init__E)
                  200118c0    00000090     simplelink.a : netapp.obj (.text:_SlNetAppHandleAsync_DnsGetHostByName)
                  20011950    00000090                  : netapp.obj (.text:_SlNetAppHandleAsync_PingResponse)
                  200119e0    00000090     drivers_cc32xx.aem4 : PowerCC32XX.oem4 (.text:restoreNVICRegs)
                  20011a70    00000090     sysbios.aem4 : BIOS.obj (.text:ti_sysbios_knl_Task_Module_startup__E)
                  20011b00    00000090                  : BIOS.obj (.text:ti_sysbios_knl_Task_schedule__I)
                  20011b90    00000090                  : BIOS.obj (.text:ti_sysbios_knl_Task_startCore__E)
                  20011c20    0000008c     simplelink.a : driver.obj (.text:_SlDrvDriverIsApiAllowed)
                  20011cac    0000008c     drivers_cc32xx.aem4 : UARTCC32XX.oem4 (.text:readIsrBinaryBlocking)
                  20011d38    0000008c     simplelink.a : sl_socket.obj (.text:sl_Recv)
                  20011dc4    00000088     rtsv7M4_T_le_eabi.lib : vsnprintf.obj (.text)
                  20011e4c    00000004     drivers_cc32xx.aem4 : List.oem4 (.text:List_next)
                  20011e50    00000088     sysbios.aem4 : BIOS.obj (.text:ti_sysbios_family_arm_m3_Hwi_initNVIC__E)
                  20011ed8    00000088                  : BIOS.obj (.text:xdc_runtime_Memory_alloc__E)
                  20011f60    00000086     simplelink.a : driver.obj (.text:_SlDrvIsTimeoutExpired)
                  20011fe6    00000086     rtsv7M4_T_le_eabi.lib : fd_cmp_t2.obj (.text:__aeabi_cdcmple)
                  2001206c    00000086                           : fd_cmp_t2.obj (.text:__aeabi_cdrcmple)
                  200120f2    00000002     --HOLE-- [fill = 0]
                  200120f4    00000084     simplelink.a : sl_socket.obj (.text:_SlSocketHandleAsync_Close)
                  20012178    00000084                  : sl_socket.obj (.text:_SlSocketHandleAsync_Connect)
                  200121fc    00000004     dpl_cc32xx.aem4 : MutexP_tirtos.oem4 (.text:MutexP_lock)
                  20012200    00000084     sysbios.aem4 : BIOS.obj (.text:_pthread_runStub)
                  20012284    00000084     drivers_cc32xx.aem4 : PowerCC32XX.oem4 (.text:saveNVICRegs)
                  20012308    00000084     sysbios.aem4 : BIOS.obj (.text:ti_sysbios_family_arm_m3_Hwi_postInit__I)
                  2001238c    00000004     dpl_cc32xx.aem4 : MutexP_tirtos.oem4 (.text:MutexP_unlock)
                  20012390    00000084     sysbios.aem4 : BIOS.obj (.text:ti_sysbios_heaps_HeapMem_free__E)
                  20012414    00000004     drivers_cc32xx.aem4 : SPICC32XXDMA.oem4 (.text:SPICC32XXDMA_init)
                  20012418    00000084     sysbios.aem4 : BIOS.obj (.text:xdc_runtime_Core_constructObject__I)
                  2001249c    00000080     drivers_cc32xx.aem4 : UARTCC32XX.oem4 (.text:readIsrBinaryCallback)
                  2001251c    0000007c                         : UDMACC32XX.oem4 (.text:UDMACC32XX_open)
                  20012598    0000007a                         : UARTCC32XX.oem4 (.text:readTaskCallback)
                  20012612    0000007a     rtsv7M4_T_le_eabi.lib : memset_t2.obj (.text)
                  2001268c    00000078     drivers_cc32xx.aem4 : GPIOCC32XX.oem4 (.text:GPIO_hwiIntFxn)
                  20012704    00000078                         : PowerCC32XX.oem4 (.text:Power_init)
                  2001277c    00000078     simplelink.a : sl_socket.obj (.text:sl_Socket)
                  200127f4    00000074     drivers_cc32xx.aem4 : UARTCC32XX.oem4 (.text:UARTCC32XX_hwiIntFxn)
                  20012868    00000074     sysbios.aem4 : BIOS.obj (.text:xdc_runtime_Core_deleteObject__I)
                  200128dc    00000070     PN532.obj (.text:InitSPI)
                  2001294c    00000070     driverlib.a : prcm.obj (.text:PRCMHibernateWakeUpGPIOSelect)
                  200129bc    00000004     dpl_cc32xx.aem4 : SemaphoreP_tirtos.oem4 (.text:SemaphoreP_post)
                  200129c0    00000070     sysbios.aem4 : BIOS.obj (.text:ti_sysbios_heaps_HeapMem_initPrimary__I)
                  20012a30    00000070                  : BIOS.obj (.text:ti_sysbios_knl_Clock_workFunc__E)
                  20012aa0    0000006c     simplelink.a : device.obj (.text:_SlDeviceHandleResetRequestInternally)
                  20012b0c    0000006c                  : driver.obj (.text:_SlDrvCmdSend_noLock)
                  20012b78    0000006c                  : netapp.obj (.text:_SlNetAppSendTokenValue)
                  20012be4    00000004     rtsv7M4_T_le_eabi.lib : error.obj (.text)
                  20012be8    0000006c     sysbios.aem4 : BIOS.obj (.text:ti_sysbios_knl_Swi_restoreHwi__E)
                  20012c54    00000068     simplelink.a : device.obj (.text:_SlDeviceHandleAsync_Stop)
                  20012cbc    00000068                  : sl_socket.obj (.text:_SlSocketHandleAsync_Accept)
                  20012d24    00000068     rtsv7M4_T_le_eabi.lib : copy_decompress_lzss.obj (.text:decompress:lzss)
                  20012d8c    00000068     main_tirtos.obj (.text:main)
                  20012df4    00000066     drivers_cc32xx.aem4 : UARTCC32XX.oem4 (.text:UARTCC32XX_writeCancel)
                  20012e5a    00000066     PN532.obj (.text:frameCheck)
                  20012ec0    00000064     drivers_cc32xx.aem4 : PowerCC32XX.oem4 (.text:PowerCC32XX_setParkState)
                  20012f24    00000004     release_pem4.oem4 (.text:ti_sysbios_BIOS_RtsGateProxy_enter__E)
                  20012f28    00000064     sysbios.aem4 : BIOS.obj (.text:ti_sysbios_family_arm_m3_Hwi_dispatchC__I)
                  20012f8c    00000004     release_pem4.oem4 (.text:ti_sysbios_BIOS_RtsGateProxy_leave__E)
                  20012f90    00000064     sysbios.aem4 : BIOS.obj (.text:ti_sysbios_knl_Semaphore_post__E)
                  20012ff4    00000062     drivers_cc32xx.aem4 : UARTCC32XX.oem4 (.text:UARTCC32XX_writePolling)
                  20013056    00000002     --HOLE-- [fill = 0]
                  20013058    00000060     driverlib.a : prcm.obj (.text:PRCMSysResetCauseGet)
                  200130b8    00000060     rtsv7M4_T_le_eabi.lib : sprintf.obj (.text)
                  20013118    0000005e     PN532.obj (.text:SwapEndian)
                  20013176    0000005c     PN532.obj (.text:CheckACK)
                  200131d2    00000002     --HOLE-- [fill = 0]
                  200131d4    0000005c     drivers_cc32xx.aem4 : PowerCC32XX.oem4 (.text:Power_setDependency)
                  20013230    0000005c     rtsv7M4_T_le_eabi.lib : s_frexp.obj (.text)
                  2001328c    00000004     release_pem4.oem4 (.text:ti_sysbios_family_arm_m3_Hwi_delete)
                  20013290    0000005c     sysbios.aem4 : BIOS.obj (.text:ti_sysbios_family_arm_m3_Timer_start__E)
                  200132ec    00000004     release_pem4.oem4 (.text:ti_sysbios_family_arm_m3_TaskSupport_Module__startupDone__S)
                  200132f0    0000005c     sysbios.aem4 : BIOS.obj (.text:ti_sysbios_knl_Swi_run__I)
                  2001334c    00000004     release_pem4.oem4 (.text:ti_sysbios_gates_GateMutex_delete)
                  20013350    0000005c     sysbios.aem4 : BIOS.obj (.text:ti_sysbios_knl_Swi_schedule__I)
                  200133ac    00000004     release_pem4.oem4 (.text:ti_sysbios_heaps_HeapMem_Module_GateProxy_enter__E)
                  200133b0    0000005c     sysbios.aem4 : BIOS.obj (.text:ti_sysbios_knl_Task_unblockI__E)
                  2001340c    00000004     release_pem4.oem4 (.text:ti_sysbios_heaps_HeapMem_Module_GateProxy_leave__E)
                  20013410    0000005c     sysbios.aem4 : BIOS.obj (.text:xdc_runtime_Startup_exec__E)
                  2001346c    00000058     drivers_cc32xx.aem4 : GPIOCC32XX.oem4 (.text:GPIO_setCallback)
                  200134c4    00000058                         : GPIOCC32XX.oem4 (.text:GPIO_write)
                  2001351c    00000058     driverlib.a : prcm.obj (.text:PRCMPeripheralReset)
                  20013574    00000058     drivers_cc32xx.aem4 : PowerCC32XX.oem4 (.text:Power_releaseDependency)
                  200135cc    00000058     simplelink.a : sl_socket.obj (.text:_SlDrvClearCtrlSocket)
                  20013624    00000054     uart_term.obj (.text:InitTerm)
                  20013678    00000054     rtsv7M4_T_le_eabi.lib : exit.obj (.text)
                  200136cc    00000054                           : ltoa.obj (.text)
                  20013720    00000054     release_pem4.oem4 (.text:ti_sysbios_family_arm_m3_Hwi_create)
                  20013774    00000004     release_pem4.oem4 (.text:ti_sysbios_knl_Clock_TimerProxy_getMaxTicks__E)
                  20013778    00000054     sysbios.aem4 : BIOS.obj (.text:ti_sysbios_family_arm_m3_Timer_setPeriod__E)
                  200137cc    00000004     release_pem4.oem4 (.text:ti_sysbios_knl_Clock_TimerProxy_setPeriodMicroSecs__E)
                  200137d0    00000054     sysbios.aem4 : BIOS.obj (.text:xdc_runtime_Core_assignLabel__I)
                  20013824    00000052     drivers_cc32xx.aem4 : PowerCC32XX.oem4 (.text:PowerCC32XX_parkPin)
                  20013876    00000052                         : PowerCC32XX_asm.oem4 (.text:PowerCC32XX_resumeLPDS)
                  200138c8    00000050     simplelink.a : cc_pal.obj (.text:NwpRegisterInterruptHandler)
                  20013918    00000050                  : driver.obj (.text:_SlDrvRxIrqHandler)
                  20013968    00000050                  : eventreg.obj (.text:_SlNetAppHttpServerHdlr)
                  200139b8    00000050                  : eventreg.obj (.text:_SlNetAppRequestHdlr)
                  20013a08    00000050                  : cc_pal.obj (.text:spi_Open)
                  20013a58    00000050     sysbios.aem4 : BIOS.obj (.text:ti_sysbios_family_arm_m3_Hwi_Module_startup__E)
                  20013aa8    00000050                  : BIOS.obj (.text:ti_sysbios_knl_Clock_Instance_init__E)
                  20013af8    00000050     release_pem4.oem4 (.text:ti_sysbios_knl_Task_create)
                  20013b48    0000004c     drivers_cc32xx.aem4 : GPIOCC32XX.oem4 (.text:GPIO_enableInt)
                  20013b94    0000004c     simplelink.a : cc_pal.obj (.text:NwpWaitForShutDownInd)
                  20013be0    0000004c                  : driver.obj (.text:_SlDrvCmdSend_noWait)
                  20013c2c    0000004c                  : driver.obj (.text:_SlDrvProtectAsyncRespSetting)
                  20013c78    0000004c     drivers_cc32xx.aem4 : PowerCC32XX.oem4 (.text:restorePeriphClocks)
                  20013cc4    0000004c     rtsv7M4_T_le_eabi.lib : atoi.obj (.text)
                  20013d10    0000004c                           : cpy_tbl.obj (.text)
                  20013d5c    0000004c     simplelink.a : wlan.obj (.text:sl_WlanSetMode)
                  20013da8    0000004c     sysbios.aem4 : m3_TaskSupport_asm.obj (.text:ti_sysbios_family_arm_m3_TaskSupport_buildTaskStack)
                  20013df4    00000004     release_pem4.oem4 (.text:ti_sysbios_knl_Clock_TimerProxy_start__E)
                  20013df8    0000004c     sysbios.aem4 : BIOS.obj (.text:ti_sysbios_heaps_HeapMem_getStats__E)
                  20013e44    00000004     release_pem4.oem4 (.text:ti_sysbios_knl_Clock_TimerProxy_stop__E)
                  20013e48    0000004c     sysbios.aem4 : BIOS.obj (.text:ti_sysbios_knl_Swi_runLoop__I)
                  20013e94    00000004     release_pem4.oem4 (.text:ti_sysbios_knl_Clock_delete)
                  20013e98    0000004c     sysbios.aem4 : BIOS.obj (.text:ti_sysbios_knl_Task_allBlockedFunction__I)
                  20013ee4    00000048     dpl_cc32xx.aem4 : ClockP_tirtos.oem4 (.text:ClockP_create)
                  20013f2c    00000048     driverlib.a : flash.obj (.text:FlashDisable)
                  20013f74    00000048                 : prcm.obj (.text:PRCMHibernateWakeupSourceEnable)
                  20013fbc    00000048                 : prcm.obj (.text:PRCMLPDSEnter)
                  20014004    00000048                 : prcm.obj (.text:PRCMPeripheralClkEnable)
                  2001404c    00000048     drivers_cc32xx.aem4 : PowerCC32XX.oem4 (.text:Power_releaseConstraint)
                  20014094    00000048     simplelink.a : eventreg.obj (.text:_SlDeviceFatalErrorEvtHdlr)
                  200140dc    00000048                  : eventreg.obj (.text:_SlDeviceGeneralEvtHdlr)
                  20014124    00000048                  : driver.obj (.text:_SlDrvSyncObjWaitTimeout)
                  2001416c    00000048                  : eventreg.obj (.text:_SlNetAppEvtHdlr)
                  200141b4    00000048                  : eventreg.obj (.text:_SlNetAppRequestMemFree)
                  200141fc    00000048                  : eventreg.obj (.text:_SlSockEvtHdlr)
                  20014244    00000048                  : eventreg.obj (.text:_SlWlanEvtHdlr)
                  2001428c    00000048     rtsv7M4_T_le_eabi.lib : fd_toi_t2.obj (.text)
                  200142d4    00000004     release_pem4.oem4 (.text:ti_sysbios_knl_Semaphore_delete)
                  200142d8    00000048     sysbios.aem4 : BIOS.obj (.text:ti_sysbios_family_arm_m3_Hwi_disableInterrupt__E)
                  20014320    00000048                  : BIOS.obj (.text:ti_sysbios_family_arm_m3_Hwi_enableInterrupt__E)
                  20014368    00000048                  : m3_Hwi_asm_switch.obj (.text:ti_sysbios_family_arm_m3_Hwi_initStacks__E)
                  200143b0    00000048                  : BIOS.obj (.text:ti_sysbios_family_arm_m3_Timer_initDevice__I)
                  200143f8    00000048                  : BIOS.obj (.text:ti_sysbios_knl_Mailbox_Module_startup__E)
                  20014440    00000048                  : BIOS.obj (.text:ti_sysbios_knl_Task_deleteTerminatedTasksFunc__I)
                  20014488    00000046     drivers_cc32xx.aem4 : RingBuf.oem4 (.text:RingBuf_put)
                  200144ce    00000002     --HOLE-- [fill = 0]
                  200144d0    00000046     sysbios.aem4 : BIOS.obj (.text:xdc_runtime_Core_assignParams__I)
                  20014516    00000002     --HOLE-- [fill = 0]
                  20014518    00000044     driverlib.a : prcm.obj (.text:PRCMLPDSRestoreInfoSet)
                  2001455c    00000044     drivers_cc32xx.aem4 : PowerCC32XX_asm.oem4 (.text:PowerCC32XX_enterLPDS)
                  200145a0    00000044                         : SPI.oem4 (.text:SPI_init)
                  200145e4    00000044                         : UART.oem4 (.text:UART_init)
                  20014628    00000044     boot.aem4 : boot.oem4 (.text)
                  2001466c    00000044     drivers_cc32xx.aem4 : PowerCC32XX.oem4 (.text:notify)
                  200146b0    00000044     sysbios.aem4 : BIOS.obj (.text:ti_sysbios_family_arm_m3_Hwi_getStackInfo__E)
                  200146f4    00000004     release_pem4.oem4 (.text:ti_sysbios_knl_Task_delete)
                  200146f8    00000044     sysbios.aem4 : BIOS.obj (.text:ti_sysbios_knl_Mailbox_postInit__I)
                  2001473c    00000004     release_pem4.oem4 (.text:xdc_runtime_System_Module_GateProxy_enter__E)
                  20014740    00000044     sysbios.aem4 : BIOS.obj (.text:ti_sysbios_knl_Swi_post__E)
                  20014784    00000004     release_pem4.oem4 (.text:xdc_runtime_System_Module_GateProxy_leave__E)
                  20014788    00000044     sysbios.aem4 : BIOS.obj (.text:xdc_runtime_System_atexit__E)
                  200147cc    00000042     simplelink.a : sl_socket.obj (.text:sl_Htonl)
                  2001480e    00000040                  : sl_socket.obj (.text:CountSetBits)
                  2001484e    00000002     --HOLE-- [fill = 0]
                  20014850    00000040     dpl_cc32xx.aem4 : HwiP_tirtos.oem4 (.text:HwiP_create)
                  20014890    00000040     driverlib.a : pin.obj (.text:PinModeSet)
                  200148d0    00000040     drivers_cc32xx.aem4 : RingBuf.oem4 (.text:RingBuf_get)
                  20014910    00000040                         : UARTCC32XX.oem4 (.text:UARTCC32XX_read)
                  20014950    00000040                         : UDMACC32XX.oem4 (.text:UDMACC32XX_init)
                  20014990    00000040     simplelink.a : driver.obj (.text:_SlDrvGlobalObjUnLock)
                  200149d0    00000040                  : eventreg.obj (.text:_SlIsEventRegistered)
                  20014a10    00000040     sysbios.aem4 : BIOS.obj (.text:ti_sysbios_heaps_HeapMem_Instance_init__E)
                  20014a50    0000003e     simplelink.a : sl_socket.obj (.text:_SlSocketBuildAddress)
                  20014a8e    0000003e     release_pem4.oem4 (.text:realloc)
                  20014acc    0000003c     drivers_cc32xx.aem4 : PowerCC32XX.oem4 (.text:Power_setConstraint)
                  20014b08    0000003c                         : SPI.oem4 (.text:SPI_open)
                  20014b44    0000003c     dpl_cc32xx.aem4 : SemaphoreP_tirtos.oem4 (.text:SemaphoreP_create)
                  20014b80    0000003c     drivers_cc32xx.aem4 : UART.oem4 (.text:UART_open)
                  20014bbc    0000003c     simplelink.a : netapp.obj (.text:_SlNetAppCopyPingResultsToReport)
                  20014bf8    0000003c     dpl_cc32xx.aem4 : PowerCC32XX_tirtos.oem4 (.text:getCountsRTC)
                  20014c34    0000003c     simplelink.a : sl_socket.obj (.text:sl_Htons)
                  20014c70    0000003c     sysbios.aem4 : BIOS.obj (.text:ti_sysbios_family_arm_m3_Hwi_Instance_finalize__E)
                  20014cac    00000004     --HOLE-- [fill = 0]
                  20014cb0    0000003c                  : BIOS.obj (.text:ti_sysbios_family_arm_m3_Timer_setPeriodMicroSecs__E)
                  20014cec    0000003c     release_pem4.oem4 (.text:ti_sysbios_knl_Clock_create)
                  20014d28    0000003c     sysbios.aem4 : BIOS.obj (.text:ti_sysbios_knl_Clock_walkQueuePeriodic__E)
                  20014d64    00000004     --HOLE-- [fill = 0]
                  20014d68    0000003c                  : BIOS.obj (.text:ti_sysbios_knl_Swi_restore__E)
                  20014da4    00000004     --HOLE-- [fill = 0]
                  20014da8    0000003c                  : BIOS.obj (.text:xdc_runtime_System_processAtExit__E)
                  20014de4    00000038     driverlib.a : prcm.obj (.text:PRCMLPDSEnterKeepDebugIf)
                  20014e1c    00000038     PN532.obj (.text:SlaveSelect)
                  20014e54    00000004     --HOLE-- [fill = 0]
                  20014e58    00000038     sysbios.aem4 : BIOS.obj (.text:ti_sysbios_knl_Task_processVitalTaskFlag__I)
                  20014e90    00000038                  : BIOS.obj (.text:usleep)
                  20014ec8    00000036     drivers_cc32xx.aem4 : PowerCC32XX.oem4 (.text:PowerCC32XX_restoreParkedPin)
                  20014efe    00000036                         : UARTCC32XX.oem4 (.text:UARTCC32XX_readCancel)
                  20014f34    00000034     driverlib.a : pin.obj (.text:PinModeGet)
                  20014f68    00000034     drivers_cc32xx.aem4 : PowerCC32XX.oem4 (.text:PowerCC32XX_restoreParkState)
                  20014f9c    00000034                         : UDMACC32XX.oem4 (.text:UDMACC32XX_close)
                  20014fd0    00000034     sysbios.aem4 : BIOS.obj (.text:ti_sysbios_family_arm_m3_Timer_periodicStub__I)
                  20015004    00000034     release_pem4.oem4 (.text:ti_sysbios_knl_Semaphore_create)
                  20015038    00000032     sysbios.aem4 : BIOS.obj (.text:ti_sysbios_hal_Hwi_initStack)
                  2001506a    00000006     dpl_cc32xx.aem4 : MutexP_tirtos.oem4 (.text:MutexP_Params_init)
                  20015070    00000032     sysbios.aem4 : BIOS.obj (.text:ti_sysbios_knl_Semaphore_pendTimeout__I)
                  200150a2    00000002     --HOLE-- [fill = 0]
                  200150a4    00000030     simplelink.a : driver.obj (.text:_SlDrvSyncObjWaitForever)
                  200150d4    00000030     release_pem4.oem4 (.text:ti_sysbios_BIOS_atExitFunc__I)
                  20015104    00000030     release_pem4.oem4 (.text:ti_sysbios_BIOS_startFunc__I)
                  20015134    00000004     --HOLE-- [fill = 0]
                  20015138    00000030     sysbios.aem4 : BIOS.obj (.text:ti_sysbios_family_arm_m3_TaskSupport_start__E)
                  20015168    00000030     release_pem4.oem4 (.text:ti_sysbios_gates_GateHwi_Object__create__S)
                  20015198    00000030     release_pem4.oem4 (.text:ti_sysbios_gates_GateMutex_Object__create__S)
                  200151c8    00000030     release_pem4.oem4 (.text:ti_sysbios_gates_GateMutex_create)
                  200151f8    00000030     sysbios.aem4 : BIOS.obj (.text:ti_sysbios_gates_GateMutex_enter__E)
                  20015228    00000030     release_pem4.oem4 (.text:ti_sysbios_heaps_HeapMem_Object__create__S)
                  20015258    00000030     release_pem4.oem4 (.text:ti_sysbios_knl_Semaphore_construct)
                  20015288    0000002e     rtsv7M4_T_le_eabi.lib : i_tofd_t2.obj (.text)
                  200152b6    0000002e     release_pem4.oem4 (.text:ti_sysbios_rts_gnu_MemAlloc_alloc)
                  200152e4    0000002c     simplelink.a : cc_pal.obj (.text:NwpPowerOn)
                  20015310    0000002c     drivers_cc32xx.aem4 : PowerCC32XX.oem4 (.text:PowerCC32XX_getParkState)
                  2001533c    0000002c     dpl_cc32xx.aem4 : SemaphoreP_tirtos.oem4 (.text:SemaphoreP_createBinary)
                  20015368    0000002c     simplelink.a : cc_pal.obj (.text:Semaphore_create_handle)
                  20015394    0000002c     release_pem4.oem4 (.text:ti_sysbios_knl_Clock_doTick__I)
                  200153c0    0000002c     release_pem4.oem4 (.text:ti_sysbios_knl_Queue_construct)
                  200153ec    00000004     --HOLE-- [fill = 0]
                  200153f0    0000002c     sysbios.aem4 : BIOS.obj (.text:ti_sysbios_knl_Task_restore__E)
                  2001541c    00000004     --HOLE-- [fill = 0]
                  20015420    0000002a                  : BIOS.obj (.text:sem_init)
                  2001544a    00000002     --HOLE-- [fill = 0]
                  2001544c    00000028     driverlib.a : prcm.obj (.text:PRCMPeripheralClkDisable)
                  20015474    00000028     dpl_cc32xx.aem4 : PowerCC32XX_tirtos.oem4 (.text:PowerCC32XX_initPolicy)
                  2001549c    00000028     drivers_cc32xx.aem4 : PowerCC32XX.oem4 (.text:Power_registerNotify)
                  200154c4    00000028     simplelink.a : driver.obj (.text:_SlDrvProtectionObjLockWaitForever)
                  200154ec    00000028                  : driver.obj (.text:_SlDrvProtectionObjUnLock)
                  20015514    00000028                  : driver.obj (.text:_SlDrvUpdateApiInProgress)
                  2001553c    00000028                  : flowcont.obj (.text:_SlFlowContSet)
                  20015564    00000004     --HOLE-- [fill = 0]
                  20015568    00000028     sysbios.aem4 : BIOS.obj (.text:ti_sysbios_knl_Clock_addI__E)
                  20015590    00000028                  : BIOS.obj (.text:ti_sysbios_knl_Swi_Module_startup__E)
                  200155b8    00000026     drivers_cc32xx.aem4 : List.oem4 (.text:List_put)
                  200155de    00000024     simplelink.a : cc_pal.obj (.text:Mutex_create_handle)
                  20015602    00000002     --HOLE-- [fill = 0]
                  20015604    00000024                  : driver.obj (.text:_SlDrvIsApiInProgress)
                  20015628    00000024                  : driver.obj (.text:_SlDrvStartMeasureTimeout)
                  2001564c    00000004     --HOLE-- [fill = 0]
                  20015650    00000024     sysbios.aem4 : BIOS.obj (.text:pthread_attr_init)
                  20015674    00000024     release_pem4.oem4 (.text:ti_sysbios_BIOS_registerRTSLock__I)
                  20015698    00000024     release_pem4.oem4 (.text:ti_sysbios_BIOS_removeRTSLock__I)
                  200156bc    00000004     --HOLE-- [fill = 0]
                  200156c0    00000024     sysbios.aem4 : BIOS.obj (.text:ti_sysbios_family_arm_m3_Timer_Module_startup__E)
                  200156e4    00000004     --HOLE-- [fill = 0]
                  200156e8    00000024                  : BIOS.obj (.text:ti_sysbios_family_arm_m3_Timer_postInit__I)
                  2001570c    00000004     --HOLE-- [fill = 0]
                  20015710    00000024                  : BIOS.obj (.text:ti_sysbios_family_arm_m3_Timer_startup__E)
                  20015734    00000024     release_pem4.oem4 (.text:ti_sysbios_gates_GateMutex_Object__delete__S)
                  20015758    00000024     sysbios.aem4 : BIOS.obj (.text:ti_sysbios_knl_Clock_Module_startup__E)
                  2001577c    00000024     release_pem4.oem4 (.text:ti_sysbios_knl_Clock_Object__delete__S)
                  200157a0    00000024     sysbios.aem4 : BIOS.obj (.text:ti_sysbios_knl_Clock_start__E)
                  200157c4    00000004     --HOLE-- [fill = 0]
                  200157c8    00000024                  : BIOS.obj (.text:ti_sysbios_knl_Semaphore_Instance_init__E)
                  200157ec    00000024     release_pem4.oem4 (.text:ti_sysbios_knl_Semaphore_Object__delete__S)
                  20015810    00000024     sysbios.aem4 : BIOS.obj (.text:ti_sysbios_knl_Task_restoreHwi__E)
                  20015834    00000004     --HOLE-- [fill = 0]
                  20015838    00000024                  : BIOS.obj (.text:xdc_runtime_Error_policyMin__E)
                  2001585c    00000020     drivers_cc32xx.aem4 : PowerCC32XX.oem4 (.text:Power_unregisterNotify)
                  2001587c    00000020                         : RingBuf.oem4 (.text:RingBuf_peek)
                  2001589c    00000020     simplelink.a : driver.obj (.text:_SlDrvObjLockWaitForever)
                  200158bc    00000020                  : driver.obj (.text:_SlDrvObjUnLock)
                  200158dc    00000020     drivers_cc32xx.aem4 : SPICC32XXDMA.oem4 (.text:getPowerMgrId)
                  200158fc    00000020                         : UARTCC32XX.oem4 (.text:getPowerMgrId)
                  2001591c    00000004     --HOLE-- [fill = 0]
                  20015920    00000020     sysbios.aem4 : BIOS.obj (.text:sleep)
                  20015940    00000020     release_pem4.oem4 (.text:ti_sysbios_BIOS_rtsLock__I)
                  20015960    00000020     release_pem4.oem4 (.text:ti_sysbios_family_arm_m3_Hwi_Object__delete__S)
                  20015980    00000020     sysbios.aem4 : BIOS.obj (.text:ti_sysbios_family_arm_m3_Hwi_clearInterrupt__E)
                  200159a0    00000020                  : m3_Hwi_asm.obj (.text:ti_sysbios_family_arm_m3_Hwi_excHandlerAsm__I)
                  200159c0    00000020                  : BIOS.obj (.text:ti_sysbios_family_arm_m3_Hwi_excHandler__I)
                  200159e0    00000020     release_pem4.oem4 (.text:ti_sysbios_gates_GateHwi_Object__delete__S)
                  20015a00    00000020     release_pem4.oem4 (.text:ti_sysbios_heaps_HeapMem_Object__delete__S)
                  20015a20    00000020     sysbios.aem4 : BIOS.obj (.text:ti_sysbios_knl_Idle_run__E)
                  20015a40    00000020     release_pem4.oem4 (.text:ti_sysbios_knl_Semaphore_destruct)
                  20015a60    00000020     release_pem4.oem4 (.text:ti_sysbios_knl_Task_Object__delete__S)
                  20015a80    0000001e     simplelink.a : driver.obj (.text:_SlDrvSyncObjSignal)
                  20015a9e    0000001e     drivers_cc32xx.aem4 : UDMACC32XX.oem4 (.text:postNotifyFxn)
                  20015abc    0000001e     sysbios.aem4 : m3_Hwi_asm_switch.obj (.text:ti_sysbios_family_xxx_Hwi_switchAndRunFunc)
                  20015ada    00000002     --HOLE-- [fill = 0]
                  20015adc    0000001c     uart_term.obj (.text:Message)
                  20015af8    0000001c     driverlib.a : pin.obj (.text:PinToPadGet)
                  20015b14    0000001c     simplelink.a : device.obj (.text:_SlDeviceGetStartResponseConvert)
                  20015b30    0000001c     rtsv7M4_T_le_eabi.lib : memccpy.obj (.text)
                  20015b4c    00000004     --HOLE-- [fill = 0]
                  20015b50    0000001c     sysbios.aem4 : BIOS.obj (.text:ti_sysbios_family_arm_m3_Timer_stop__E)
                  20015b6c    00000004     --HOLE-- [fill = 0]
                  20015b70    0000001c                  : BIOS.obj (.text:ti_sysbios_gates_GateMutex_Instance_init__E)
                  20015b8c    00000004     --HOLE-- [fill = 0]
                  20015b90    0000001c                  : BIOS.obj (.text:ti_sysbios_knl_Clock_Instance_finalize__E)
                  20015bac    0000001c     release_pem4.oem4 (.text:ti_sysbios_knl_Queue_destruct)
                  20015bc8    0000001c     sysbios.aem4 : BIOS.obj (.text:ti_sysbios_knl_Queue_put__E)
                  20015be4    00000004     --HOLE-- [fill = 0]
                  20015be8    0000001c                  : BIOS.obj (.text:ti_sysbios_knl_Task_enter__I)
                  20015c04    0000001a     release_pem4.oem4 (.text:free)
                  20015c1e    0000001a     sysbios.aem4 : m3_Hwi_asm.obj (.text:ti_sysbios_family_arm_m3_Hwi_pendSV__I)
                  20015c38    0000001a                  : BIOS.obj (.text:ti_sysbios_knl_Task_sleepTimeout__I)
                  20015c52    00000002     --HOLE-- [fill = 0]
                  20015c54    00000018     drivers_cc32xx.aem4 : PowerCC32XX.oem4 (.text:Power_idleFunc)
                  20015c6c    00000018     driverlib.a : uart.obj (.text:UARTBusy)
                  20015c84    00000018                 : uart.obj (.text:UARTIntEnable)
                  20015c9c    00000018     drivers_cc32xx.aem4 : UART.oem4 (.text:UART_Params_init)
                  20015cb4    00000018     rtsv7M4_T_le_eabi.lib : args_main.obj (.text)
                  20015ccc    00000018                           : ll_mul_t2.obj (.text)
                  20015ce4    00000018                           : strcmp.obj (.text)
                  20015cfc    00000018     release_pem4.oem4 (.text:ti_sysbios_BIOS_rtsUnlock__I)
                  20015d14    00000018     release_pem4.oem4 (.text:ti_sysbios_family_arm_m3_Hwi_Module__startupDone__F)
                  20015d2c    00000018     release_pem4.oem4 (.text:ti_sysbios_family_arm_m3_Timer_Module__startupDone__F)
                  20015d44    00000018     release_pem4.oem4 (.text:ti_sysbios_gates_GateHwi_Handle__label__S)
                  20015d5c    00000018     release_pem4.oem4 (.text:ti_sysbios_gates_GateMutex_Handle__label__S)
                  20015d74    00000004     --HOLE-- [fill = 0]
                  20015d78    00000018     sysbios.aem4 : BIOS.obj (.text:ti_sysbios_gates_GateMutex_leave__E)
                  20015d90    00000018     release_pem4.oem4 (.text:ti_sysbios_heaps_HeapMem_Handle__label__S)
                  20015da8    00000018     sysbios.aem4 : BIOS.obj (.text:ti_sysbios_rts_ti_ReentSupport_getReent__F)
                  20015dc0    00000018     release_pem4.oem4 (.text:ti_sysbios_rts_ti_ReentSupport_getTlsAddr__I)
                  20015dd8    00000018     sysbios.aem4 : BIOS.obj (.text:xdc_runtime_Error_init__E)
                  20015df0    00000018                  : BIOS.obj (.text:xdc_runtime_System_exit__E)
                  20015e08    00000016     cache.obj (.text:CacheInit)
                  20015e1e    00000016     drivers_cc32xx.aem4 : List.oem4 (.text:List_remove)
                  20015e34    00000016     driverlib.a : prcm.obj (.text:PRCMHIBRegRead)
                  20015e4a    00000016                 : prcm.obj (.text:PRCMHIBRegWrite)
                  20015e60    00000016     simplelink.a : driver.obj (.text:_SlDrvMemZero)
                  20015e76    00000016     rtsv7M4_T_le_eabi.lib : strchr.obj (.text)
                  20015e8c    00000016     release_pem4.oem4 (.text:ti_sysbios_BIOS_exitFunc__I)
                  20015ea2    00000002     --HOLE-- [fill = 0]
                  20015ea4    00000014     drivers_cc32xx.aem4 : PowerCC32XX.oem4 (.text:Power_getDependencyCount)
                  20015eb8    00000014                         : SPI.oem4 (.text:SPI_Params_init)
                  20015ecc    00000004     --HOLE-- [fill = 0]
                  20015ed0    00000014     sysbios.aem4 : BIOS.obj (.text:pthread_attr_setschedparam)
                  20015ee4    00000014     drivers_cc32xx.aem4 : UARTCC32XX.oem4 (.text:releasePowerConstraint)
                  20015ef8    00000014     rtsv7M4_T_le_eabi.lib : _lock.obj (.text)
                  20015f0c    00000014                           : strlen.obj (.text)
                  20015f20    00000014     release_pem4.oem4 (.text:ti_sysbios_family_arm_m3_Hwi_Object__get__S)
                  20015f34    00000004     --HOLE-- [fill = 0]
                  20015f38    00000014     sysbios.aem4 : BIOS.obj (.text:ti_sysbios_family_arm_m3_Hwi_switchFromBootStack__E)
                  20015f4c    00000014     release_pem4.oem4 (.text:ti_sysbios_heaps_HeapMem_Object__get__S)
                  20015f60    00000014     sysbios.aem4 : BIOS.obj (.text:ti_sysbios_knl_Clock_tickReconfig__E)
                  20015f74    00000014     release_pem4.oem4 (.text:ti_sysbios_knl_Swi_Object__get__S)
                  20015f88    00000014     release_pem4.oem4 (.text:ti_sysbios_knl_Task_Object__first__S)
                  20015f9c    00000014     release_pem4.oem4 (.text:ti_sysbios_knl_Task_Object__next__S)
                  20015fb0    00000012     drivers_cc32xx.aem4 : RingBuf.oem4 (.text:RingBuf_construct)
                  20015fc2    00000012     dpl_cc32xx.aem4 : SemaphoreP_tirtos.oem4 (.text:SemaphoreP_pend)
                  20015fd4    00000004     --HOLE-- [fill = 0]
                  20015fd8    00000012     sysbios.aem4 : BIOS.obj (.text:ti_sysbios_hal_Hwi_Module_startup__E)
                  20015fea    00000012     release_pem4.oem4 (.text:xdc_runtime_Startup_exec__I)
                  20015ffc    00000010     dpl_cc32xx.aem4 : HwiP_tirtos.oem4 (.text:HwiP_Params_init)
                  2001600c    00000010     simplelink.a : cc_pal.obj (.text:MutexP_delete_handle)
                  2001601c    00000010                  : cc_pal.obj (.text:Mutex_unlock)
                  2001602c    00000010                  : cc_pal.obj (.text:SemaphoreP_delete_handle)
                  2001603c    00000010                  : cc_pal.obj (.text:SemaphoreP_post_handle)
                  2001604c    00000010                  : driver.obj (.text:_SlDrvDispatchHttpServerEvents)
                  2001605c    00000010                  : driver.obj (.text:_SlDrvDispatchNetAppRequestEvents)
                  2001606c    00000010     CC3220S_LAUNCHXL.obj (.text:dmaErrorFxn)
                  2001607c    00000010     drivers_cc32xx.aem4 : UARTCC32XX.oem4 (.text:readBlockingTimeout)
                  2001608c    00000004     --HOLE-- [fill = 0]
                  20016090    00000010     sysbios.aem4 : BIOS.obj (.text:ti_sysbios_BIOS_getCpuFreq__E)
                  200160a0    00000010                  : BIOS.obj (.text:ti_sysbios_BIOS_setThreadType__E)
                  200160b0    00000010                  : BIOS.obj (.text:ti_sysbios_BIOS_start__E)
                  200160c0    00000010                  : m3_TaskSupport_asm.obj (.text:ti_sysbios_family_arm_m3_TaskSupport_glue)
                  200160d0    00000010                  : m3_TaskSupport_asm.obj (.text:ti_sysbios_family_arm_m3_TaskSupport_swap__E)
                  200160e0    00000010                  : BIOS.obj (.text:ti_sysbios_gates_GateMutex_Instance_finalize__E)
                  200160f0    00000010     release_pem4.oem4 (.text:ti_sysbios_knl_Mailbox_Object__get__S)
                  20016100    00000010     sysbios.aem4 : BIOS.obj (.text:ti_sysbios_knl_Semaphore_Instance_finalize__E)
                  20016110    00000010                  : BIOS.obj (.text:ti_sysbios_knl_Swi_disable__E)
                  20016120    00000010     release_pem4.oem4 (.text:ti_sysbios_knl_Task_Object__get__S)
                  20016130    00000010     sysbios.aem4 : BIOS.obj (.text:ti_sysbios_knl_Task_disable__E)
                  20016140    00000010                  : BIOS.obj (.text:xdc_runtime_Memory_free__E)
                  20016150    00000010                  : BIOS.obj (.text:xdc_runtime_SysCallback_abort__E)
                  20016160    00000010                  : BIOS.obj (.text:xdc_runtime_SysCallback_exit__E)
                  20016170    0000000e     simplelink.a : cc_pal.obj (.text:Mutex_lock)
                  2001617e    0000000e                  : driver.obj (.text:_SlDrvResetCmdExt)
                  2001618c    0000000e     rtsv7M4_T_le_eabi.lib : copy_decompress_none.obj (.text:decompress:none)
                  2001619a    0000000e     drivers_cc32xx.aem4 : SPICC32XXDMA.oem4 (.text:postNotifyFxn)
                  200161a8    0000000e     sysbios.aem4 : BIOS.obj (.text:pthread_attr_setdetachstate)
                  200161b6    0000000e     simplelink.a : cc_pal.obj (.text:spi_Close)
                  200161c4    00000004     --HOLE-- [fill = 0]
                  200161c8    0000000e     sysbios.aem4 : BIOS.obj (.text:ti_sysbios_knl_Idle_loop__E)
                  200161d6    00000002     --HOLE-- [fill = 0]
                  200161d8    0000000e                  : BIOS.obj (.text:ti_sysbios_knl_Queue_empty__E)
                  200161e6    0000000c     CC3220S_LAUNCHXL.obj (.text:CC3220S_LAUNCHXL_initGeneral)
                  200161f2    0000000c     dpl_cc32xx.aem4 : ClockP_tirtos.oem4 (.text:ClockP_delete)
                  200161fe    0000000c                     : HwiP_tirtos.oem4 (.text:HwiP_delete)
                  2001620a    00000002     --HOLE-- [fill = 0]
                  2001620c    0000000c                     : MutexP_tirtos.oem4 (.text:MutexP_create)
                  20016218    0000000c                     : MutexP_tirtos.oem4 (.text:MutexP_delete)
                  20016224    0000000c     simplelink.a : cc_pal.obj (.text:NwpMaskInterrupt)
                  20016230    0000000c                  : cc_pal.obj (.text:NwpUnMaskInterrupt)
                  2001623c    0000000c     drivers_cc32xx.aem4 : PowerCC32XX.oem4 (.text:Power_getConstraintMask)
                  20016248    0000000c     dpl_cc32xx.aem4 : SemaphoreP_tirtos.oem4 (.text:SemaphoreP_delete)
                  20016254    0000000c     empty.obj (.text:SimpleLinkHttpServerEventHandler)
                  20016260    0000000c     empty.obj (.text:SimpleLinkNetAppRequestEventHandler)
                  2001626c    0000000c     simplelink.a : device.obj (.text:_SlDeviceResetRequestInitCompletedCB)
                  20016278    0000000c     rtsv7M4_T_le_eabi.lib : copy_zero_init.obj (.text:decompress:ZI)
                  20016284    0000000c     drivers_cc32xx.aem4 : UARTCC32XX.oem4 (.text:postNotifyFxn)
                  20016290    0000000c     release_pem4.oem4 (.text:ti_sysbios_family_arm_m3_Hwi_Params__init__S)
                  2001629c    00000004     --HOLE-- [fill = 0]
                  200162a0    0000000c     sysbios.aem4 : BIOS.obj (.text:ti_sysbios_family_arm_m3_Hwi_disableFxn__E)
                  200162ac    00000004     --HOLE-- [fill = 0]
                  200162b0    0000000c                  : BIOS.obj (.text:ti_sysbios_family_arm_m3_TaskSupport_getStackAlignment__E)
                  200162bc    00000004     --HOLE-- [fill = 0]
                  200162c0    0000000c                  : BIOS.obj (.text:ti_sysbios_gates_GateHwi_enter__E)
                  200162cc    0000000c     release_pem4.oem4 (.text:ti_sysbios_knl_Clock_Params__init__S)
                  200162d8    0000000c     sysbios.aem4 : BIOS.obj (.text:ti_sysbios_knl_Clock_getTicks__E)
                  200162e4    00000004     --HOLE-- [fill = 0]
                  200162e8    0000000c                  : BIOS.obj (.text:ti_sysbios_knl_Clock_setTicks__E)
                  200162f4    00000004     --HOLE-- [fill = 0]
                  200162f8    0000000c                  : BIOS.obj (.text:ti_sysbios_knl_Clock_tickStart__E)
                  20016304    00000004     --HOLE-- [fill = 0]
                  20016308    0000000c                  : BIOS.obj (.text:ti_sysbios_knl_Clock_tickStop__E)
                  20016314    0000000c     release_pem4.oem4 (.text:ti_sysbios_knl_Queue_Object__get__S)
                  20016320    0000000c     release_pem4.oem4 (.text:ti_sysbios_knl_Semaphore_Params__init__S)
                  2001632c    0000000c     release_pem4.oem4 (.text:ti_sysbios_knl_Task_Params__init__S)
                  20016338    0000000c     sysbios.aem4 : BIOS.obj (.text:ti_sysbios_knl_Task_self__E)
                  20016344    00000004     --HOLE-- [fill = 0]
                  20016348    0000000c                  : BIOS.obj (.text:ti_sysbios_rts_ti_ReentSupport_taskRegHook__I)
                  20016354    0000000c     driverlib.a : udma.obj (.text:uDMAErrorStatusClear)
                  20016360    0000000c                 : udma.obj (.text:uDMAErrorStatusGet)
                  2001636c    00000004     --HOLE-- [fill = 0]
                  20016370    0000000c     sysbios.aem4 : BIOS.obj (.text:xdc_runtime_Startup_rtsDone__E)
                  2001637c    0000000a     drivers_cc32xx.aem4 : List.oem4 (.text:List_empty)
                  20016386    0000000a                         : SPI.oem4 (.text:SPI_close)
                  20016390    0000000a                         : SPI.oem4 (.text:SPI_transfer)
                  2001639a    0000000a     empty.obj (.text:SimpleLinkFatalErrorEventHandler)
                  200163a4    0000000a     empty.obj (.text:SimpleLinkGeneralEventHandler)
                  200163ae    0000000a     empty.obj (.text:SimpleLinkNetAppEventHandler)
                  200163b8    0000000a     empty.obj (.text:SimpleLinkNetAppRequestMemFreeEventHandler)
                  200163c2    0000000a     empty.obj (.text:SimpleLinkSockEventHandler)
                  200163cc    0000000a     drivers_cc32xx.aem4 : UART.oem4 (.text:UART_control)
                  200163d6    0000000a                         : UART.oem4 (.text:UART_writePolling)
                  200163e0    0000000a     sysbios.aem4 : BIOS.obj (.text:sem_post)
                  200163ea    0000000a     simplelink.a : device.obj (.text:sl_Task)
                  200163f4    0000000a     release_pem4.oem4 (.text:xdc_runtime_IHeap_alloc)
                  200163fe    0000000a     release_pem4.oem4 (.text:xdc_runtime_IHeap_free)
                  20016408    00000008     dpl_cc32xx.aem4 : SemaphoreP_tirtos.oem4 (.text:SemaphoreP_Params_init)
                  20016410    00000008     simplelink.a : cc_pal.obj (.text:TimerGetCurrentTimestamp)
                  20016418    00000008     drivers_cc32xx.aem4 : SPICC32XXDMA.oem4 (.text:blockingTransferCallback)
                  20016420    00000008     sysbios.aem4 : BIOS.obj (.text:pthread_attr_setstacksize)
                  20016428    00000008     drivers_cc32xx.aem4 : UARTCC32XX.oem4 (.text:readSemCallback)
                  20016430    00000008     rtsv7M4_T_le_eabi.lib : s_copysign.obj (.text)
                  20016438    00000008     sysbios.aem4 : BIOS.obj (.text:ti_sysbios_family_arm_m3_Hwi_doSwiRestore__I)
                  20016440    00000008                  : BIOS.obj (.text:ti_sysbios_family_arm_m3_Hwi_startup__E)
                  20016448    00000008     drivers_cc32xx.aem4 : UARTCC32XX.oem4 (.text:writeSemCallback)
                  20016450    00000006                         : SPICC32XXDMA.oem4 (.text:SPICC32XXDMA_control)
                  20016456    00000006     driverlib.a : utils.obj (.text:UtilsDelay)
                  2001645c    00000004     --HOLE-- [fill = 0]
                  20016460    00000006     sysbios.aem4 : BIOS.obj (.text:ti_sysbios_family_arm_m3_Hwi_doTaskRestore__I)
                  20016466    00000002     --HOLE-- [fill = 0]
                  20016468    00000006                  : BIOS.obj (.text:ti_sysbios_family_arm_m3_Hwi_restoreFxn__E)
                  2001646e    00000002     --HOLE-- [fill = 0]
                  20016470    00000006                  : BIOS.obj (.text:ti_sysbios_gates_GateHwi_leave__E)
                  20016476    00000002     --HOLE-- [fill = 0]
                  20016478    00000006                  : BIOS.obj (.text:ti_sysbios_heaps_HeapMem_isBlocking__E)
                  2001647e    00000002     --HOLE-- [fill = 0]
                  20016480    00000006                  : BIOS.obj (.text:ti_sysbios_knl_Clock_stop__E)
                  20016486    00000002     --HOLE-- [fill = 0]
                  20016488    00000006                  : BIOS.obj (.text:ti_sysbios_knl_Queue_Instance_init__E)
                  2001648e    00000002     --HOLE-- [fill = 0]
                  20016490    00000006                  : BIOS.obj (.text:ti_sysbios_knl_Swi_startup__E)
                  20016496    00000002     --HOLE-- [fill = 0]
                  20016498    00000006                  : BIOS.obj (.text:xdc_runtime_System_Module_startup__E)
                  2001649e    00000002     --HOLE-- [fill = 0]
                  200164a0    00000004                  : BIOS.obj (.text:ti_sysbios_family_arm_m3_Timer_getMaxTicks__E)
                  200164a4    00000004     --HOLE-- [fill = 0]
                  200164a8    00000004                  : BIOS.obj (.text:ti_sysbios_gates_GateHwi_query__E)
                  200164ac    00000004     --HOLE-- [fill = 0]
                  200164b0    00000004                  : BIOS.obj (.text:ti_sysbios_gates_GateMutex_query__E)
                  200164b4    00000004     --HOLE-- [fill = 0]
                  200164b8    00000004                  : BIOS.obj (.text:ti_sysbios_knl_Clock_setTimeout__E)
                  200164bc    00000004     --HOLE-- [fill = 0]
                  200164c0    00000004                  : BIOS.obj (.text:ti_sysbios_knl_Task_startup__E)
                  200164c4    00000004     --HOLE-- [fill = 0]
                  200164c8    00000002                  : BIOS.obj (.text:ti_sysbios_BIOS_linkedWithIncorrectBootLibrary__E)
                  200164ca    00000006     --HOLE-- [fill = 0]
                  200164d0    00000002                  : BIOS.obj (.text:ti_sysbios_gates_GateHwi_Instance_init__E)
                  200164d2    00000006     --HOLE-- [fill = 0]
                  200164d8    00000002                  : BIOS.obj (.text:ti_sysbios_knl_Clock_logTick__E)
                  200164da    00000006     --HOLE-- [fill = 0]
                  200164e0    00000002                  : BIOS.obj (.text:xdc_runtime_SysCallback_defaultAbort)
                  200164e2    00000006     --HOLE-- [fill = 0]
                  200164e8    00000002                  : BIOS.obj (.text:xdc_runtime_SysCallback_defaultExit)
                  200164ea    00000006     --HOLE-- [fill = 0]
                  200164f0    00000002                  : BIOS.obj (.text:xdc_runtime_System_abortSpin__E)
                  200164f2    00000006     --HOLE-- [fill = 0]
                  200164f8    00000002                  : BIOS.obj (.text:xdc_runtime_System_exitSpin__E)

.priheap   0    20016500    00009000     UNINITIALIZED
                  20016500    00009000     --HOLE--

.cinit     0    2001f500    00000268     
                  2001f500    00000243     (.cinit..data.load) [load image, compression = lzss]
                  2001f743    00000001     --HOLE-- [fill = 0]
                  2001f744    0000000c     (__TI_handler_table)
                  2001f750    00000008     (.cinit..bss.load) [load image, compression = zero_init]
                  2001f758    00000010     (__TI_cinit_table)

.bss       0    2001f800    0000174e     UNINITIALIZED
                  2001f800    000007d8     simplelink.a : driver.obj (.bss:g_StatMem)
                  2001ffd8    00000020     drivers_cc32xx.aem4 : GPIOCC32XX.oem4 (.bss:gpioCallbackInfo)
                  2001fff8    00000008     (.common:udmaCC3220SObject)
                  20020000    00000400     CC3220S_LAUNCHXL.obj (.bss:dmaControlTable)
                  20020400    0000030c     (.common:ti_sysbios_family_arm_m3_Hwi_dispatchTable)
                  2002070c    00000004     drivers_cc32xx.aem4 : GPIOCC32XX.oem4 (.bss)
                  20020710    00000200     release_pem4.oem4 (.bss:taskStackSection)
                  20020910    000001f4     (.common:app_CB)
                  20020b04    0000012c     (.common:PowerCC32XX_contextSave)
                  20020c30    00000108     (.common:uartCC3220SObjects)
                  20020d38    00000094     (.common:g_SlInternalSpawnCB)
                  20020dcc    00000088     (.common:spiCC3220SDMAObjects)
                  20020e54    00000040     (.common:uartCC3220SRingBuffer)
                  20020e94    00000020     (.common:spiParams)
                  20020eb4    0000001c     rtsv7M4_T_le_eabi.lib : vla_alloc.obj (.bss:$O1$$)
                  20020ed0    00000014     drivers_cc32xx.aem4 : UDMACC32XX.oem4 (.bss:postNotifyObj)
                  20020ee4    00000014                         : GPIOCC32XX.oem4 (.bss:powerNotifyObj)
                  20020ef8    00000014     (.common:spiTransaction)
                  20020f0c    00000004     uart_term.obj (.bss)
                  20020f10    0000000c     dpl_cc32xx.aem4 : PowerCC32XX_tirtos.oem4 (.bss)
                  20020f1c    0000000c     (.common:DeviceCB)
                  20020f28    0000000c     (.common:Msg)
                  20020f34    00000004     (.common:ClockP_tickPeriod)
                  20020f38    00000004     (.common:GlobalLockObj)
                  20020f3c    00000004     (.common:spi)
                  20020f40    00000008     (.common:spiCC3220SDMAscratchBuf)
                  20020f48    00000004     (.common:ti_sysbios_knl_Task_Instance_State_0_hookEnv__A)
                  20020f4c    00000001     (.common:RxIrqCnt)
                  20020f4d    00000001     (.common:transferOK)

.const     0    20020f50    00000b5c     
                  20020f50    00000101     rtsv7M4_T_le_eabi.lib : ctype.obj (.const:.string:_ctypes_)
                  20021051    00000002     PN532.obj (.const:.string:$P$T17$5)
                  20021053    00000001     empty.obj (.const:.string:$P$T0$1)
                  20021054    00000100     driverlib.a : pin.obj (.const:g_ulPinToPadMap)
                  20021154    000000a8                 : prcm.obj (.const:PRCM_PeriphRegsList)
                  200211fc    00000078     CC3220S_LAUNCHXL.obj (.const:spiCC3220SDMAHWAttrs)
                  20021274    00000060     simplelink.a : driver.obj (.const:OpcodeTranslateTable)
                  200212d4    00000058                  : driver.obj (.const:_SlActionLookupTable)
                  2002132c    00000048     release_pem4.oem4 (.const:.string)
                  20021374    00000048     CC3220S_LAUNCHXL.obj (.const:uartCC3220SHWAttrs)
                  200213bc    00000040     CC3220S_LAUNCHXL.obj (.const:PowerCC32XX_config)
                  200213fc    0000003c     release_pem4.oem4 (.const:ti_sysbios_knl_Task_Object__PARAMS__C)
                  20021438    00000030     release_pem4.oem4 (.const:ti_sysbios_family_arm_m3_Hwi_Object__PARAMS__C)
                  20021468    00000028     drivers_cc32xx.aem4 : UARTCC32XX.oem4 (.const:UARTCC32XX_fxnTable)
                  20021490    00000028     release_pem4.oem4 (.const:ti_sysbios_heaps_HeapMem_Module__FXNS__C)
                  200214b8    00000024     drivers_cc32xx.aem4 : UART.oem4 (.const:UART_defaultParams)
                  200214dc    00000024     release_pem4.oem4 (.const:ti_sysbios_gates_GateHwi_Module__FXNS__C)
                  20021500    00000024     release_pem4.oem4 (.const:ti_sysbios_gates_GateMutex_Module__FXNS__C)
                  20021524    00000024     release_pem4.oem4 (.const:ti_sysbios_heaps_HeapMem_Object__PARAMS__C)
                  20021548    00000024     release_pem4.oem4 (.const:ti_sysbios_knl_Clock_Object__PARAMS__C)
                  2002156c    00000024     release_pem4.oem4 (.const:ti_sysbios_knl_Semaphore_Object__PARAMS__C)
                  20021590    00000021     drivers_cc32xx.aem4 : GPIOCC32XX.oem4 (.const:.string:pinTable)
                  200215b1    00000002     PN532.obj (.const:.string:$P$T3$1)
                  200215b3    00000001     PN532.obj (.const:.string:$P$T8$3)
                  200215b4    00000020     simplelink.a : driver.obj (.const:RxMsgClassLUT)
                  200215d4    00000020     drivers_cc32xx.aem4 : SPI.oem4 (.const:SPI_defaultParams)
                  200215f4    00000020     simplelink.a : device.obj (.const:StartResponseLUT)
                  20021614    00000020     drivers_cc32xx.aem4 : UARTCC32XX.oem4 (.const:staticFxnTable)
                  20021634    00000020     release_pem4.oem4 (.const:ti_sysbios_family_arm_m3_Hwi_Object__DESC__C)
                  20021654    00000020     release_pem4.oem4 (.const:ti_sysbios_gates_GateHwi_Object__DESC__C)
                  20021674    00000020     release_pem4.oem4 (.const:ti_sysbios_gates_GateMutex_Object__DESC__C)
                  20021694    00000020     release_pem4.oem4 (.const:ti_sysbios_heaps_HeapMem_Object__DESC__C)
                  200216b4    00000020     release_pem4.oem4 (.const:ti_sysbios_knl_Clock_Object__DESC__C)
                  200216d4    00000020     release_pem4.oem4 (.const:ti_sysbios_knl_Queue_Object__DESC__C)
                  200216f4    00000020     release_pem4.oem4 (.const:ti_sysbios_knl_Semaphore_Object__DESC__C)
                  20021714    00000020     release_pem4.oem4 (.const:ti_sysbios_knl_Task_Object__DESC__C)
                  20021734    00000020     release_pem4.oem4 (.const:xdc_runtime_Startup_sfxnTab__A)
                  20021754    00000018     drivers_cc32xx.aem4 : SPICC32XXDMA.oem4 (.const:SPICC32XXDMA_fxnTable)
                  2002176c    00000018     CC3220S_LAUNCHXL.obj (.const:SPI_config)
                  20021784    00000018     CC3220S_LAUNCHXL.obj (.const:UART_config)
                  2002179c    00000018     release_pem4.oem4 (.const:ti_sysbios_gates_GateHwi_Object__PARAMS__C)
                  200217b4    00000018     release_pem4.oem4 (.const:ti_sysbios_gates_GateMutex_Object__PARAMS__C)
                  200217cc    00000018     release_pem4.oem4 (.const:ti_sysbios_knl_Queue_Object__PARAMS__C)
                  200217e4    00000018     release_pem4.oem4 (.const:ti_sysbios_knl_Task_hooks__A)
                  200217fc    00000014     simplelink.a : cc_pal.obj (.const:$P$T0$1)
                  20021810    00000014                  : device.obj (.const:$P$T0$1)
                  20021824    00000014                  : driver.obj (.const:$P$T0$1)
                  20021838    00000014                  : cc_pal.obj (.const:$P$T1$2)
                  2002184c    00000014     CC3220S_LAUNCHXL.obj (.const:GPIOCC32XX_config)
                  20021860    00000014     drivers_cc32xx.aem4 : GPIOCC32XX.oem4 (.const:gpioBaseAddresses)
                  20021874    00000014                         : UARTCC32XX.oem4 (.const:parityType)
                  20021888    00000014                         : GPIOCC32XX.oem4 (.const:powerResources)
                  2002189c    00000010                         : UARTCC32XX.oem4 (.const:dataLength)
                  200218ac    00000010     release_pem4.oem4 (.const:xdc_runtime_Startup_sfxnRts__A)
                  200218bc    0000000d     PN532.obj (.const:.string:$P$T16$4)
                  200218c9    0000000d     CC3220S_LAUNCHXL.obj (.const)
                  200218d6    00000002     release_pem4.oem4 (.const:ti_sysbios_family_arm_m3_Hwi_Module__id__C)
                  200218d8    0000000c     drivers_cc32xx.aem4 : SPICC32XXDMA.oem4 (.const:dmaNullConfig)
                  200218e4    0000000c                         : SPICC32XXDMA.oem4 (.const:dmaRxConfig)
                  200218f0    0000000c                         : SPICC32XXDMA.oem4 (.const:dmaTxConfig)
                  200218fc    0000000c     CC3220S_LAUNCHXL.obj (.const:udmaCC3220SHWAttrs)
                  20021908    0000000c     release_pem4.oem4 (.const:xdc_runtime_Startup_firstFxns__A)
                  20021914    00000008     CC3220S_LAUNCHXL.obj (.const:UDMACC32XX_config)
                  2002191c    00000008     simplelink.a : driver.obj (.const:g_H2NCnysPattern)
                  20021924    00000008                  : driver.obj (.const:g_H2NSyncPattern)
                  2002192c    00000008     drivers_cc32xx.aem4 : SPICC32XXDMA.oem4 (.const:mode)
                  20021934    00000008                         : GPIOCC32XX.oem4 (.const:outPinTypes)
                  2002193c    00000008                         : UARTCC32XX.oem4 (.const:stopBits)
                  20021944    00000008     release_pem4.oem4 (.const:ti_sysbios_knl_Idle_funcList__A)
                  2002194c    00000008     release_pem4.oem4 (.const:ti_sysbios_knl_Idle_funcList__C)
                  20021954    00000008     release_pem4.oem4 (.const:ti_sysbios_knl_Task_hooks__C)
                  2002195c    00000008     release_pem4.oem4 (.const:xdc_runtime_Startup_firstFxns__C)
                  20021964    00000008     release_pem4.oem4 (.const:xdc_runtime_Startup_lastFxns__C)
                  2002196c    00000007     PN532.obj (.const:.string:$P$T18$6)
                  20021973    00000007     PN532.obj (.const:.string:$P$T4$2)
                  2002197a    00000006     drivers_cc32xx.aem4 : GPIOCC32XX.oem4 (.const:.string:interruptType)
                  20021980    00000006                         : GPIOCC32XX.oem4 (.const:inPinTypes)
                  20021986    00000006                         : GPIOCC32XX.oem4 (.const:outPinStrengths)
                  2002198c    00000004     simplelink.a : wlan.obj (.const:$P$T0$1)
                  20021990    00000004                  : sl_socket.obj (.const:$P$T2$3)
                  20021994    00000004     drivers_cc32xx.aem4 : GPIOCC32XX.oem4 (.const:.string:portInterruptIds)
                  20021998    00000004     simplelink.a : netapp.obj (.const:_SlNetAppSendResponseCmdCtrl)
                  2002199c    00000004                  : netapp.obj (.const:_SlNetAppSendTokenValueCmdCtrl)
                  200219a0    00000004                  : sl_socket.obj (.const:_SlRecvCmdCtrl)
                  200219a4    00000004                  : sl_socket.obj (.const:_SlRecvfomCmdCtrl)
                  200219a8    00000004                  : sl_socket.obj (.const:_SlSelectCmdCtrl)
                  200219ac    00000004                  : sl_socket.obj (.const:_SlSendCmdCtrl)
                  200219b0    00000004                  : sl_socket.obj (.const:_SlSockCloseCmdCtrl)
                  200219b4    00000004                  : sl_socket.obj (.const:_SlSockSocketCmdCtrl)
                  200219b8    00000004                  : device.obj (.const:_SlStopCmdCtrl)
                  200219bc    00000004                  : wlan.obj (.const:_SlWlanSetModeCmdCtrl)
                  200219c0    00000004     release_pem4.oem4 (.const:ti_sysbios_family_arm_m3_Hwi_E_alreadyDefined__C)
                  200219c4    00000004     release_pem4.oem4 (.const:ti_sysbios_family_arm_m3_Hwi_NUM_INTERRUPTS__C)
                  200219c8    00000004     release_pem4.oem4 (.const:ti_sysbios_family_arm_m3_Hwi_Object__count__C)
                  200219cc    00000004     release_pem4.oem4 (.const:ti_sysbios_family_arm_m3_Hwi_ccr__C)
                  200219d0    00000004     release_pem4.oem4 (.const:ti_sysbios_family_arm_m3_Hwi_excHandlerFunc__C)
                  200219d4    00000004     release_pem4.oem4 (.const:ti_sysbios_family_arm_m3_Hwi_nullIsrFunc__C)
                  200219d8    00000004     release_pem4.oem4 (.const:ti_sysbios_family_arm_m3_Hwi_priGroup__C)
                  200219dc    00000004     release_pem4.oem4 (.const:ti_sysbios_family_arm_m3_Hwi_swiDisable__C)
                  200219e0    00000004     release_pem4.oem4 (.const:ti_sysbios_family_arm_m3_Hwi_swiRestoreHwi__C)
                  200219e4    00000004     release_pem4.oem4 (.const:ti_sysbios_family_arm_m3_TaskSupport_stackAlignment__C)
                  200219e8    00000004     release_pem4.oem4 (.const:ti_sysbios_family_arm_m3_Timer_E_cannotSupport__C)
                  200219ec    00000004     release_pem4.oem4 (.const:ti_sysbios_family_arm_m3_Timer_startupNeeded__C)
                  200219f0    00000004     release_pem4.oem4 (.const:ti_sysbios_gates_GateMutex_Instance_State_sem__O)
                  200219f4    00000004     release_pem4.oem4 (.const:ti_sysbios_heaps_HeapMem_E_memory__C)
                  200219f8    00000004     release_pem4.oem4 (.const:ti_sysbios_heaps_HeapMem_Module__gateObj__C)
                  200219fc    00000004     release_pem4.oem4 (.const:ti_sysbios_heaps_HeapMem_Object__count__C)
                  20021a00    00000004     release_pem4.oem4 (.const:ti_sysbios_heaps_HeapMem_primaryHeapBaseAddr__C)
                  20021a04    00000004     release_pem4.oem4 (.const:ti_sysbios_heaps_HeapMem_primaryHeapEndAddr__C)
                  20021a08    00000004     release_pem4.oem4 (.const:ti_sysbios_heaps_HeapMem_reqAlign__C)
                  20021a0c    00000004     release_pem4.oem4 (.const:ti_sysbios_knl_Clock_Module_State_clockQ__O)
                  20021a10    00000004     release_pem4.oem4 (.const:ti_sysbios_knl_Clock_tickPeriod__C)
                  20021a14    00000004     release_pem4.oem4 (.const:ti_sysbios_knl_Mailbox_Instance_State_freeQue__O)
                  20021a18    00000004     release_pem4.oem4 (.const:ti_sysbios_knl_Mailbox_Object__count__C)
                  20021a1c    00000004     release_pem4.oem4 (.const:ti_sysbios_knl_Mailbox_maxTypeAlign__C)
                  20021a20    00000004     release_pem4.oem4 (.const:ti_sysbios_knl_Semaphore_Instance_State_pendQ__O)
                  20021a24    00000004     release_pem4.oem4 (.const:ti_sysbios_knl_Swi_Object__count__C)
                  20021a28    00000004     release_pem4.oem4 (.const:ti_sysbios_knl_Task_E_deleteNotAllowed__C)
                  20021a2c    00000004     release_pem4.oem4 (.const:ti_sysbios_knl_Task_Module_State_inactiveQ__O)
                  20021a30    00000004     release_pem4.oem4 (.const:ti_sysbios_knl_Task_Module_State_terminatedQ__O)
                  20021a34    00000004     release_pem4.oem4 (.const:ti_sysbios_knl_Task_Object__count__C)
                  20021a38    00000004     release_pem4.oem4 (.const:ti_sysbios_knl_Task_Object__heap__C)
                  20021a3c    00000004     release_pem4.oem4 (.const:ti_sysbios_knl_Task_allBlockedFunc__C)
                  20021a40    00000004     release_pem4.oem4 (.const:ti_sysbios_knl_Task_defaultStackHeap__C)
                  20021a44    00000004     release_pem4.oem4 (.const:ti_sysbios_knl_Task_defaultStackSize__C)
                  20021a48    00000004     release_pem4.oem4 (.const:ti_sysbios_knl_Task_numConstructedTasks__C)
                  20021a4c    00000004     release_pem4.oem4 (.const:xdc_runtime_Error_E_memory__C)
                  20021a50    00000004     release_pem4.oem4 (.const:xdc_runtime_Error_policyFxn__C)
                  20021a54    00000004     release_pem4.oem4 (.const:xdc_runtime_IGateProvider_Interface__BASE__C)
                  20021a58    00000004     release_pem4.oem4 (.const:xdc_runtime_IHeap_Interface__BASE__C)
                  20021a5c    00000004     release_pem4.oem4 (.const:xdc_runtime_IModule_Interface__BASE__C)
                  20021a60    00000004     release_pem4.oem4 (.const:xdc_runtime_Memory_defaultHeapInstance__C)
                  20021a64    00000004     release_pem4.oem4 (.const:xdc_runtime_Startup_execImpl__C)
                  20021a68    00000004     release_pem4.oem4 (.const:xdc_runtime_Startup_maxPasses__C)
                  20021a6c    00000004     release_pem4.oem4 (.const:xdc_runtime_Startup_sfxnRts__C)
                  20021a70    00000004     release_pem4.oem4 (.const:xdc_runtime_Startup_sfxnTab__C)
                  20021a74    00000004     release_pem4.oem4 (.const:xdc_runtime_SysCallback_abortFxn__C)
                  20021a78    00000004     release_pem4.oem4 (.const:xdc_runtime_SysCallback_exitFxn__C)
                  20021a7c    00000004     release_pem4.oem4 (.const:xdc_runtime_System_Module__gateObj__C)
                  20021a80    00000004     release_pem4.oem4 (.const:xdc_runtime_System_abortFxn__C)
                  20021a84    00000004     release_pem4.oem4 (.const:xdc_runtime_System_exitFxn__C)
                  20021a88    00000004     release_pem4.oem4 (.const:xdc_runtime_System_maxAtexitHandlers__C)
                  20021a8c    00000004     release_pem4.oem4 (.const:xdc_runtime_Text_charTab__C)
[...]
200163af  SimpleLinkNetAppEventHandler                                    
200163b9  SimpleLinkNetAppRequestMemFreeEventHandler                      
200163c3  SimpleLinkSockEventHandler                                      
200163cd  UART_control                                                    
200163d7  UART_writePolling                                               
200163e1  sem_post                                                        
200163eb  sl_Task                                                         
200163f5  xdc_runtime_Memory_HeapProxy_alloc__E                           
200163ff  xdc_runtime_Memory_HeapProxy_free__E                            
20016409  SemaphoreP_Params_init                                          
20016411  TimerGetCurrentTimestamp                                        
20016421  pthread_attr_setstacksize                                       
20016431  copysign                                                        
20016431  copysignl                                                       
20016439  ti_sysbios_family_arm_m3_Hwi_doSwiRestore__I                    
20016441  ti_sysbios_family_arm_m3_Hwi_startup__E                         
20016441  ti_sysbios_hal_Hwi_HwiProxy_startup__E                          
20016441  ti_sysbios_hal_Hwi_startup__E                                   
20016451  SPICC32XXDMA_control                                            
20016457  UtilsDelay                                                      
20016461  ti_sysbios_family_arm_m3_Hwi_doTaskRestore__I                   
20016469  HwiP_restore                                                    
20016469  ti_sysbios_family_arm_m3_Hwi_restoreFxn__E                      
20016469  ti_sysbios_hal_Hwi_HwiProxy_restore__E                          
20016471  ti_sysbios_gates_GateHwi_leave__E                               
20016479  ti_sysbios_heaps_HeapMem_isBlocking__E                          
20016481  ti_sysbios_knl_Clock_stop__E                                    
20016489  ti_sysbios_knl_Queue_Instance_init__E                           
20016491  ti_sysbios_knl_Swi_startup__E                                   
20016499  xdc_runtime_System_Module_startup__E                            
200164a1  ti_sysbios_family_arm_m3_Timer_getMaxTicks__E                   
200164a9  ti_sysbios_gates_GateHwi_query__E                               
200164a9  xdc_runtime_Main_Module_GateProxy_query__E                      
200164a9  xdc_runtime_System_Module_GateProxy_query__E                    
200164b1  ti_sysbios_BIOS_RtsGateProxy_query__E                           
200164b1  ti_sysbios_gates_GateMutex_query__E                             
200164b1  ti_sysbios_heaps_HeapMem_Module_GateProxy_query__E              
200164b9  ti_sysbios_knl_Clock_setTimeout__E                              
200164c1  ti_sysbios_knl_Task_startup__E                                  
200164c9  ti_sysbios_BIOS_linkedWithIncorrectBootLibrary__E               
200164d1  ti_sysbios_gates_GateHwi_Instance_init__E                       
200164d9  ti_sysbios_knl_Clock_logTick__E                                 
200164e1  xdc_runtime_SysCallback_defaultAbort                            
200164e9  xdc_runtime_SysCallback_defaultExit                             
200164f1  xdc_runtime_System_abortSpin__E                                 
200164f9  xdc_runtime_System_exitSpin__E                                  
20016500  __primary_heap_start__                                          
2001f500  __TI_static_base__                                              
2001f500  __primary_heap_end__                                            
2001f744  __TI_Handler_Table_Base                                         
2001f750  __TI_Handler_Table_Limit                                        
2001f758  __TI_CINIT_Base                                                 
2001f768  __TI_CINIT_Limit                                                
2001fff8  udmaCC3220SObject                                               
20020400  ti_sysbios_family_arm_m3_Hwi_dispatchTable                      
20020710  ti_sysbios_knl_Task_Instance_State_0_stack__A                   
20020910  app_CB                                                          
20020b04  PowerCC32XX_contextSave                                         
20020c30  uartCC3220SObjects                                              
20020d38  g_SlInternalSpawnCB                                             
20020dcc  spiCC3220SDMAObjects                                            
20020e54  uartCC3220SRingBuffer                                           
20020e94  spiParams                                                       
20020ef8  spiTransaction                                                  
20020f1c  DeviceCB                                                        
20020f28  Msg                                                             
20020f34  ClockP_tickPeriod                                               
20020f38  GlobalLockObj                                                   
20020f3c  spi                                                             
20020f40  spiCC3220SDMAscratchBuf                                         
20020f48  ti_sysbios_knl_Task_Instance_State_0_hookEnv__A                 
20020f4c  RxIrqCnt                                                        
20020f4d  transferOK                                                      
20020f50  _ctypes_                                                        
200211fc  spiCC3220SDMAHWAttrs                                            
20021274  OpcodeTranslateTable                                            
200212d4  _SlActionLookupTable                                            
20021374  uartCC3220SHWAttrs                                              
200213bc  PowerCC32XX_config                                              
200213fc  ti_sysbios_knl_Task_Object__PARAMS__C                           
20021438  ti_sysbios_family_arm_m3_Hwi_Object__PARAMS__C                  
20021468  UARTCC32XX_fxnTable                                             
20021490  ti_sysbios_heaps_HeapMem_Module__FXNS__C                        
200214b8  UART_defaultParams                                              
200214dc  ti_sysbios_gates_GateHwi_Module__FXNS__C                        
20021500  ti_sysbios_gates_GateMutex_Module__FXNS__C                      
20021524  ti_sysbios_heaps_HeapMem_Object__PARAMS__C                      
20021548  ti_sysbios_knl_Clock_Object__PARAMS__C                          
2002156c  ti_sysbios_knl_Semaphore_Object__PARAMS__C                      
200215d4  SPI_defaultParams                                               
20021634  ti_sysbios_family_arm_m3_Hwi_Object__DESC__C                    
20021654  ti_sysbios_gates_GateHwi_Object__DESC__C                        
20021674  ti_sysbios_gates_GateMutex_Object__DESC__C                      
20021694  ti_sysbios_heaps_HeapMem_Object__DESC__C                        
200216b4  ti_sysbios_knl_Clock_Object__DESC__C                            
200216d4  ti_sysbios_knl_Queue_Object__DESC__C                            
200216f4  ti_sysbios_knl_Semaphore_Object__DESC__C                        
20021714  ti_sysbios_knl_Task_Object__DESC__C                             
20021734  xdc_runtime_Startup_sfxnTab__A                                  
20021754  SPICC32XXDMA_fxnTable                                           
2002176c  SPI_config                                                      
20021784  UART_config                                                     
2002179c  ti_sysbios_gates_GateHwi_Object__PARAMS__C                      
200217b4  ti_sysbios_gates_GateMutex_Object__PARAMS__C                    
200217cc  ti_sysbios_knl_Queue_Object__PARAMS__C                          
200217e4  ti_sysbios_knl_Task_hooks__A                                    
2002184c  GPIOCC32XX_config                                               
200218ac  xdc_runtime_Startup_sfxnRts__A                                  
200218c9  ADC_count                                                       
200218ca  Capture_count                                                   
200218cb  CryptoCC32XX_count                                              
200218cc  Display_count                                                   
200218cd  I2C_count                                                       
200218ce  I2S_count                                                       
200218cf  PWM_count                                                       
200218d0  SDFatFS_count                                                   
200218d1  SD_count                                                        
200218d2  SPI_count                                                       
200218d3  Timer_count                                                     
200218d4  UART_count                                                      
200218d5  Watchdog_count                                                  
200218d6  ti_sysbios_family_arm_m3_Hwi_Module__id__C                      
200218fc  udmaCC3220SHWAttrs                                              
20021908  xdc_runtime_Startup_firstFxns__A                                
20021914  UDMACC32XX_config                                               
20021934  outPinTypes                                                     
20021944  ti_sysbios_knl_Idle_funcList__A                                 
2002194c  ti_sysbios_knl_Idle_funcList__C                                 
20021954  ti_sysbios_knl_Task_hooks__C                                    
2002195c  xdc_runtime_Startup_firstFxns__C                                
20021964  xdc_runtime_Startup_lastFxns__C                                 
20021980  inPinTypes                                                      
20021986  outPinStrengths                                                 
20021998  _SlNetAppSendResponseCmdCtrl                                    
2002199c  _SlNetAppSendTokenValueCmdCtrl                                  
200219c0  ti_sysbios_family_arm_m3_Hwi_E_alreadyDefined__C                
200219c4  ti_sysbios_family_arm_m3_Hwi_NUM_INTERRUPTS__C                  
200219c8  ti_sysbios_family_arm_m3_Hwi_Object__count__C                   
200219cc  ti_sysbios_family_arm_m3_Hwi_ccr__C                             
200219d0  ti_sysbios_family_arm_m3_Hwi_excHandlerFunc__C                  
200219d4  ti_sysbios_family_arm_m3_Hwi_nullIsrFunc__C                     
200219d8  ti_sysbios_family_arm_m3_Hwi_priGroup__C                        
200219dc  ti_sysbios_family_arm_m3_Hwi_swiDisable__C                      
200219e0  ti_sysbios_family_arm_m3_Hwi_swiRestoreHwi__C                   
200219e4  ti_sysbios_family_arm_m3_TaskSupport_stackAlignment__C          
200219e8  ti_sysbios_family_arm_m3_Timer_E_cannotSupport__C               
200219ec  ti_sysbios_family_arm_m3_Timer_startupNeeded__C                 
200219f0  ti_sysbios_gates_GateMutex_Instance_State_sem__O                
200219f4  ti_sysbios_heaps_HeapMem_E_memory__C                            
200219f8  ti_sysbios_heaps_HeapMem_Module__gateObj__C                     
200219fc  ti_sysbios_heaps_HeapMem_Object__count__C                       
20021a00  ti_sysbios_heaps_HeapMem_primaryHeapBaseAddr__C                 
20021a04  ti_sysbios_heaps_HeapMem_primaryHeapEndAddr__C                  
20021a08  ti_sysbios_heaps_HeapMem_reqAlign__C                            
20021a0c  ti_sysbios_knl_Clock_Module_State_clockQ__O                     
20021a10  ti_sysbios_knl_Clock_tickPeriod__C                              
20021a14  ti_sysbios_knl_Mailbox_Instance_State_freeQue__O                
20021a18  ti_sysbios_knl_Mailbox_Object__count__C                         
20021a1c  ti_sysbios_knl_Mailbox_maxTypeAlign__C                          
20021a20  ti_sysbios_knl_Semaphore_Instance_State_pendQ__O                
20021a24  ti_sysbios_knl_Swi_Object__count__C                             
20021a28  ti_sysbios_knl_Task_E_deleteNotAllowed__C                       
20021a2c  ti_sysbios_knl_Task_Module_State_inactiveQ__O                   
20021a30  ti_sysbios_knl_Task_Module_State_terminatedQ__O                 
20021a34  ti_sysbios_knl_Task_Object__count__C                            
20021a38  ti_sysbios_knl_Task_Object__heap__C                             
20021a3c  ti_sysbios_knl_Task_allBlockedFunc__C                           
20021a40  ti_sysbios_knl_Task_defaultStackHeap__C                         
20021a44  ti_sysbios_knl_Task_defaultStackSize__C                         
20021a48  ti_sysbios_knl_Task_numConstructedTasks__C                      
20021a4c  xdc_runtime_Error_E_memory__C                                   
20021a50  xdc_runtime_Error_policyFxn__C                                  
20021a54  xdc_runtime_IGateProvider_Interface__BASE__C                    
20021a58  xdc_runtime_IHeap_Interface__BASE__C                            
20021a5c  xdc_runtime_IModule_Interface__BASE__C                          
20021a60  xdc_runtime_Memory_defaultHeapInstance__C                       
20021a64  xdc_runtime_Startup_execImpl__C                                 
20021a68  xdc_runtime_Startup_maxPasses__C                                
20021a6c  xdc_runtime_Startup_sfxnRts__C                                  
20021a70  xdc_runtime_Startup_sfxnTab__C                                  
20021a74  xdc_runtime_SysCallback_abortFxn__C                             
20021a78  xdc_runtime_SysCallback_exitFxn__C                              
20021a7c  xdc_runtime_System_Module__gateObj__C                           
20021a80  xdc_runtime_System_abortFxn__C                                  
20021a84  xdc_runtime_System_exitFxn__C                                   
20021a88  xdc_runtime_System_maxAtexitHandlers__C                         
20021a8c  xdc_runtime_Text_charTab__C                                     
20021a90  xdc_runtime_Text_nameEmpty__C                                   
20021a94  xdc_runtime_Text_nameStatic__C                                  
20021a98  xdc_runtime_Text_nameUnknown__C                                 
20021a9c  ti_sysbios_family_arm_m3_Timer_Module__id__C                    
20021a9e  ti_sysbios_heaps_HeapMem_Module__id__C                          
20021aa0  ti_sysbios_knl_Task_Module__id__C                               
20021aa2  xdc_runtime_Memory_Module__id__C                                
20021aa4  xdc_runtime_Text_charCnt__C                                     
20021aa6  xdc_runtime_Text_isLoaded__C                                    
20021aa8  ti_sysbios_knl_Clock_tickMode__C                                
20021aa9  ti_sysbios_knl_Clock_tickSource__C                              
20021aaa  xdc_runtime_Error_policy__C                                     
20021aab  xdc_runtime_Text_charTab__A                                     
20021aac  PowerCC32XX_module                                              
20021c18  parkInfo                                                        
20021d10  ti_sysbios_knl_Swi_Module_State_0_readyQ__A                     
20021d90  ti_sysbios_knl_Task_Module_State_0_readyQ__A                    
20021e84  ti_sysbios_knl_Task_Object__table__V                            
20021ed0  ti_sysbios_knl_Task_Module__state__V                            
20021f14  ti_sysbios_gates_GateMutex_Object__table__V                     
20021f4c  ti_sysbios_family_arm_m3_Hwi_Module__state__V                   
20021f80  ti_sysbios_family_arm_m3_Timer_Object__table__V                 
20021fb0  ti_sysbios_knl_Swi_Object__table__V                             
20021fe0  ti_sysbios_knl_Clock_Module__state__V                           
2002200c  g_LibsEvents                                                    
20022030  g_UserEvents                                                    
20022054  ti_sysbios_BIOS_Module__state__V                                
20022078  xdc_runtime_Error_IgnoreBlock                                   
20022098  ti_sysbios_knl_Swi_Module__state__V                             
200220b4  gpioPinConfigs                                                  
200220cc  ti_sysbios_family_arm_m3_Hwi_Object__table__V                   
200220e4  ti_sysbios_heaps_HeapMem_Object__table__V                       
200220fc  __TI_cleanup_ptr                                                
20022100  __TI_dtors_ptr                                                  
20022104  __TI_enable_exit_profile_output                                 
20022108  gGlobalLockCntRequested                                         
20022109  gGlobalLockCntReleased                                          
2002210a  g_SlDeviceStatus                                                
2002210c  g_pCB                                                           
20022110  pPingCallBackFunc                                               
20022114  ti_sysbios_family_arm_m3_Timer_Module__state__V                 
2002212a  ti_sysbios_family_arm_m3_Hwi_Module_State_0_excActive__A        
2002212c  _lock                                                           
20022130  _unlock                                                         
2002213c  gpioCallbackFunctions                                           
20022144  ti_sysbios_family_arm_m3_Hwi_Module__root__V                    
2002214c  ti_sysbios_gates_GateHwi_Module__root__V                        
20022154  ti_sysbios_gates_GateMutex_Module__root__V                      
2002215c  ti_sysbios_heaps_HeapMem_Module__root__V                        
20022164  ti_sysbios_knl_Clock_Module__root__V                            
2002216c  ti_sysbios_knl_Queue_Module__root__V                            
20022174  ti_sysbios_knl_Semaphore_Module__root__V                        
2002217c  ti_sysbios_knl_Task_Module__root__V                             
20022184  xdc_runtime_Startup_Module__state__V                            
2002218c  xdc_runtime_System_Module_State_0_atexitHandlers__A             
20022194  xdc_runtime_System_Module__state__V                             
2002219c  gSpawnThread                                                    
200221a0  errno                                                           
200221a4  main_func_sp                                                    
200221a8  g_intHandle                                                     
200221ac  ti_sysbios_family_arm_m3_Hwi_Module_State_0_excContext__A       
200221b0  ti_sysbios_family_arm_m3_Hwi_Module_State_0_excStack__A         
200221b4  ti_sysbios_gates_GateHwi_Object__table__V                       
200221b8  ti_sysbios_knl_Task_Module_State_0_idleTask__A                  
200221bc  ti_sysbios_rts_ti_ReentSupport_Module__state__V                 
200221c0  xdc_runtime_Memory_Module__state__V                             
e000e000  ti_sysbios_family_arm_m3_Hwi_nvic                               
ffffffff  __TI_pprof_out_hndl                                             
ffffffff  __TI_prof_data_size                                             
ffffffff  __TI_prof_data_start                                            
ffffffff  __binit__                                                       
ffffffff  __c_args__                                                      
ffffffff  binit                                                           
UNDEFED   SHT$$INIT_ARRAY$$Base                                           
UNDEFED   SHT$$INIT_ARRAY$$Limit                                          

[779 symbols]
