******************************************************************************
                  TI ARM Linker PC v16.9.7                     
******************************************************************************
>> Linked Tue May 01 16:18:36 2018

OUTPUT FILE NAME:   <network.out>
ENTRY POINT SYMBOL: "_c_int00"  address: 00000448


MEMORY CONFIGURATION

         name            origin    length      used     unused   attr    fill
----------------------  --------  ---------  --------  --------  ----  --------
  RAM                   00000020   ffffffe0  00000d2c  fffff2b4  RWIX


SEGMENT ALLOCATION MAP

run origin  load origin   length   init length attrs members
----------  ----------- ---------- ----------- ----- -------
00000020    00000020    000004f0   000004f0    r-x
  00000020    00000020    000004f0   000004f0    r-x .text
00000510    00000510    00000818   00000000    rw-
  00000510    00000510    00000018   00000000    rw- .data
  00000528    00000528    00000800   00000000    rw- .stack
00000d28    00000d28    00000024   00000024    r--
  00000d28    00000d28    00000024   00000024    r-- .cinit


SECTION ALLOCATION MAP

 output                                  attributes/
section   page    origin      length       input sections
--------  ----  ----------  ----------   ----------------
.text      0    00000020    000004f0     
                  00000020    000001a0     rtsv4_A_be_eabi.lib : memcpy32.obj (.text)
                  000001c0    000000ac                         : autoinit.obj (.text)
                  0000026c    000000a8                         : exit.obj (.text)
                  00000314    000000a0                         : copy_decompress_lzss.obj (.text:decompress:lzss)
                  000003b4    00000094                         : cpy_tbl.obj (.text)
                  00000448    00000058                         : boot.obj (.text)
                  000004a0    00000024                         : _lock.obj (.text)
                  000004c4    00000020                         : args_main.obj (.text)
                  000004e4    00000014                         : copy_decompress_none.obj (.text:decompress:none)
                  000004f8    00000008     main.obj (.text)
                  00000500    00000008     rtsv4_A_be_eabi.lib : pre_init.obj (.text)
                  00000508    00000004                         : mpu_init.obj (.text)
                  0000050c    00000004                         : startup.obj (.text)

.data      0    00000510    00000018     UNINITIALIZED
                  00000510    0000000c     rtsv4_A_be_eabi.lib : exit.obj (.data:$O1$$)
                  0000051c    00000008                         : _lock.obj (.data:$O1$$)
                  00000524    00000004                         : stkdepth_vars.obj (.data)

.cinit     0    00000d28    00000024     
                  00000d28    00000011     (.cinit..data.load) [load image, compression = lzss]
                  00000d39    00000003     --HOLE-- [fill = 0]
                  00000d3c    00000008     (__TI_handler_table)
                  00000d44    00000008     (__TI_cinit_table)

.init_array 
*          0    00000020    00000000     UNINITIALIZED

.stack     0    00000528    00000800     UNINITIALIZED
                  00000528    00000800     --HOLE--

MODULE SUMMARY

       Module                     code   ro data   rw data
       ------                     ----   -------   -------
    .\
       main.obj                   8      0         0      
    +--+--------------------------+------+---------+---------+
       Total:                     8      0         0      
                                                          
    C:\ti\ccsv7\tools\compiler\ti-cgt-arm_16.9.7.LTS\lib\rtsv4_A_be_eabi.lib
       memcpy32.obj               416    0         0      
       exit.obj                   168    0         12     
       autoinit.obj               172    0         0      
       copy_decompress_lzss.obj   160    0         0      
       cpy_tbl.obj                148    0         0      
       boot.obj                   88     0         0      
       _lock.obj                  36     0         8      
       args_main.obj              32     0         0      
       copy_decompress_none.obj   20     0         0      
       pre_init.obj               8      0         0      
       mpu_init.obj               4      0         0      
       startup.obj                4      0         0      
       stkdepth_vars.obj          0      0         4      
    +--+--------------------------+------+---------+---------+
       Total:                     1256   0         24     
                                                          
       Stack:                     0      0         2048   
       Linker Generated:          0      33        0      
    +--+--------------------------+------+---------+---------+
       Grand Total:               1264   33        2072   


LINKER GENERATED COPY TABLES

__TI_cinit_table @ 00000d44 records: 1, size/record: 8, table size: 8
	.data: load addr=00000d28, load size=00000011 bytes, run addr=00000510, run size=00000018 bytes, compression=lzss


LINKER GENERATED HANDLER TABLE

__TI_handler_table @ 00000d3c records: 2, size/record: 4, table size: 8
	index: 0, handler: __TI_decompress_lzss
	index: 1, handler: __TI_decompress_none


GLOBAL SYMBOLS: SORTED ALPHABETICALLY BY Name 

address   name                           
-------   ----                           
0000026c  C$$EXIT                        
UNDEFED   SHT$$INIT_ARRAY$$Base          
UNDEFED   SHT$$INIT_ARRAY$$Limit         
00000d28  __STACK_END                    
00000800  __STACK_SIZE                   
00000d44  __TI_CINIT_Base                
00000d4c  __TI_CINIT_Limit               
00000d3c  __TI_Handler_Table_Base        
00000d44  __TI_Handler_Table_Limit       
000001c0  __TI_auto_init                 
00000510  __TI_cleanup_ptr               
00000314  __TI_decompress_lzss           
000004e4  __TI_decompress_none           
00000514  __TI_dtors_ptr                 
00000518  __TI_enable_exit_profile_output
ffffffff  __TI_pprof_out_hndl            
ffffffff  __TI_prof_data_size            
ffffffff  __TI_prof_data_start           
00000d28  __TI_static_base__             
00000020  __aeabi_memcpy                 
00000020  __aeabi_memcpy4                
00000020  __aeabi_memcpy8                
ffffffff  __binit__                      
ffffffff  __c_args__                     
00000508  __mpu_init                     
00000528  __stack                        
000004c4  _args_main                     
00000448  _c_int00                       
0000051c  _lock                          
000004b8  _nop                           
000004ac  _register_lock                 
000004a0  _register_unlock               
0000050c  _system_post_cinit             
00000500  _system_pre_init               
00000520  _unlock                        
00000274  abort                          
ffffffff  binit                          
000003b4  copy_in                        
00000280  exit                           
000004f8  main                           
00000524  main_func_sp                   
00000020  memcpy                         


GLOBAL SYMBOLS: SORTED BY Symbol Address 

address   name                           
-------   ----                           
00000020  __aeabi_memcpy                 
00000020  __aeabi_memcpy4                
00000020  __aeabi_memcpy8                
00000020  memcpy                         
000001c0  __TI_auto_init                 
0000026c  C$$EXIT                        
00000274  abort                          
00000280  exit                           
00000314  __TI_decompress_lzss           
000003b4  copy_in                        
00000448  _c_int00                       
000004a0  _register_unlock               
000004ac  _register_lock                 
000004b8  _nop                           
000004c4  _args_main                     
000004e4  __TI_decompress_none           
000004f8  main                           
00000500  _system_pre_init               
00000508  __mpu_init                     
0000050c  _system_post_cinit             
00000510  __TI_cleanup_ptr               
00000514  __TI_dtors_ptr                 
00000518  __TI_enable_exit_profile_output
0000051c  _lock                          
00000520  _unlock                        
00000524  main_func_sp                   
00000528  __stack                        
00000800  __STACK_SIZE                   
00000d28  __STACK_END                    
00000d28  __TI_static_base__             
00000d3c  __TI_Handler_Table_Base        
00000d44  __TI_CINIT_Base                
00000d44  __TI_Handler_Table_Limit       
00000d4c  __TI_CINIT_Limit               
ffffffff  __TI_pprof_out_hndl            
ffffffff  __TI_prof_data_size            
ffffffff  __TI_prof_data_start           
ffffffff  __binit__                      
ffffffff  __c_args__                     
ffffffff  binit                          
UNDEFED   SHT$$INIT_ARRAY$$Base          
UNDEFED   SHT$$INIT_ARRAY$$Limit         

[42 symbols]
