******************************************************************************
                  TI ARM Linker PC v16.9.6                     
******************************************************************************
>> Linked Thu May 17 14:51:48 2018

OUTPUT FILE NAME:   <empty_CC3220S_LAUNCHXL_tirtos_ccs.out>
ENTRY POINT SYMBOL: "_c_int00"  address: 200140a9


MEMORY CONFIGURATION

         name            origin    length      used     unused   attr    fill
----------------------  --------  ---------  --------  --------  ----  --------
  SRAM0                 20000000   00008000  00002348  00005cb8  RW X
  SRAM                  20008000   00038000  00019bd2  0001e42e  RW X


SEGMENT ALLOCATION MAP

run origin  load origin   length   init length attrs members
----------  ----------- ---------- ----------- ----- -------
20004000    20004000    0000003c   0000003c    r--
  20004000    20004000    0000003c   0000003c    r-- .resetVecs
20006000    20006000    00002000   00000000    rw-
  20006000    20006000    00002000   00000000    rw- .stack
20008000    20008000    00016fa0   0000df9a    r-x
  20008000    20008000    0000df9a   0000df9a    r-x .text
  20015fa0    20015fa0    00009000   00000000    r-- .priheap
2001f000    2001f000    0000174e   00000000    rw-
  2001f000    2001f000    0000174e   00000000    rw- .bss
20020750    20020750    00000b60   00000b60    r--
  20020750    20020750    00000b60   00000b60    r-- .const
200212b0    200212b0    00000722   00000000    rw-
  200212b0    200212b0    00000722   00000000    rw- .data
200219d8    200219d8    00000268   00000268    r--
  200219d8    200219d8    00000268   00000268    r-- .cinit


SECTION ALLOCATION MAP

 output                                  attributes/
section   page    origin      length       input sections
--------  ----  ----------  ----------   ----------------
.vecs      0    20000000    0000030c     NOLOAD SECTION
                  20000000    0000030c     release_pem4.oem4 (.vecs)

.resetVecs 
*          0    20004000    0000003c     
                  20004000    0000003c     release_pem4.oem4 (.resetVecs)

.stack     0    20006000    00002000     UNINITIALIZED
                  20006000    00002000     --HOLE--

.text      0    20008000    0000df9a     
                  20008000    00001122     rtsv7M4_T_le_eabi.lib : _printfi.obj (.text)
                  20009122    00000002     empty.obj (.text:SimpleLinkFatalErrorEventHandler)
                  20009124    00000880     simplelink.a : driver.obj (.text:_SlDrvMsgRead)
                  200099a4    0000042c     driverlib.a : prcm.obj (.text:PRCMCC3200MCUInit)
                  20009dd0    0000040c     simplelink.a : sl_socket.obj (.text:_SlSocketHandleAsync_Select)
                  2000a1dc    0000038c     empty.obj (.text:mainThread)
                  2000a568    00000384     simplelink.a : driver.obj (.text:_SlDrvMsgWrite)
                  2000a8ec    000002d8                  : driver.obj (.text:_SlDrvRxHdrRead)
                  2000abc4    0000027c                  : wlan.obj (.text:sl_WlanConnect)
                  2000ae40    00000270     drivers_cc32xx.aem4 : UARTCC32XX.oem4 (.text:UARTCC32XX_open)
                  2000b0b0    00000244     rtsv7M4_T_le_eabi.lib : vla_alloc.obj (.text)
                  2000b2f4    00000208     simplelink.a : driver.obj (.text:_SlDrvDriverCBInit)
                  2000b4fc    000001fc                  : driver.obj (.text:_SlDrvDataReadOp)
                  2000b6f8    000001f4     rtsv7M4_T_le_eabi.lib : ull_div_t2.obj (.text)
                  2000b8ec    000001f2     simplelink.a : netapp.obj (.text:_SlNetAppEventHandler)
                  2000bade    00000002     empty.obj (.text:SimpleLinkGeneralEventHandler)
                  2000bae0    000001d8     simplelink.a : driver.obj (.text:_SlDrvReleasePoolObj)
                  2000bcb8    000001d0     drivers_cc32xx.aem4 : SPICC32XXDMA.oem4 (.text:SPICC32XXDMA_transfer)
                  2000be88    000001cc                         : GPIOCC32XX.oem4 (.text:GPIO_setConfig)
                  2000c054    000001cc     empty.obj (.text:IsAllowed)
                  2000c220    000001bc     simplelink.a : driver.obj (.text:_SlDrvMsgReadCmdCtx)
                  2000c3dc    000001b8     dpl_cc32xx.aem4 : PowerCC32XX_tirtos.oem4 (.text:PowerCC32XX_sleepPolicy)
                  2000c594    000001b6     rtsv7M4_T_le_eabi.lib : fd_add_t2.obj (.text)
                  2000c74a    00000002     empty.obj (.text:SimpleLinkHttpServerEventHandler)
                  2000c74c    0000019c     simplelink.a : driver.obj (.text:_SlDrvWaitForPoolObj)
                  2000c8e8    0000018c     empty.obj (.text:SimpleLinkWlanEventHandler)
                  2000ca74    0000018c     simplelink.a : sl_socket.obj (.text:sl_Connect)
                  2000cc00    0000018b     empty.obj (.text:ConfigureSimpleLinkToDefaultState)
                  2000cd8b    00000001     --HOLE-- [fill = 0]
                  2000cd8c    00000180     simplelink.a : driver.obj (.text:_SlDrvDataWriteOp)
                  2000cf0c    00000180     drivers_cc32xx.aem4 : SPICC32XXDMA.oem4 (.text:configDMA)
                  2000d08c    0000017c     simplelink.a : spawn.obj (.text:_SlInternalSpawnTaskEntry)
                  2000d208    00000174                  : driver.obj (.text:_SlDrvFindAndSetActiveObj)
                  2000d37c    0000016c                  : device.obj (.text:sl_Stop)
                  2000d4e8    00000158     drivers_cc32xx.aem4 : SPICC32XXDMA.oem4 (.text:SPICC32XXDMA_open)
                  2000d640    00000154     sysbios.aem4 : BIOS.obj (.text:ti_sysbios_knl_Task_Instance_finalize__E)
                  2000d794    00000150     simplelink.a : driver.obj (.text:_SlDrvDriverCBDeinit)
                  2000d8e4    00000150     drivers_cc32xx.aem4 : PowerCC32XX.oem4 (.text:parkPins)
                  2000da34    00000138     simplelink.a : driver.obj (.text:_SlDrvAsyncEventGenericHandler)
                  2000db6c    00000136     rtsv7M4_T_le_eabi.lib : fd_div_t2.obj (.text)
                  2000dca2    00000002     empty.obj (.text:SimpleLinkNetAppEventHandler)
                  2000dca4    00000130     simplelink.a : sl_socket.obj (.text:_SlDrvGetNextTimeoutValue)
                  2000ddd4    00000004     dpl_cc32xx.aem4 : ClockP_tirtos.oem4 (.text:ClockP_getCpuFreq)
                  2000ddd8    00000130     sysbios.aem4 : BIOS.obj (.text:ti_sysbios_knl_Semaphore_pend__E)
                  2000df08    00000128     simplelink.a : driver.obj (.text:_SlDrvClassifyRxMsg)
                  2000e030    00000124                  : device.obj (.text:sl_Start)
                  2000e154    00000120     drivers_cc32xx.aem4 : UARTCC32XX.oem4 (.text:UARTCC32XX_close)
                  2000e274    00000004     dpl_cc32xx.aem4 : ClockP_tirtos.oem4 (.text:ClockP_setTimeout)
                  2000e278    0000011c     sysbios.aem4 : BIOS.obj (.text:xdc_runtime_Startup_startMods__I)
                  2000e394    00000118     drivers_cc32xx.aem4 : PowerCC32XX.oem4 (.text:Power_sleep)
                  2000e4ac    00000114     simplelink.a : netapp.obj (.text:_SlNetAppHandleAsync_DnsGetHostByService)
                  2000e5c0    00000110     sysbios.aem4 : BIOS.obj (.text:ti_sysbios_knl_Task_postInit__I)
                  2000e6d0    0000010c     drivers_cc32xx.aem4 : PowerCC32XX.oem4 (.text:PowerCC32XX_shutdownSSPI)
                  2000e7dc    0000010c     simplelink.a : driver.obj (.text:_SlDrvMsgReadSpawnCtx)
                  2000e8e8    0000010c                  : sl_socket.obj (.text:sl_Close)
                  2000e9f4    00000108     empty.obj (.text:initAppVariables)
                  2000eafc    00000104     simplelink.a : device.obj (.text:_SlDeviceEventHandler)
                  2000ec00    00000104                  : driver.obj (.text:_SlDrvCmdOp)
                  2000ed04    00000104                  : driver.obj (.text:_SlDrvObjGlobalLockWaitForever)
                  2000ee08    000000fc     rtsv7M4_T_le_eabi.lib : fd_mul_t2.obj (.text)
                  2000ef04    000000f2     drivers_cc32xx.aem4 : SPICC32XXDMA.oem4 (.text:SPICC32XXDMA_transferCancel)
                  2000eff6    000000ee                         : UARTCC32XX.oem4 (.text:UARTCC32XX_control)
                  2000f0e4    00000004     dpl_cc32xx.aem4 : ClockP_tirtos.oem4 (.text:ClockP_start)
                  2000f0e8    000000ec     sysbios.aem4 : BIOS.obj (.text:pthread_create)
                  2000f1d4    00000004     dpl_cc32xx.aem4 : ClockP_tirtos.oem4 (.text:ClockP_stop)
                  2000f1d8    000000ec     sysbios.aem4 : BIOS.obj (.text:ti_sysbios_knl_Task_Instance_init__E)
                  2000f2c4    000000d8     simplelink.a : netapp.obj (.text:_SlNetAppHandleAsync_NetAppReceive)
                  2000f39c    000000d0     drivers_cc32xx.aem4 : SPICC32XXDMA.oem4 (.text:SPICC32XXDMA_close)
                  2000f46c    000000d0     rtsv7M4_T_le_eabi.lib : s_scalbn.obj (.text)
                  2000f53c    00000004     dpl_cc32xx.aem4 : HwiP_tirtos.oem4 (.text:HwiP_clearInterrupt)
                  2000f540    000000d0     sysbios.aem4 : BIOS.obj (.text:ti_sysbios_heaps_HeapMem_alloc__E)
                  2000f610    000000cc     PN532.obj (.text:SendCommandAndACK)
                  2000f6dc    000000cc     sysbios.aem4 : m3_Hwi_asm.obj (.text:ti_sysbios_family_arm_m3_Hwi_dispatch__I)
                  2000f7a8    000000c8     drivers_cc32xx.aem4 : SPICC32XXDMA.oem4 (.text:spiHwiFxn)
                  2000f870    000000c4                         : GPIOCC32XX.oem4 (.text:GPIO_init)
                  2000f934    000000c4     simplelink.a : driver.obj (.text:_SlDrvRemoveFromList)
                  2000f9f8    000000c4     sysbios.aem4 : BIOS.obj (.text:ti_sysbios_knl_Task_sleep__E)
                  2000fabc    000000c0     simplelink.a : cc_pal.obj (.text:NwpPowerOff)
                  2000fb7c    000000c0     drivers_cc32xx.aem4 : UARTCC32XX.oem4 (.text:UARTCC32XX_write)
                  2000fc3c    000000c0     simplelink.a : spawn.obj (.text:_SlInternalSpawn)
                  2000fcfc    000000bc                  : netapp.obj (.text:_SlNetAppSendResponse)
                  2000fdb8    000000bc                  : sl_socket.obj (.text:sl_Send)
                  2000fe74    00000004     dpl_cc32xx.aem4 : HwiP_tirtos.oem4 (.text:HwiP_disable)
                  2000fe78    000000bc     sysbios.aem4 : BIOS.obj (.text:xdc_runtime_Core_createObject__I)
                  2000ff34    000000b8     drivers_cc32xx.aem4 : UARTCC32XX.oem4 (.text:initHw)
                  2000ffec    000000b8                         : UARTCC32XX.oem4 (.text:readIsrTextBlocking)
                  200100a4    00000004     dpl_cc32xx.aem4 : HwiP_tirtos.oem4 (.text:HwiP_disableInterrupt)
                  200100a8    000000b8     sysbios.aem4 : BIOS.obj (.text:ti_sysbios_knl_Task_exit__E)
                  20010160    000000b4     driverlib.a : prcm.obj (.text:PRCMIORetentionEnable)
                  20010214    000000b4     drivers_cc32xx.aem4 : UARTCC32XX.oem4 (.text:UARTCC32XX_readPolling)
                  200102c8    000000b4                         : PowerCC32XX.oem4 (.text:restoreParkedPins)
                  2001037c    000000b0     empty.obj (.text:StartWiFi)
                  2001042c    000000b0     simplelink.a : device.obj (.text:_SlDeviceHandleAsync_InitComplete)
                  200104dc    000000b0                  : driver.obj (.text:_SlDrvHandleFatalError)
                  2001058c    000000ae     drivers_cc32xx.aem4 : UARTCC32XX.oem4 (.text:readIsrTextCallback)
                  2001063a    000000aa                         : UARTCC32XX.oem4 (.text:readTaskBlocking)
                  200106e4    000000a8                         : PowerCC32XX.oem4 (.text:PowerCC32XX_configureWakeup)
                  2001078c    00000004     dpl_cc32xx.aem4 : HwiP_tirtos.oem4 (.text:HwiP_enableInterrupt)
                  20010790    000000a4     sysbios.aem4 : BIOS.obj (.text:ti_sysbios_knl_Task_setPri__E)
                  20010834    000000a2     drivers_cc32xx.aem4 : UARTCC32XX.oem4 (.text:writeData)
                  200108d6    00000002     empty.obj (.text:SimpleLinkNetAppRequestEventHandler)
                  200108d8    000000a0     simplelink.a : sl_socket.obj (.text:_SlSocketHandleAsync_StartTLS)
                  20010978    000000a0     auto_init.aem4 : auto_init.oem4 (.text)
                  20010a18    0000009e     simplelink.a : cc_pal.obj (.text:spi_Read)
                  20010ab6    0000009e                  : cc_pal.obj (.text:spi_Write)
                  20010b54    00000004     drivers_cc32xx.aem4 : List.oem4 (.text:List_head)
                  20010b58    0000009c     sysbios.aem4 : BIOS.obj (.text:_pthread_removeThreadKeys)
                  20010bf4    0000009c     drivers_cc32xx.aem4 : SPICC32XXDMA.oem4 (.text:initHw)
                  20010c90    0000009c     rtsv7M4_T_le_eabi.lib : memcpy_t2.obj (.text)
                  20010d2c    0000009a     PN532.obj (.text:DetectPassiveTarget)
                  20010dc6    00000002     empty.obj (.text:SimpleLinkNetAppRequestMemFreeEventHandler)
                  20010dc8    00000098     drivers_cc32xx.aem4 : PowerCC32XX.oem4 (.text:Power_shutdown)
                  20010e60    00000098     simplelink.a : netutil.obj (.text:_SlNetUtilHandleAsync_Cmd)
                  20010ef8    00000098     drivers_cc32xx.aem4 : GPIOCC32XX.oem4 (.text:powerNotifyFxn)
                  20010f90    00000098     sysbios.aem4 : BIOS.obj (.text:ti_sysbios_family_arm_m3_Hwi_Instance_init__E)
                  20011028    00000094     PN532.obj (.text:InDataExchange)
                  200110bc    00000094     driverlib.a : prcm.obj (.text:PRCMPeripheralClockGet)
                  20011150    00000090     PN532.obj (.text:WriteFramePN532)
                  200111e0    00000090     simplelink.a : netapp.obj (.text:_SlNetAppHandleAsync_DnsGetHostByName)
                  20011270    00000090                  : netapp.obj (.text:_SlNetAppHandleAsync_PingResponse)
                  20011300    00000090     drivers_cc32xx.aem4 : PowerCC32XX.oem4 (.text:restoreNVICRegs)
                  20011390    00000090     sysbios.aem4 : BIOS.obj (.text:ti_sysbios_knl_Task_Module_startup__E)
                  20011420    00000090                  : BIOS.obj (.text:ti_sysbios_knl_Task_schedule__I)
                  200114b0    00000090                  : BIOS.obj (.text:ti_sysbios_knl_Task_startCore__E)
                  20011540    0000008e     PN532.obj (.text:ConfigureSAM)
                  200115ce    00000002     empty.obj (.text:SimpleLinkSockEventHandler)
                  200115d0    0000008c     PN532.obj (.text:GetFirmwareVersion)
                  2001165c    0000008c     simplelink.a : driver.obj (.text:_SlDrvDriverIsApiAllowed)
                  200116e8    0000008c     drivers_cc32xx.aem4 : UARTCC32XX.oem4 (.text:readIsrBinaryBlocking)
                  20011774    0000008c     simplelink.a : sl_socket.obj (.text:sl_Recv)
                  20011800    0000008a     uart_term.obj (.text:Report)
                  2001188a    00000002     drivers_cc32xx.aem4 : UARTCC32XX.oem4 (.text:UARTCC32XX_init)
                  2001188c    00000088     rtsv7M4_T_le_eabi.lib : vsnprintf.obj (.text)
                  20011914    00000004     drivers_cc32xx.aem4 : List.oem4 (.text:List_next)
                  20011918    00000088     sysbios.aem4 : BIOS.obj (.text:ti_sysbios_family_arm_m3_Hwi_initNVIC__E)
                  200119a0    00000088                  : BIOS.obj (.text:xdc_runtime_Memory_alloc__E)
                  20011a28    00000086     simplelink.a : driver.obj (.text:_SlDrvIsTimeoutExpired)
                  20011aae    00000086     rtsv7M4_T_le_eabi.lib : fd_cmp_t2.obj (.text:__aeabi_cdcmple)
                  20011b34    00000086                           : fd_cmp_t2.obj (.text:__aeabi_cdrcmple)
                  20011bba    00000002     release_pem4.oem4 (.text:ti_sysbios_BIOS_nullFunc__I)
                  20011bbc    00000084     PN532.obj (.text:ReadSPI)
                  20011c40    00000084     simplelink.a : sl_socket.obj (.text:_SlSocketHandleAsync_Close)
                  20011cc4    00000084                  : sl_socket.obj (.text:_SlSocketHandleAsync_Connect)
                  20011d48    00000084     sysbios.aem4 : BIOS.obj (.text:_pthread_runStub)
                  20011dcc    00000084     drivers_cc32xx.aem4 : PowerCC32XX.oem4 (.text:saveNVICRegs)
                  20011e50    00000084     simplelink.a : sl_socket.obj (.text:sl_SetSockOpt)
                  20011ed4    00000004     dpl_cc32xx.aem4 : MutexP_tirtos.oem4 (.text:MutexP_lock)
                  20011ed8    00000084     sysbios.aem4 : BIOS.obj (.text:ti_sysbios_family_arm_m3_Hwi_postInit__I)
                  20011f5c    00000004     dpl_cc32xx.aem4 : MutexP_tirtos.oem4 (.text:MutexP_unlock)
                  20011f60    00000084     sysbios.aem4 : BIOS.obj (.text:ti_sysbios_heaps_HeapMem_free__E)
                  20011fe4    00000004     drivers_cc32xx.aem4 : SPICC32XXDMA.oem4 (.text:SPICC32XXDMA_init)
                  20011fe8    00000084     sysbios.aem4 : BIOS.obj (.text:xdc_runtime_Core_constructObject__I)
                  2001206c    00000080     drivers_cc32xx.aem4 : UARTCC32XX.oem4 (.text:readIsrBinaryCallback)
                  200120ec    0000007c                         : UDMACC32XX.oem4 (.text:UDMACC32XX_open)
                  20012168    0000007a                         : UARTCC32XX.oem4 (.text:readTaskCallback)
                  200121e2    0000007a     rtsv7M4_T_le_eabi.lib : memset_t2.obj (.text)
                  2001225c    00000078     drivers_cc32xx.aem4 : GPIOCC32XX.oem4 (.text:GPIO_hwiIntFxn)
                  200122d4    00000078                         : PowerCC32XX.oem4 (.text:Power_init)
                  2001234c    00000078     PN532.obj (.text:WriteSPI)
                  200123c4    00000078     simplelink.a : sl_socket.obj (.text:sl_Socket)
                  2001243c    00000074     drivers_cc32xx.aem4 : UARTCC32XX.oem4 (.text:UARTCC32XX_hwiIntFxn)
                  200124b0    00000074     sysbios.aem4 : BIOS.obj (.text:xdc_runtime_Core_deleteObject__I)
                  20012524    00000004     dpl_cc32xx.aem4 : SemaphoreP_tirtos.oem4 (.text:SemaphoreP_post)
                  20012528    00000070     sysbios.aem4 : BIOS.obj (.text:ti_sysbios_heaps_HeapMem_initPrimary__I)
                  20012598    00000070                  : BIOS.obj (.text:ti_sysbios_knl_Clock_workFunc__E)
                  20012608    0000006c     simplelink.a : device.obj (.text:_SlDeviceHandleResetRequestInternally)
                  20012674    0000006c                  : driver.obj (.text:_SlDrvCmdSend_noLock)
                  200126e0    0000006c                  : netapp.obj (.text:_SlNetAppSendTokenValue)
                  2001274c    00000004     rtsv7M4_T_le_eabi.lib : error.obj (.text)
                  20012750    0000006c     sysbios.aem4 : BIOS.obj (.text:ti_sysbios_knl_Swi_restoreHwi__E)
                  200127bc    00000068     simplelink.a : device.obj (.text:_SlDeviceHandleAsync_Stop)
                  20012824    00000068                  : sl_socket.obj (.text:_SlSocketHandleAsync_Accept)
                  2001288c    00000068     rtsv7M4_T_le_eabi.lib : copy_decompress_lzss.obj (.text:decompress:lzss)
                  200128f4    00000066     drivers_cc32xx.aem4 : UARTCC32XX.oem4 (.text:UARTCC32XX_writeCancel)
                  2001295a    00000002     release_pem4.oem4 (.text:xdc_runtime_Startup_reset__I)
                  2001295c    00000064     drivers_cc32xx.aem4 : PowerCC32XX.oem4 (.text:PowerCC32XX_setParkState)
                  200129c0    00000064     sysbios.aem4 : BIOS.obj (.text:ti_sysbios_family_arm_m3_Hwi_dispatchC__I)
                  20012a24    00000004     release_pem4.oem4 (.text:ti_sysbios_BIOS_RtsGateProxy_enter__E)
                  20012a28    00000064     sysbios.aem4 : BIOS.obj (.text:ti_sysbios_knl_Semaphore_post__E)
                  20012a8c    00000062     drivers_cc32xx.aem4 : UARTCC32XX.oem4 (.text:UARTCC32XX_writePolling)
                  20012aee    00000002     --HOLE-- [fill = 0]
                  20012af0    00000060     driverlib.a : prcm.obj (.text:PRCMSysResetCauseGet)
                  20012b50    00000060     rtsv7M4_T_le_eabi.lib : sprintf.obj (.text)
                  20012bb0    0000005f     empty.obj (.text:MotorControl)
                  20012c0f    00000001     --HOLE-- [fill = 0]
                  20012c10    0000005c     drivers_cc32xx.aem4 : PowerCC32XX.oem4 (.text:Power_setDependency)
                  20012c6c    0000005c     rtsv7M4_T_le_eabi.lib : s_frexp.obj (.text)
                  20012cc8    0000005c     sysbios.aem4 : BIOS.obj (.text:ti_sysbios_family_arm_m3_Timer_start__E)
                  20012d24    00000004     release_pem4.oem4 (.text:ti_sysbios_BIOS_RtsGateProxy_leave__E)
                  20012d28    0000005c     sysbios.aem4 : BIOS.obj (.text:ti_sysbios_knl_Swi_run__I)
                  20012d84    00000004     release_pem4.oem4 (.text:ti_sysbios_family_arm_m3_Hwi_delete)
                  20012d88    0000005c     sysbios.aem4 : BIOS.obj (.text:ti_sysbios_knl_Swi_schedule__I)
                  20012de4    00000004     release_pem4.oem4 (.text:ti_sysbios_family_arm_m3_TaskSupport_Module__startupDone__S)
                  20012de8    0000005c     sysbios.aem4 : BIOS.obj (.text:ti_sysbios_knl_Task_unblockI__E)
                  20012e44    00000004     release_pem4.oem4 (.text:ti_sysbios_gates_GateMutex_delete)
                  20012e48    0000005c     sysbios.aem4 : BIOS.obj (.text:xdc_runtime_Startup_exec__E)
                  20012ea4    00000058     drivers_cc32xx.aem4 : GPIOCC32XX.oem4 (.text:GPIO_setCallback)
                  20012efc    00000058                         : GPIOCC32XX.oem4 (.text:GPIO_write)
                  20012f54    00000058     driverlib.a : prcm.obj (.text:PRCMPeripheralReset)
                  20012fac    00000058     drivers_cc32xx.aem4 : PowerCC32XX.oem4 (.text:Power_releaseDependency)
                  20013004    00000058     simplelink.a : sl_socket.obj (.text:_SlDrvClearCtrlSocket)
                  2001305c    00000058     main_tirtos.obj (.text:main)
                  200130b4    00000054     rtsv7M4_T_le_eabi.lib : exit.obj (.text)
                  20013108    00000054                           : ltoa.obj (.text)
                  2001315c    00000054     release_pem4.oem4 (.text:ti_sysbios_family_arm_m3_Hwi_create)
                  200131b0    00000054     sysbios.aem4 : BIOS.obj (.text:ti_sysbios_family_arm_m3_Timer_setPeriod__E)
                  20013204    00000004     release_pem4.oem4 (.text:ti_sysbios_heaps_HeapMem_Module_GateProxy_enter__E)
                  20013208    00000054     sysbios.aem4 : BIOS.obj (.text:xdc_runtime_Core_assignLabel__I)
                  2001325c    00000052     drivers_cc32xx.aem4 : PowerCC32XX.oem4 (.text:PowerCC32XX_parkPin)
                  200132ae    00000052                         : PowerCC32XX_asm.oem4 (.text:PowerCC32XX_resumeLPDS)
                  20013300    00000050     simplelink.a : cc_pal.obj (.text:NwpRegisterInterruptHandler)
                  20013350    00000050                  : driver.obj (.text:_SlDrvRxIrqHandler)
                  200133a0    00000050                  : eventreg.obj (.text:_SlNetAppHttpServerHdlr)
                  200133f0    00000050                  : eventreg.obj (.text:_SlNetAppRequestHdlr)
                  20013440    00000050                  : cc_pal.obj (.text:spi_Open)
                  20013490    00000050     sysbios.aem4 : BIOS.obj (.text:ti_sysbios_family_arm_m3_Hwi_Module_startup__E)
                  200134e0    00000050                  : BIOS.obj (.text:ti_sysbios_knl_Clock_Instance_init__E)
                  20013530    00000050     release_pem4.oem4 (.text:ti_sysbios_knl_Task_create)
                  20013580    0000004c     PN532.obj (.text:CheckACK)
                  200135cc    0000004c     drivers_cc32xx.aem4 : GPIOCC32XX.oem4 (.text:GPIO_enableInt)
                  20013618    0000004c     simplelink.a : cc_pal.obj (.text:NwpWaitForShutDownInd)
                  20013664    0000004c                  : driver.obj (.text:_SlDrvCmdSend_noWait)
                  200136b0    0000004c                  : driver.obj (.text:_SlDrvProtectAsyncRespSetting)
                  200136fc    0000004c     drivers_cc32xx.aem4 : PowerCC32XX.oem4 (.text:restorePeriphClocks)
                  20013748    0000004c     rtsv7M4_T_le_eabi.lib : atoi.obj (.text)
                  20013794    0000004c                           : cpy_tbl.obj (.text)
                  200137e0    0000004c     simplelink.a : wlan.obj (.text:sl_WlanSetMode)
                  2001382c    0000004c     sysbios.aem4 : m3_TaskSupport_asm.obj (.text:ti_sysbios_family_arm_m3_TaskSupport_buildTaskStack)
                  20013878    0000004c                  : BIOS.obj (.text:ti_sysbios_heaps_HeapMem_getStats__E)
                  200138c4    00000004     release_pem4.oem4 (.text:ti_sysbios_heaps_HeapMem_Module_GateProxy_leave__E)
                  200138c8    0000004c     sysbios.aem4 : BIOS.obj (.text:ti_sysbios_knl_Swi_runLoop__I)
                  20013914    00000004     release_pem4.oem4 (.text:ti_sysbios_knl_Clock_TimerProxy_getMaxTicks__E)
                  20013918    0000004c     sysbios.aem4 : BIOS.obj (.text:ti_sysbios_knl_Task_allBlockedFunction__I)
                  20013964    00000048     dpl_cc32xx.aem4 : ClockP_tirtos.oem4 (.text:ClockP_create)
                  200139ac    00000048     driverlib.a : flash.obj (.text:FlashDisable)
                  200139f4    00000048     uart_term.obj (.text:InitTerm)
                  20013a3c    00000048     driverlib.a : prcm.obj (.text:PRCMLPDSEnter)
                  20013a84    00000048                 : prcm.obj (.text:PRCMPeripheralClkEnable)
                  20013acc    00000048     drivers_cc32xx.aem4 : PowerCC32XX.oem4 (.text:Power_releaseConstraint)
                  20013b14    00000048     simplelink.a : eventreg.obj (.text:_SlDeviceFatalErrorEvtHdlr)
                  20013b5c    00000048                  : eventreg.obj (.text:_SlDeviceGeneralEvtHdlr)
                  20013ba4    00000048                  : driver.obj (.text:_SlDrvSyncObjWaitTimeout)
                  20013bec    00000048                  : eventreg.obj (.text:_SlNetAppEvtHdlr)
                  20013c34    00000048                  : eventreg.obj (.text:_SlNetAppRequestMemFree)
                  20013c7c    00000048                  : eventreg.obj (.text:_SlSockEvtHdlr)
                  20013cc4    00000048                  : eventreg.obj (.text:_SlWlanEvtHdlr)
                  20013d0c    00000048     rtsv7M4_T_le_eabi.lib : fd_toi_t2.obj (.text)
                  20013d54    00000004     release_pem4.oem4 (.text:ti_sysbios_knl_Clock_TimerProxy_setPeriodMicroSecs__E)
                  20013d58    00000048     sysbios.aem4 : BIOS.obj (.text:ti_sysbios_family_arm_m3_Hwi_disableInterrupt__E)
                  20013da0    00000048                  : BIOS.obj (.text:ti_sysbios_family_arm_m3_Hwi_enableInterrupt__E)
                  20013de8    00000048                  : m3_Hwi_asm_switch.obj (.text:ti_sysbios_family_arm_m3_Hwi_initStacks__E)
                  20013e30    00000048                  : BIOS.obj (.text:ti_sysbios_family_arm_m3_Timer_initDevice__I)
                  20013e78    00000048                  : BIOS.obj (.text:ti_sysbios_knl_Mailbox_Module_startup__E)
                  20013ec0    00000048                  : BIOS.obj (.text:ti_sysbios_knl_Task_deleteTerminatedTasksFunc__I)
                  20013f08    00000046     drivers_cc32xx.aem4 : RingBuf.oem4 (.text:RingBuf_put)
                  20013f4e    00000002     --HOLE-- [fill = 0]
                  20013f50    00000046     sysbios.aem4 : BIOS.obj (.text:xdc_runtime_Core_assignParams__I)
                  20013f96    00000002     --HOLE-- [fill = 0]
                  20013f98    00000044     driverlib.a : prcm.obj (.text:PRCMLPDSRestoreInfoSet)
                  20013fdc    00000044     drivers_cc32xx.aem4 : PowerCC32XX_asm.oem4 (.text:PowerCC32XX_enterLPDS)
                  20014020    00000044                         : SPI.oem4 (.text:SPI_init)
                  20014064    00000044                         : UART.oem4 (.text:UART_init)
                  200140a8    00000044     boot.aem4 : boot.oem4 (.text)
                  200140ec    00000044     drivers_cc32xx.aem4 : PowerCC32XX.oem4 (.text:notify)
                  20014130    00000044     sysbios.aem4 : BIOS.obj (.text:ti_sysbios_family_arm_m3_Hwi_getStackInfo__E)
                  20014174    00000004     release_pem4.oem4 (.text:ti_sysbios_knl_Clock_TimerProxy_start__E)
                  20014178    00000044     sysbios.aem4 : BIOS.obj (.text:ti_sysbios_knl_Mailbox_postInit__I)
                  200141bc    00000004     release_pem4.oem4 (.text:ti_sysbios_knl_Clock_TimerProxy_stop__E)
                  200141c0    00000044     sysbios.aem4 : BIOS.obj (.text:ti_sysbios_knl_Swi_post__E)
                  20014204    00000004     release_pem4.oem4 (.text:ti_sysbios_knl_Clock_delete)
                  20014208    00000044     sysbios.aem4 : BIOS.obj (.text:xdc_runtime_System_atexit__E)
                  2001424c    00000042     simplelink.a : sl_socket.obj (.text:sl_Htonl)
                  2001428e    00000040                  : sl_socket.obj (.text:CountSetBits)
                  200142ce    00000002     --HOLE-- [fill = 0]
                  200142d0    00000040     dpl_cc32xx.aem4 : HwiP_tirtos.oem4 (.text:HwiP_create)
                  20014310    00000040     PN532.obj (.text:InitSPI)
                  20014350    00000040     driverlib.a : pin.obj (.text:PinModeSet)
                  20014390    00000040     drivers_cc32xx.aem4 : RingBuf.oem4 (.text:RingBuf_get)
                  200143d0    00000040                         : UARTCC32XX.oem4 (.text:UARTCC32XX_read)
                  20014410    00000040                         : UDMACC32XX.oem4 (.text:UDMACC32XX_init)
                  20014450    00000040     simplelink.a : driver.obj (.text:_SlDrvGlobalObjUnLock)
                  20014490    00000040                  : eventreg.obj (.text:_SlIsEventRegistered)
                  200144d0    00000040     sysbios.aem4 : BIOS.obj (.text:ti_sysbios_heaps_HeapMem_Instance_init__E)
                  20014510    0000003e     simplelink.a : sl_socket.obj (.text:_SlSocketBuildAddress)
                  2001454e    0000003e     release_pem4.oem4 (.text:realloc)
                  2001458c    0000003c     drivers_cc32xx.aem4 : PowerCC32XX.oem4 (.text:Power_setConstraint)
                  200145c8    0000003c                         : SPI.oem4 (.text:SPI_open)
                  20014604    0000003c     dpl_cc32xx.aem4 : SemaphoreP_tirtos.oem4 (.text:SemaphoreP_create)
                  20014640    0000003c     drivers_cc32xx.aem4 : UART.oem4 (.text:UART_open)
                  2001467c    0000003c     simplelink.a : netapp.obj (.text:_SlNetAppCopyPingResultsToReport)
                  200146b8    0000003c     dpl_cc32xx.aem4 : PowerCC32XX_tirtos.oem4 (.text:getCountsRTC)
                  200146f4    0000003c     simplelink.a : sl_socket.obj (.text:sl_Htons)
                  20014730    0000003c     sysbios.aem4 : BIOS.obj (.text:ti_sysbios_family_arm_m3_Hwi_Instance_finalize__E)
                  2001476c    00000004     release_pem4.oem4 (.text:ti_sysbios_knl_Semaphore_delete)
                  20014770    0000003c     sysbios.aem4 : BIOS.obj (.text:ti_sysbios_family_arm_m3_Timer_setPeriodMicroSecs__E)
                  200147ac    0000003c     release_pem4.oem4 (.text:ti_sysbios_knl_Clock_create)
                  200147e8    0000003c     sysbios.aem4 : BIOS.obj (.text:ti_sysbios_knl_Clock_walkQueuePeriodic__E)
                  20014824    00000004     release_pem4.oem4 (.text:ti_sysbios_knl_Task_delete)
                  20014828    0000003c     sysbios.aem4 : BIOS.obj (.text:ti_sysbios_knl_Swi_restore__E)
                  20014864    00000004     release_pem4.oem4 (.text:xdc_runtime_System_Module_GateProxy_enter__E)
                  20014868    0000003c     sysbios.aem4 : BIOS.obj (.text:xdc_runtime_System_processAtExit__E)
                  200148a4    00000038     driverlib.a : prcm.obj (.text:PRCMLPDSEnterKeepDebugIf)
                  200148dc    00000004     release_pem4.oem4 (.text:xdc_runtime_System_Module_GateProxy_leave__E)
                  200148e0    00000038     sysbios.aem4 : BIOS.obj (.text:ti_sysbios_knl_Task_processVitalTaskFlag__I)
                  20014918    00000038                  : BIOS.obj (.text:usleep)
                  20014950    00000036     drivers_cc32xx.aem4 : PowerCC32XX.oem4 (.text:PowerCC32XX_restoreParkedPin)
                  20014986    00000036                         : UARTCC32XX.oem4 (.text:UARTCC32XX_readCancel)
                  200149bc    00000034     driverlib.a : pin.obj (.text:PinModeGet)
                  200149f0    00000034     drivers_cc32xx.aem4 : PowerCC32XX.oem4 (.text:PowerCC32XX_restoreParkState)
                  20014a24    00000034                         : UDMACC32XX.oem4 (.text:UDMACC32XX_close)
                  20014a58    00000034     sysbios.aem4 : BIOS.obj (.text:ti_sysbios_family_arm_m3_Timer_periodicStub__I)
                  20014a8c    00000034     release_pem4.oem4 (.text:ti_sysbios_knl_Semaphore_create)
                  20014ac0    00000032     sysbios.aem4 : BIOS.obj (.text:ti_sysbios_hal_Hwi_initStack)
                  20014af2    00000006     dpl_cc32xx.aem4 : ClockP_tirtos.oem4 (.text:ClockP_Params_init)
                  20014af8    00000032     sysbios.aem4 : BIOS.obj (.text:ti_sysbios_knl_Semaphore_pendTimeout__I)
                  20014b2a    00000002     --HOLE-- [fill = 0]
                  20014b2c    00000030     simplelink.a : driver.obj (.text:_SlDrvSyncObjWaitForever)
                  20014b5c    00000030     PN532.obj (.text:frameCheck)
                  20014b8c    00000030     release_pem4.oem4 (.text:ti_sysbios_BIOS_atExitFunc__I)
                  20014bbc    00000030     release_pem4.oem4 (.text:ti_sysbios_BIOS_startFunc__I)
                  20014bec    00000004     --HOLE-- [fill = 0]
                  20014bf0    00000030     sysbios.aem4 : BIOS.obj (.text:ti_sysbios_family_arm_m3_TaskSupport_start__E)
                  20014c20    00000030     release_pem4.oem4 (.text:ti_sysbios_gates_GateHwi_Object__create__S)
                  20014c50    00000030     release_pem4.oem4 (.text:ti_sysbios_gates_GateMutex_Object__create__S)
                  20014c80    00000030     release_pem4.oem4 (.text:ti_sysbios_gates_GateMutex_create)
                  20014cb0    00000030     sysbios.aem4 : BIOS.obj (.text:ti_sysbios_gates_GateMutex_enter__E)
                  20014ce0    00000030     release_pem4.oem4 (.text:ti_sysbios_heaps_HeapMem_Object__create__S)
                  20014d10    00000030     release_pem4.oem4 (.text:ti_sysbios_knl_Semaphore_construct)
                  20014d40    0000002e     rtsv7M4_T_le_eabi.lib : i_tofd_t2.obj (.text)
                  20014d6e    0000002e     release_pem4.oem4 (.text:ti_sysbios_rts_gnu_MemAlloc_alloc)
                  20014d9c    0000002c     simplelink.a : cc_pal.obj (.text:NwpPowerOn)
                  20014dc8    0000002c     drivers_cc32xx.aem4 : PowerCC32XX.oem4 (.text:PowerCC32XX_getParkState)
                  20014df4    0000002c     dpl_cc32xx.aem4 : SemaphoreP_tirtos.oem4 (.text:SemaphoreP_createBinary)
                  20014e20    0000002c     simplelink.a : cc_pal.obj (.text:Semaphore_create_handle)
                  20014e4c    0000002c     release_pem4.oem4 (.text:ti_sysbios_knl_Clock_doTick__I)
                  20014e78    0000002c     release_pem4.oem4 (.text:ti_sysbios_knl_Queue_construct)
                  20014ea4    00000004     --HOLE-- [fill = 0]
                  20014ea8    0000002c     sysbios.aem4 : BIOS.obj (.text:ti_sysbios_knl_Task_restore__E)
                  20014ed4    0000002a     PN532.obj (.text:SlaveSelect)
                  20014efe    00000002     --HOLE-- [fill = 0]
                  20014f00    0000002a     sysbios.aem4 : BIOS.obj (.text:sem_init)
                  20014f2a    00000002     --HOLE-- [fill = 0]
                  20014f2c    00000028     driverlib.a : prcm.obj (.text:PRCMPeripheralClkDisable)
                  20014f54    00000028     dpl_cc32xx.aem4 : PowerCC32XX_tirtos.oem4 (.text:PowerCC32XX_initPolicy)
                  20014f7c    00000028     drivers_cc32xx.aem4 : PowerCC32XX.oem4 (.text:Power_registerNotify)
                  20014fa4    00000028     simplelink.a : driver.obj (.text:_SlDrvProtectionObjLockWaitForever)
                  20014fcc    00000028                  : driver.obj (.text:_SlDrvProtectionObjUnLock)
                  20014ff4    00000028                  : driver.obj (.text:_SlDrvUpdateApiInProgress)
                  2001501c    00000028                  : flowcont.obj (.text:_SlFlowContSet)
                  20015044    00000004     --HOLE-- [fill = 0]
                  20015048    00000028     sysbios.aem4 : BIOS.obj (.text:ti_sysbios_knl_Clock_addI__E)
                  20015070    00000028                  : BIOS.obj (.text:ti_sysbios_knl_Swi_Module_startup__E)
                  20015098    00000026     drivers_cc32xx.aem4 : List.oem4 (.text:List_put)
                  200150be    00000026     PN532.obj (.text:SwapEndian)
                  200150e4    00000024     simplelink.a : cc_pal.obj (.text:Mutex_create_handle)
                  20015108    00000024                  : driver.obj (.text:_SlDrvIsApiInProgress)
                  2001512c    00000024                  : driver.obj (.text:_SlDrvStartMeasureTimeout)
                  20015150    00000024     sysbios.aem4 : BIOS.obj (.text:pthread_attr_init)
                  20015174    00000024     release_pem4.oem4 (.text:ti_sysbios_BIOS_registerRTSLock__I)
                  20015198    00000024     release_pem4.oem4 (.text:ti_sysbios_BIOS_removeRTSLock__I)
                  200151bc    00000004     --HOLE-- [fill = 0]
                  200151c0    00000024     sysbios.aem4 : BIOS.obj (.text:ti_sysbios_family_arm_m3_Timer_Module_startup__E)
                  200151e4    00000004     --HOLE-- [fill = 0]
                  200151e8    00000024                  : BIOS.obj (.text:ti_sysbios_family_arm_m3_Timer_postInit__I)
                  2001520c    00000004     --HOLE-- [fill = 0]
                  20015210    00000024                  : BIOS.obj (.text:ti_sysbios_family_arm_m3_Timer_startup__E)
                  20015234    00000024     release_pem4.oem4 (.text:ti_sysbios_gates_GateMutex_Object__delete__S)
                  20015258    00000024     sysbios.aem4 : BIOS.obj (.text:ti_sysbios_knl_Clock_Module_startup__E)
                  2001527c    00000024     release_pem4.oem4 (.text:ti_sysbios_knl_Clock_Object__delete__S)
                  200152a0    00000024     sysbios.aem4 : BIOS.obj (.text:ti_sysbios_knl_Clock_start__E)
                  200152c4    00000004     --HOLE-- [fill = 0]
                  200152c8    00000024                  : BIOS.obj (.text:ti_sysbios_knl_Semaphore_Instance_init__E)
                  200152ec    00000024     release_pem4.oem4 (.text:ti_sysbios_knl_Semaphore_Object__delete__S)
                  20015310    00000024     sysbios.aem4 : BIOS.obj (.text:ti_sysbios_knl_Task_restoreHwi__E)
                  20015334    00000004     --HOLE-- [fill = 0]
                  20015338    00000024                  : BIOS.obj (.text:xdc_runtime_Error_policyMin__E)
                  2001535c    00000020     drivers_cc32xx.aem4 : PowerCC32XX.oem4 (.text:Power_unregisterNotify)
                  2001537c    00000020                         : RingBuf.oem4 (.text:RingBuf_peek)
                  2001539c    00000020     simplelink.a : driver.obj (.text:_SlDrvObjLockWaitForever)
                  200153bc    00000020                  : driver.obj (.text:_SlDrvObjUnLock)
                  200153dc    00000020     drivers_cc32xx.aem4 : SPICC32XXDMA.oem4 (.text:getPowerMgrId)
                  200153fc    00000020                         : UARTCC32XX.oem4 (.text:getPowerMgrId)
                  2001541c    00000004     --HOLE-- [fill = 0]
                  20015420    00000020     sysbios.aem4 : BIOS.obj (.text:sleep)
                  20015440    00000020     release_pem4.oem4 (.text:ti_sysbios_BIOS_rtsLock__I)
                  20015460    00000020     release_pem4.oem4 (.text:ti_sysbios_family_arm_m3_Hwi_Object__delete__S)
                  20015480    00000020     sysbios.aem4 : BIOS.obj (.text:ti_sysbios_family_arm_m3_Hwi_clearInterrupt__E)
                  200154a0    00000020                  : m3_Hwi_asm.obj (.text:ti_sysbios_family_arm_m3_Hwi_excHandlerAsm__I)
                  200154c0    00000020                  : BIOS.obj (.text:ti_sysbios_family_arm_m3_Hwi_excHandler__I)
                  200154e0    00000020     release_pem4.oem4 (.text:ti_sysbios_gates_GateHwi_Object__delete__S)
                  20015500    00000020     release_pem4.oem4 (.text:ti_sysbios_heaps_HeapMem_Object__delete__S)
                  20015520    00000020     sysbios.aem4 : BIOS.obj (.text:ti_sysbios_knl_Idle_run__E)
                  20015540    00000020     release_pem4.oem4 (.text:ti_sysbios_knl_Semaphore_destruct)
                  20015560    00000020     release_pem4.oem4 (.text:ti_sysbios_knl_Task_Object__delete__S)
                  20015580    0000001e     simplelink.a : driver.obj (.text:_SlDrvSyncObjSignal)
                  2001559e    0000001e     drivers_cc32xx.aem4 : UDMACC32XX.oem4 (.text:postNotifyFxn)
                  200155bc    0000001e     sysbios.aem4 : m3_Hwi_asm_switch.obj (.text:ti_sysbios_family_xxx_Hwi_switchAndRunFunc)
                  200155da    00000002     --HOLE-- [fill = 0]
                  200155dc    0000001c     uart_term.obj (.text:Message)
                  200155f8    0000001c     driverlib.a : pin.obj (.text:PinToPadGet)
                  20015614    0000001c     simplelink.a : device.obj (.text:_SlDeviceGetStartResponseConvert)
                  20015630    0000001c     rtsv7M4_T_le_eabi.lib : memccpy.obj (.text)
                  2001564c    00000004     --HOLE-- [fill = 0]
                  20015650    0000001c     sysbios.aem4 : BIOS.obj (.text:ti_sysbios_family_arm_m3_Timer_stop__E)
                  2001566c    00000004     --HOLE-- [fill = 0]
                  20015670    0000001c                  : BIOS.obj (.text:ti_sysbios_gates_GateMutex_Instance_init__E)
                  2001568c    00000004     --HOLE-- [fill = 0]
                  20015690    0000001c                  : BIOS.obj (.text:ti_sysbios_knl_Clock_Instance_finalize__E)
                  200156ac    0000001c     release_pem4.oem4 (.text:ti_sysbios_knl_Queue_destruct)
                  200156c8    0000001c     sysbios.aem4 : BIOS.obj (.text:ti_sysbios_knl_Queue_put__E)
                  200156e4    00000004     --HOLE-- [fill = 0]
                  200156e8    0000001c                  : BIOS.obj (.text:ti_sysbios_knl_Task_enter__I)
                  20015704    0000001a     release_pem4.oem4 (.text:free)
                  2001571e    0000001a     sysbios.aem4 : m3_Hwi_asm.obj (.text:ti_sysbios_family_arm_m3_Hwi_pendSV__I)
                  20015738    0000001a                  : BIOS.obj (.text:ti_sysbios_knl_Task_sleepTimeout__I)
                  20015752    00000002     --HOLE-- [fill = 0]
                  20015754    00000018     drivers_cc32xx.aem4 : PowerCC32XX.oem4 (.text:Power_idleFunc)
                  2001576c    00000018     driverlib.a : uart.obj (.text:UARTBusy)
                  20015784    00000018                 : uart.obj (.text:UARTIntEnable)
                  2001579c    00000018     drivers_cc32xx.aem4 : UART.oem4 (.text:UART_Params_init)
                  200157b4    00000018     rtsv7M4_T_le_eabi.lib : args_main.obj (.text)
                  200157cc    00000018                           : ll_mul_t2.obj (.text)
                  200157e4    00000018                           : strcmp.obj (.text)
                  200157fc    00000018     release_pem4.oem4 (.text:ti_sysbios_BIOS_rtsUnlock__I)
                  20015814    00000018     release_pem4.oem4 (.text:ti_sysbios_family_arm_m3_Hwi_Module__startupDone__F)
                  2001582c    00000018     release_pem4.oem4 (.text:ti_sysbios_family_arm_m3_Timer_Module__startupDone__F)
                  20015844    00000018     release_pem4.oem4 (.text:ti_sysbios_gates_GateHwi_Handle__label__S)
                  2001585c    00000018     release_pem4.oem4 (.text:ti_sysbios_gates_GateMutex_Handle__label__S)
                  20015874    00000004     --HOLE-- [fill = 0]
                  20015878    00000018     sysbios.aem4 : BIOS.obj (.text:ti_sysbios_gates_GateMutex_leave__E)
                  20015890    00000018     release_pem4.oem4 (.text:ti_sysbios_heaps_HeapMem_Handle__label__S)
                  200158a8    00000018     sysbios.aem4 : BIOS.obj (.text:ti_sysbios_rts_ti_ReentSupport_getReent__F)
                  200158c0    00000018     release_pem4.oem4 (.text:ti_sysbios_rts_ti_ReentSupport_getTlsAddr__I)
                  200158d8    00000018     sysbios.aem4 : BIOS.obj (.text:xdc_runtime_Error_init__E)
                  200158f0    00000018                  : BIOS.obj (.text:xdc_runtime_System_exit__E)
                  20015908    00000016     drivers_cc32xx.aem4 : List.oem4 (.text:List_remove)
                  2001591e    00000016     driverlib.a : prcm.obj (.text:PRCMHIBRegRead)
                  20015934    00000016                 : prcm.obj (.text:PRCMHIBRegWrite)
                  2001594a    00000016     simplelink.a : driver.obj (.text:_SlDrvMemZero)
                  20015960    00000016     rtsv7M4_T_le_eabi.lib : strchr.obj (.text)
                  20015976    00000016     release_pem4.oem4 (.text:ti_sysbios_BIOS_exitFunc__I)
                  2001598c    00000014     drivers_cc32xx.aem4 : PowerCC32XX.oem4 (.text:Power_getDependencyCount)
                  200159a0    00000014                         : SPI.oem4 (.text:SPI_Params_init)
                  200159b4    00000004     --HOLE-- [fill = 0]
                  200159b8    00000014     sysbios.aem4 : BIOS.obj (.text:pthread_attr_setschedparam)
                  200159cc    00000014     drivers_cc32xx.aem4 : UARTCC32XX.oem4 (.text:releasePowerConstraint)
                  200159e0    00000014     rtsv7M4_T_le_eabi.lib : _lock.obj (.text)
                  200159f4    00000014                           : strlen.obj (.text)
                  20015a08    00000014     release_pem4.oem4 (.text:ti_sysbios_family_arm_m3_Hwi_Object__get__S)
                  20015a1c    00000004     --HOLE-- [fill = 0]
                  20015a20    00000014     sysbios.aem4 : BIOS.obj (.text:ti_sysbios_family_arm_m3_Hwi_switchFromBootStack__E)
                  20015a34    00000014     release_pem4.oem4 (.text:ti_sysbios_heaps_HeapMem_Object__get__S)
                  20015a48    00000014     sysbios.aem4 : BIOS.obj (.text:ti_sysbios_knl_Clock_tickReconfig__E)
                  20015a5c    00000014     release_pem4.oem4 (.text:ti_sysbios_knl_Swi_Object__get__S)
                  20015a70    00000014     release_pem4.oem4 (.text:ti_sysbios_knl_Task_Object__first__S)
                  20015a84    00000014     release_pem4.oem4 (.text:ti_sysbios_knl_Task_Object__next__S)
                  20015a98    00000012     drivers_cc32xx.aem4 : RingBuf.oem4 (.text:RingBuf_construct)
                  20015aaa    00000012     dpl_cc32xx.aem4 : SemaphoreP_tirtos.oem4 (.text:SemaphoreP_pend)
                  20015abc    00000004     --HOLE-- [fill = 0]
                  20015ac0    00000012     sysbios.aem4 : BIOS.obj (.text:ti_sysbios_hal_Hwi_Module_startup__E)
                  20015ad2    00000012     release_pem4.oem4 (.text:xdc_runtime_Startup_exec__I)
                  20015ae4    00000010     dpl_cc32xx.aem4 : HwiP_tirtos.oem4 (.text:HwiP_Params_init)
                  20015af4    00000010     simplelink.a : cc_pal.obj (.text:MutexP_delete_handle)
                  20015b04    00000010                  : cc_pal.obj (.text:Mutex_unlock)
                  20015b14    00000010                  : cc_pal.obj (.text:SemaphoreP_delete_handle)
                  20015b24    00000010                  : cc_pal.obj (.text:SemaphoreP_post_handle)
                  20015b34    00000010                  : driver.obj (.text:_SlDrvDispatchHttpServerEvents)
                  20015b44    00000010                  : driver.obj (.text:_SlDrvDispatchNetAppRequestEvents)
                  20015b54    00000010     drivers_cc32xx.aem4 : UARTCC32XX.oem4 (.text:readBlockingTimeout)
                  20015b64    00000004     --HOLE-- [fill = 0]
                  20015b68    00000010     sysbios.aem4 : BIOS.obj (.text:ti_sysbios_BIOS_getCpuFreq__E)
                  20015b78    00000010                  : BIOS.obj (.text:ti_sysbios_BIOS_setThreadType__E)
                  20015b88    00000010                  : BIOS.obj (.text:ti_sysbios_BIOS_start__E)
                  20015b98    00000010                  : m3_TaskSupport_asm.obj (.text:ti_sysbios_family_arm_m3_TaskSupport_glue)
                  20015ba8    00000010                  : m3_TaskSupport_asm.obj (.text:ti_sysbios_family_arm_m3_TaskSupport_swap__E)
                  20015bb8    00000010                  : BIOS.obj (.text:ti_sysbios_gates_GateMutex_Instance_finalize__E)
                  20015bc8    00000010     release_pem4.oem4 (.text:ti_sysbios_knl_Mailbox_Object__get__S)
                  20015bd8    00000010     sysbios.aem4 : BIOS.obj (.text:ti_sysbios_knl_Semaphore_Instance_finalize__E)
                  20015be8    00000010                  : BIOS.obj (.text:ti_sysbios_knl_Swi_disable__E)
                  20015bf8    00000010     release_pem4.oem4 (.text:ti_sysbios_knl_Task_Object__get__S)
                  20015c08    00000010     sysbios.aem4 : BIOS.obj (.text:ti_sysbios_knl_Task_disable__E)
                  20015c18    00000010                  : BIOS.obj (.text:xdc_runtime_Memory_free__E)
                  20015c28    00000010                  : BIOS.obj (.text:xdc_runtime_SysCallback_abort__E)
                  20015c38    00000010                  : BIOS.obj (.text:xdc_runtime_SysCallback_exit__E)
                  20015c48    0000000e     simplelink.a : cc_pal.obj (.text:Mutex_lock)
                  20015c56    0000000e                  : driver.obj (.text:_SlDrvResetCmdExt)
                  20015c64    0000000e     rtsv7M4_T_le_eabi.lib : copy_decompress_none.obj (.text:decompress:none)
                  20015c72    0000000e     drivers_cc32xx.aem4 : SPICC32XXDMA.oem4 (.text:postNotifyFxn)
                  20015c80    0000000e     sysbios.aem4 : BIOS.obj (.text:pthread_attr_setdetachstate)
                  20015c8e    0000000e     simplelink.a : cc_pal.obj (.text:spi_Close)
                  20015c9c    00000004     --HOLE-- [fill = 0]
                  20015ca0    0000000e     sysbios.aem4 : BIOS.obj (.text:ti_sysbios_knl_Idle_loop__E)
                  20015cae    00000002     --HOLE-- [fill = 0]
                  20015cb0    0000000e                  : BIOS.obj (.text:ti_sysbios_knl_Queue_empty__E)
                  20015cbe    0000000c     CC3220S_LAUNCHXL.obj (.text:CC3220S_LAUNCHXL_initGeneral)
                  20015cca    0000000c     dpl_cc32xx.aem4 : ClockP_tirtos.oem4 (.text:ClockP_delete)
                  20015cd6    0000000c                     : HwiP_tirtos.oem4 (.text:HwiP_delete)
                  20015ce2    00000002     --HOLE-- [fill = 0]
                  20015ce4    0000000c                     : MutexP_tirtos.oem4 (.text:MutexP_create)
                  20015cf0    0000000c                     : MutexP_tirtos.oem4 (.text:MutexP_delete)
                  20015cfc    0000000c     simplelink.a : cc_pal.obj (.text:NwpMaskInterrupt)
                  20015d08    0000000c                  : cc_pal.obj (.text:NwpUnMaskInterrupt)
                  20015d14    0000000c     drivers_cc32xx.aem4 : PowerCC32XX.oem4 (.text:Power_getConstraintMask)
                  20015d20    0000000c     dpl_cc32xx.aem4 : SemaphoreP_tirtos.oem4 (.text:SemaphoreP_delete)
                  20015d2c    0000000c     simplelink.a : device.obj (.text:_SlDeviceResetRequestInitCompletedCB)
                  20015d38    0000000c     rtsv7M4_T_le_eabi.lib : copy_zero_init.obj (.text:decompress:ZI)
                  20015d44    0000000c     CC3220S_LAUNCHXL.obj (.text:dmaErrorFxn)
                  20015d50    0000000c     drivers_cc32xx.aem4 : UARTCC32XX.oem4 (.text:postNotifyFxn)
                  20015d5c    0000000c     release_pem4.oem4 (.text:ti_sysbios_family_arm_m3_Hwi_Params__init__S)
                  20015d68    0000000c     sysbios.aem4 : BIOS.obj (.text:ti_sysbios_family_arm_m3_Hwi_disableFxn__E)
                  20015d74    00000004     --HOLE-- [fill = 0]
                  20015d78    0000000c                  : BIOS.obj (.text:ti_sysbios_family_arm_m3_TaskSupport_getStackAlignment__E)
                  20015d84    00000004     --HOLE-- [fill = 0]
                  20015d88    0000000c                  : BIOS.obj (.text:ti_sysbios_gates_GateHwi_enter__E)
                  20015d94    0000000c     release_pem4.oem4 (.text:ti_sysbios_knl_Clock_Params__init__S)
                  20015da0    0000000c     sysbios.aem4 : BIOS.obj (.text:ti_sysbios_knl_Clock_getTicks__E)
                  20015dac    00000004     --HOLE-- [fill = 0]
                  20015db0    0000000c                  : BIOS.obj (.text:ti_sysbios_knl_Clock_setTicks__E)
                  20015dbc    00000004     --HOLE-- [fill = 0]
                  20015dc0    0000000c                  : BIOS.obj (.text:ti_sysbios_knl_Clock_tickStart__E)
                  20015dcc    00000004     --HOLE-- [fill = 0]
                  20015dd0    0000000c                  : BIOS.obj (.text:ti_sysbios_knl_Clock_tickStop__E)
                  20015ddc    0000000c     release_pem4.oem4 (.text:ti_sysbios_knl_Queue_Object__get__S)
                  20015de8    0000000c     release_pem4.oem4 (.text:ti_sysbios_knl_Semaphore_Params__init__S)
                  20015df4    0000000c     release_pem4.oem4 (.text:ti_sysbios_knl_Task_Params__init__S)
                  20015e00    0000000c     sysbios.aem4 : BIOS.obj (.text:ti_sysbios_knl_Task_self__E)
                  20015e0c    00000004     --HOLE-- [fill = 0]
                  20015e10    0000000c                  : BIOS.obj (.text:ti_sysbios_rts_ti_ReentSupport_taskRegHook__I)
                  20015e1c    0000000c     driverlib.a : udma.obj (.text:uDMAErrorStatusClear)
                  20015e28    0000000c                 : udma.obj (.text:uDMAErrorStatusGet)
                  20015e34    00000004     --HOLE-- [fill = 0]
                  20015e38    0000000c     sysbios.aem4 : BIOS.obj (.text:xdc_runtime_Startup_rtsDone__E)
                  20015e44    0000000a     drivers_cc32xx.aem4 : List.oem4 (.text:List_empty)
                  20015e4e    0000000a                         : SPI.oem4 (.text:SPI_close)
                  20015e58    0000000a                         : SPI.oem4 (.text:SPI_transfer)
                  20015e62    0000000a                         : UART.oem4 (.text:UART_control)
                  20015e6c    0000000a                         : UART.oem4 (.text:UART_writePolling)
                  20015e76    00000002     --HOLE-- [fill = 0]
                  20015e78    0000000a     sysbios.aem4 : BIOS.obj (.text:sem_post)
                  20015e82    0000000a     simplelink.a : device.obj (.text:sl_Task)
                  20015e8c    0000000a     release_pem4.oem4 (.text:xdc_runtime_IHeap_alloc)
                  20015e96    0000000a     release_pem4.oem4 (.text:xdc_runtime_IHeap_free)
                  20015ea0    00000008     dpl_cc32xx.aem4 : SemaphoreP_tirtos.oem4 (.text:SemaphoreP_Params_init)
                  20015ea8    00000008     simplelink.a : cc_pal.obj (.text:TimerGetCurrentTimestamp)
                  20015eb0    00000008     drivers_cc32xx.aem4 : SPICC32XXDMA.oem4 (.text:blockingTransferCallback)
                  20015eb8    00000008     sysbios.aem4 : BIOS.obj (.text:pthread_attr_setstacksize)
                  20015ec0    00000008     drivers_cc32xx.aem4 : UARTCC32XX.oem4 (.text:readSemCallback)
                  20015ec8    00000008     rtsv7M4_T_le_eabi.lib : s_copysign.obj (.text)
                  20015ed0    00000008     sysbios.aem4 : BIOS.obj (.text:ti_sysbios_family_arm_m3_Hwi_doSwiRestore__I)
                  20015ed8    00000008                  : BIOS.obj (.text:ti_sysbios_family_arm_m3_Hwi_startup__E)
                  20015ee0    00000008     drivers_cc32xx.aem4 : UARTCC32XX.oem4 (.text:writeSemCallback)
                  20015ee8    00000006     dpl_cc32xx.aem4 : MutexP_tirtos.oem4 (.text:MutexP_Params_init)
                  20015eee    00000006     drivers_cc32xx.aem4 : SPICC32XXDMA.oem4 (.text:SPICC32XXDMA_control)
                  20015ef4    00000006     driverlib.a : utils.obj (.text:UtilsDelay)
                  20015efa    00000006     --HOLE-- [fill = 0]
                  20015f00    00000006     sysbios.aem4 : BIOS.obj (.text:ti_sysbios_family_arm_m3_Hwi_doTaskRestore__I)
                  20015f06    00000002     --HOLE-- [fill = 0]
                  20015f08    00000006                  : BIOS.obj (.text:ti_sysbios_family_arm_m3_Hwi_restoreFxn__E)
                  20015f0e    00000002     --HOLE-- [fill = 0]
                  20015f10    00000006                  : BIOS.obj (.text:ti_sysbios_gates_GateHwi_leave__E)
                  20015f16    00000002     --HOLE-- [fill = 0]
                  20015f18    00000006                  : BIOS.obj (.text:ti_sysbios_heaps_HeapMem_isBlocking__E)
                  20015f1e    00000002     --HOLE-- [fill = 0]
                  20015f20    00000006                  : BIOS.obj (.text:ti_sysbios_knl_Clock_stop__E)
                  20015f26    00000002     --HOLE-- [fill = 0]
                  20015f28    00000006                  : BIOS.obj (.text:ti_sysbios_knl_Queue_Instance_init__E)
                  20015f2e    00000002     --HOLE-- [fill = 0]
                  20015f30    00000006                  : BIOS.obj (.text:ti_sysbios_knl_Swi_startup__E)
                  20015f36    00000002     --HOLE-- [fill = 0]
                  20015f38    00000006                  : BIOS.obj (.text:xdc_runtime_System_Module_startup__E)
                  20015f3e    00000002     --HOLE-- [fill = 0]
                  20015f40    00000004                  : BIOS.obj (.text:ti_sysbios_family_arm_m3_Timer_getMaxTicks__E)
                  20015f44    00000004     --HOLE-- [fill = 0]
                  20015f48    00000004                  : BIOS.obj (.text:ti_sysbios_gates_GateHwi_query__E)
                  20015f4c    00000004     --HOLE-- [fill = 0]
                  20015f50    00000004                  : BIOS.obj (.text:ti_sysbios_gates_GateMutex_query__E)
                  20015f54    00000004     --HOLE-- [fill = 0]
                  20015f58    00000004                  : BIOS.obj (.text:ti_sysbios_knl_Clock_setTimeout__E)
                  20015f5c    00000004     --HOLE-- [fill = 0]
                  20015f60    00000004                  : BIOS.obj (.text:ti_sysbios_knl_Task_startup__E)
                  20015f64    00000004     --HOLE-- [fill = 0]
                  20015f68    00000002                  : BIOS.obj (.text:ti_sysbios_BIOS_linkedWithIncorrectBootLibrary__E)
                  20015f6a    00000006     --HOLE-- [fill = 0]
                  20015f70    00000002                  : BIOS.obj (.text:ti_sysbios_gates_GateHwi_Instance_init__E)
                  20015f72    00000006     --HOLE-- [fill = 0]
                  20015f78    00000002                  : BIOS.obj (.text:ti_sysbios_knl_Clock_logTick__E)
                  20015f7a    00000006     --HOLE-- [fill = 0]
                  20015f80    00000002                  : BIOS.obj (.text:xdc_runtime_SysCallback_defaultAbort)
                  20015f82    00000006     --HOLE-- [fill = 0]
                  20015f88    00000002                  : BIOS.obj (.text:xdc_runtime_SysCallback_defaultExit)
                  20015f8a    00000006     --HOLE-- [fill = 0]
                  20015f90    00000002                  : BIOS.obj (.text:xdc_runtime_System_abortSpin__E)
                  20015f92    00000006     --HOLE-- [fill = 0]
                  20015f98    00000002                  : BIOS.obj (.text:xdc_runtime_System_exitSpin__E)

.priheap   0    20015fa0    00009000     UNINITIALIZED
                  20015fa0    00009000     --HOLE--

.bss       0    2001f000    0000174e     UNINITIALIZED
                  2001f000    000007d8     simplelink.a : driver.obj (.bss:g_StatMem)
                  2001f7d8    00000020     drivers_cc32xx.aem4 : GPIOCC32XX.oem4 (.bss:gpioCallbackInfo)
                  2001f7f8    00000008     (.common:udmaCC3220SObject)
                  2001f800    00000400     CC3220S_LAUNCHXL.obj (.bss:dmaControlTable)
                  2001fc00    0000030c     (.common:ti_sysbios_family_arm_m3_Hwi_dispatchTable)
                  2001ff0c    00000004     drivers_cc32xx.aem4 : GPIOCC32XX.oem4 (.bss)
                  2001ff10    00000200     release_pem4.oem4 (.bss:taskStackSection)
                  20020110    000001f4     (.common:app_CB)
                  20020304    0000012c     (.common:PowerCC32XX_contextSave)
                  20020430    00000108     (.common:uartCC3220SObjects)
                  20020538    00000094     (.common:g_SlInternalSpawnCB)
                  200205cc    00000088     (.common:spiCC3220SDMAObjects)
                  20020654    00000040     (.common:uartCC3220SRingBuffer)
                  20020694    00000020     (.common:spiParams)
                  200206b4    0000001c     rtsv7M4_T_le_eabi.lib : vla_alloc.obj (.bss:$O1$$)
                  200206d0    00000014     drivers_cc32xx.aem4 : UDMACC32XX.oem4 (.bss:postNotifyObj)
                  200206e4    00000014                         : GPIOCC32XX.oem4 (.bss:powerNotifyObj)
                  200206f8    00000014     (.common:spiTransaction)
                  2002070c    00000004     uart_term.obj (.bss)
                  20020710    0000000c     dpl_cc32xx.aem4 : PowerCC32XX_tirtos.oem4 (.bss)
                  2002071c    0000000c     (.common:DeviceCB)
                  20020728    0000000c     (.common:Msg)
                  20020734    00000004     (.common:ClockP_tickPeriod)
                  20020738    00000004     (.common:GlobalLockObj)
                  2002073c    00000004     (.common:spi)
                  20020740    00000008     (.common:spiCC3220SDMAscratchBuf)
                  20020748    00000004     (.common:ti_sysbios_knl_Task_Instance_State_0_hookEnv__A)
                  2002074c    00000001     (.common:RxIrqCnt)
                  2002074d    00000001     (.common:transferOK)

.const     0    20020750    00000b60     
                  20020750    00000101     rtsv7M4_T_le_eabi.lib : ctype.obj (.const:.string:_ctypes_)
                  20020851    00000002     PN532.obj (.const:.string:$P$T15$5)
                  20020853    00000001     empty.obj (.const:.string:$P$T0$1)
                  20020854    00000100     driverlib.a : pin.obj (.const:g_ulPinToPadMap)
                  20020954    000000a8                 : prcm.obj (.const:PRCM_PeriphRegsList)
                  200209fc    00000078     CC3220S_LAUNCHXL.obj (.const:spiCC3220SDMAHWAttrs)
                  20020a74    00000060     simplelink.a : driver.obj (.const:OpcodeTranslateTable)
                  20020ad4    00000058                  : driver.obj (.const:_SlActionLookupTable)
                  20020b2c    00000048     release_pem4.oem4 (.const:.string)
                  20020b74    00000048     CC3220S_LAUNCHXL.obj (.const:uartCC3220SHWAttrs)
                  20020bbc    00000040     CC3220S_LAUNCHXL.obj (.const:PowerCC32XX_config)
                  20020bfc    0000003c     release_pem4.oem4 (.const:ti_sysbios_knl_Task_Object__PARAMS__C)
                  20020c38    00000030     release_pem4.oem4 (.const:ti_sysbios_family_arm_m3_Hwi_Object__PARAMS__C)
                  20020c68    00000028     drivers_cc32xx.aem4 : UARTCC32XX.oem4 (.const:UARTCC32XX_fxnTable)
                  20020c90    00000028     release_pem4.oem4 (.const:ti_sysbios_heaps_HeapMem_Module__FXNS__C)
                  20020cb8    00000024     drivers_cc32xx.aem4 : UART.oem4 (.const:UART_defaultParams)
                  20020cdc    00000024     release_pem4.oem4 (.const:ti_sysbios_gates_GateHwi_Module__FXNS__C)
                  20020d00    00000024     release_pem4.oem4 (.const:ti_sysbios_gates_GateMutex_Module__FXNS__C)
                  20020d24    00000024     release_pem4.oem4 (.const:ti_sysbios_heaps_HeapMem_Object__PARAMS__C)
                  20020d48    00000024     release_pem4.oem4 (.const:ti_sysbios_knl_Clock_Object__PARAMS__C)
                  20020d6c    00000024     release_pem4.oem4 (.const:ti_sysbios_knl_Semaphore_Object__PARAMS__C)
                  20020d90    00000021     drivers_cc32xx.aem4 : GPIOCC32XX.oem4 (.const:.string:pinTable)
                  20020db1    00000002     PN532.obj (.const:.string:$P$T2$1)
                  20020db3    00000001     PN532.obj (.const:.string:$P$T7$3)
                  20020db4    00000020     simplelink.a : driver.obj (.const:RxMsgClassLUT)
                  20020dd4    00000020     drivers_cc32xx.aem4 : SPI.oem4 (.const:SPI_defaultParams)
                  20020df4    00000020     simplelink.a : device.obj (.const:StartResponseLUT)
                  20020e14    00000020     drivers_cc32xx.aem4 : UARTCC32XX.oem4 (.const:staticFxnTable)
                  20020e34    00000020     release_pem4.oem4 (.const:ti_sysbios_family_arm_m3_Hwi_Object__DESC__C)
                  20020e54    00000020     release_pem4.oem4 (.const:ti_sysbios_gates_GateHwi_Object__DESC__C)
                  20020e74    00000020     release_pem4.oem4 (.const:ti_sysbios_gates_GateMutex_Object__DESC__C)
                  20020e94    00000020     release_pem4.oem4 (.const:ti_sysbios_heaps_HeapMem_Object__DESC__C)
                  20020eb4    00000020     release_pem4.oem4 (.const:ti_sysbios_knl_Clock_Object__DESC__C)
                  20020ed4    00000020     release_pem4.oem4 (.const:ti_sysbios_knl_Queue_Object__DESC__C)
                  20020ef4    00000020     release_pem4.oem4 (.const:ti_sysbios_knl_Semaphore_Object__DESC__C)
                  20020f14    00000020     release_pem4.oem4 (.const:ti_sysbios_knl_Task_Object__DESC__C)
                  20020f34    00000020     release_pem4.oem4 (.const:xdc_runtime_Startup_sfxnTab__A)
                  20020f54    00000018     drivers_cc32xx.aem4 : SPICC32XXDMA.oem4 (.const:SPICC32XXDMA_fxnTable)
                  20020f6c    00000018     CC3220S_LAUNCHXL.obj (.const:SPI_config)
                  20020f84    00000018     CC3220S_LAUNCHXL.obj (.const:UART_config)
                  20020f9c    00000018     release_pem4.oem4 (.const:ti_sysbios_gates_GateHwi_Object__PARAMS__C)
                  20020fb4    00000018     release_pem4.oem4 (.const:ti_sysbios_gates_GateMutex_Object__PARAMS__C)
                  20020fcc    00000018     release_pem4.oem4 (.const:ti_sysbios_knl_Queue_Object__PARAMS__C)
                  20020fe4    00000018     release_pem4.oem4 (.const:ti_sysbios_knl_Task_hooks__A)
                  20020ffc    00000014     simplelink.a : cc_pal.obj (.const:$P$T0$1)
                  20021010    00000014                  : device.obj (.const:$P$T0$1)
                  20021024    00000014                  : driver.obj (.const:$P$T0$1)
                  20021038    00000014                  : cc_pal.obj (.const:$P$T1$2)
                  2002104c    00000014     CC3220S_LAUNCHXL.obj (.const:GPIOCC32XX_config)
                  20021060    00000014     drivers_cc32xx.aem4 : GPIOCC32XX.oem4 (.const:gpioBaseAddresses)
                  20021074    00000014                         : UARTCC32XX.oem4 (.const:parityType)
                  20021088    00000014                         : GPIOCC32XX.oem4 (.const:powerResources)
                  2002109c    00000010                         : UARTCC32XX.oem4 (.const:dataLength)
                  200210ac    00000010     release_pem4.oem4 (.const:xdc_runtime_Startup_sfxnRts__A)
                  200210bc    0000000d     PN532.obj (.const:.string:$P$T14$4)
                  200210c9    0000000d     CC3220S_LAUNCHXL.obj (.const)
                  200210d6    00000002     release_pem4.oem4 (.const:ti_sysbios_family_arm_m3_Hwi_Module__id__C)
                  200210d8    0000000c     drivers_cc32xx.aem4 : SPICC32XXDMA.oem4 (.const:dmaNullConfig)
                  200210e4    0000000c                         : SPICC32XXDMA.oem4 (.const:dmaRxConfig)
                  200210f0    0000000c                         : SPICC32XXDMA.oem4 (.const:dmaTxConfig)
                  200210fc    0000000c     CC3220S_LAUNCHXL.obj (.const:udmaCC3220SHWAttrs)
                  20021108    0000000c     release_pem4.oem4 (.const:xdc_runtime_Startup_firstFxns__A)
                  20021114    00000008     CC3220S_LAUNCHXL.obj (.const:UDMACC32XX_config)
                  2002111c    00000008     simplelink.a : driver.obj (.const:g_H2NCnysPattern)
                  20021124    00000008                  : driver.obj (.const:g_H2NSyncPattern)
                  2002112c    00000008     drivers_cc32xx.aem4 : SPICC32XXDMA.oem4 (.const:mode)
                  20021134    00000008                         : GPIOCC32XX.oem4 (.const:outPinTypes)
                  2002113c    00000008                         : UARTCC32XX.oem4 (.const:stopBits)
                  20021144    00000008     release_pem4.oem4 (.const:ti_sysbios_knl_Idle_funcList__A)
                  2002114c    00000008     release_pem4.oem4 (.const:ti_sysbios_knl_Idle_funcList__C)
                  20021154    00000008     release_pem4.oem4 (.const:ti_sysbios_knl_Task_hooks__C)
                  2002115c    00000008     release_pem4.oem4 (.const:xdc_runtime_Startup_firstFxns__C)
                  20021164    00000008     release_pem4.oem4 (.const:xdc_runtime_Startup_lastFxns__C)
                  2002116c    00000007     PN532.obj (.const:.string:$P$T16$6)
                  20021173    00000007     PN532.obj (.const:.string:$P$T3$2)
                  2002117a    00000006     drivers_cc32xx.aem4 : GPIOCC32XX.oem4 (.const:.string:interruptType)
                  20021180    00000006                         : GPIOCC32XX.oem4 (.const:inPinTypes)
                  20021186    00000006                         : GPIOCC32XX.oem4 (.const:outPinStrengths)
                  2002118c    00000004     simplelink.a : wlan.obj (.const:$P$T0$1)
                  20021190    00000004                  : sl_socket.obj (.const:$P$T2$3)
                  20021194    00000004     drivers_cc32xx.aem4 : GPIOCC32XX.oem4 (.const:.string:portInterruptIds)
                  20021198    00000004     simplelink.a : netapp.obj (.const:_SlNetAppSendResponseCmdCtrl)
                  2002119c    00000004                  : netapp.obj (.const:_SlNetAppSendTokenValueCmdCtrl)
                  200211a0    00000004                  : sl_socket.obj (.const:_SlRecvCmdCtrl)
                  200211a4    00000004                  : sl_socket.obj (.const:_SlRecvfomCmdCtrl)
                  200211a8    00000004                  : sl_socket.obj (.const:_SlSelectCmdCtrl)
                  200211ac    00000004                  : sl_socket.obj (.const:_SlSendCmdCtrl)
                  200211b0    00000004                  : sl_socket.obj (.const:_SlSetSockOptCmdCtrl)
                  200211b4    00000004                  : sl_socket.obj (.const:_SlSockCloseCmdCtrl)
                  200211b8    00000004                  : sl_socket.obj (.const:_SlSockSocketCmdCtrl)
                  200211bc    00000004                  : device.obj (.const:_SlStopCmdCtrl)
                  200211c0    00000004                  : wlan.obj (.const:_SlWlanSetModeCmdCtrl)
                  200211c4    00000004     release_pem4.oem4 (.const:ti_sysbios_family_arm_m3_Hwi_E_alreadyDefined__C)
                  200211c8    00000004     release_pem4.oem4 (.const:ti_sysbios_family_arm_m3_Hwi_NUM_INTERRUPTS__C)
                  200211cc    00000004     release_pem4.oem4 (.const:ti_sysbios_family_arm_m3_Hwi_Object__count__C)
                  200211d0    00000004     release_pem4.oem4 (.const:ti_sysbios_family_arm_m3_Hwi_ccr__C)
                  200211d4    00000004     release_pem4.oem4 (.const:ti_sysbios_family_arm_m3_Hwi_excHandlerFunc__C)
                  200211d8    00000004     release_pem4.oem4 (.const:ti_sysbios_family_arm_m3_Hwi_nullIsrFunc__C)
                  200211dc    00000004     release_pem4.oem4 (.const:ti_sysbios_family_arm_m3_Hwi_priGroup__C)
                  200211e0    00000004     release_pem4.oem4 (.const:ti_sysbios_family_arm_m3_Hwi_swiDisable__C)
                  200211e4    00000004     release_pem4.oem4 (.const:ti_sysbios_family_arm_m3_Hwi_swiRestoreHwi__C)
                  200211e8    00000004     release_pem4.oem4 (.const:ti_sysbios_family_arm_m3_TaskSupport_stackAlignment__C)
                  200211ec    00000004     release_pem4.oem4 (.const:ti_sysbios_family_arm_m3_Timer_E_cannotSupport__C)
                  200211f0    00000004     release_pem4.oem4 (.const:ti_sysbios_family_arm_m3_Timer_startupNeeded__C)
                  200211f4    00000004     release_pem4.oem4 (.const:ti_sysbios_gates_GateMutex_Instance_State_sem__O)
                  200211f8    00000004     release_pem4.oem4 (.const:ti_sysbios_heaps_HeapMem_E_memory__C)
                  200211fc    00000004     release_pem4.oem4 (.const:ti_sysbios_heaps_HeapMem_Module__gateObj__C)
                  20021200    00000004     release_pem4.oem4 (.const:ti_sysbios_heaps_HeapMem_Object__count__C)
                  20021204    00000004     release_pem4.oem4 (.const:ti_sysbios_heaps_HeapMem_primaryHeapBaseAddr__C)
                  20021208    00000004     release_pem4.oem4 (.const:ti_sysbios_heaps_HeapMem_primaryHeapEndAddr__C)
                  2002120c    00000004     release_pem4.oem4 (.const:ti_sysbios_heaps_HeapMem_reqAlign__C)
                  20021210    00000004     release_pem4.oem4 (.const:ti_sysbios_knl_Clock_Module_State_clockQ__O)
                  20021214    00000004     release_pem4.oem4 (.const:ti_sysbios_knl_Clock_tickPeriod__C)
                  20021218    00000004     release_pem4.oem4 (.const:ti_sysbios_knl_Mailbox_Instance_State_freeQue__O)
                  2002121c    00000004     release_pem4.oem4 (.const:ti_sysbios_knl_Mailbox_Object__count__C)
                  20021220    00000004     release_pem4.oem4 (.const:ti_sysbios_knl_Mailbox_maxTypeAlign__C)
                  20021224    00000004     release_pem4.oem4 (.const:ti_sysbios_knl_Semaphore_Instance_State_pendQ__O)
                  20021228    00000004     release_pem4.oem4 (.const:ti_sysbios_knl_Swi_Object__count__C)
                  2002122c    00000004     release_pem4.oem4 (.const:ti_sysbios_knl_Task_E_deleteNotAllowed__C)
                  20021230    00000004     release_pem4.oem4 (.const:ti_sysbios_knl_Task_Module_State_inactiveQ__O)
                  20021234    00000004     release_pem4.oem4 (.const:ti_sysbios_knl_Task_Module_State_terminatedQ__O)
                  20021238    00000004     release_pem4.oem4 (.const:ti_sysbios_knl_Task_Object__count__C)
                  2002123c    00000004     release_pem4.oem4 (.const:ti_sysbios_knl_Task_Object__heap__C)
                  20021240    00000004     release_pem4.oem4 (.const:ti_sysbios_knl_Task_allBlockedFunc__C)
                  20021244    00000004     release_pem4.oem4 (.const:ti_sysbios_knl_Task_defaultStackHeap__C)
                  20021248    00000004     release_pem4.oem4 (.const:ti_sysbios_knl_Task_defaultStackSize__C)
                  2002124c    00000004     release_pem4.oem4 (.const:ti_sysbios_knl_Task_numConstructedTasks__C)
                  20021250    00000004     release_pem4.oem4 (.const:xdc_runtime_Error_E_memory__C)
                  20021254    00000004     release_pem4.oem4 (.const:xdc_runtime_Error_policyFxn__C)
                  20021258    00000004     release_pem4.oem4 (.const:xdc_runtime_IGateProvider_Interface__BASE__C)
                  2002125c    00000004     release_pem4.oem4 (.const:xdc_runtime_IHeap_Interface__BASE__C)
                  20021260    00000004     release_pem4.oem4 (.const:xdc_runtime_IModule_Interface__BASE__C)
                  20021264    00000004     release_pem4.oem4 (.const:xdc_runtime_Memory_defaultHeapInstance__C)
                  20021268    00000004     release_pem4.oem4 (.const:xdc_runtime_Startup_execImpl__C)
                  2002126c    00000004     release_pem4.oem4 (.const:xdc_runtime_Startup_maxPasses__C)
                  20021270    00000004     release_pem4.oem4 (.const:xdc_runtime_Startup_sfxnRts__C)
                  20021274    00000004     release_pem4.oem4 (.const:xdc_runtime_Startup_sfxnTab__C)
                  20021278    00000004     release_pem4.oem4 (.const:xdc_runtime_SysCallback_abortFxn__C)
                  2002127c    00000004     release_pem4.oem4 (.const:xdc_runtime_SysCallback_exitFxn__C)
                  20021280    00000004     release_pem4.oem4 (.const:xdc_runtime_System_Module__gateObj__C)
                  20021284    00000004     release_pem4.oem4 (.const:xdc_runtime_System_abortFxn__C)
                  20021288    00000004     release_pem4.oem4 (.const:xdc_runtime_System_exitFxn__C)
                  2002128c    00000004     release_pem4.oem4 (.const:xdc_runtime_System_maxAtexitHandlers__C)
                  20021290    00000004     release_pem4.oem4 (.const:xdc_runtime_Text_charTab__C)
                  20021294    00000004     release_pem4.oem4 (.const:xdc_runtime_Text_nameEmpty__C)
                  20021298    00000004     release_pem4.oem4 (.const:xdc_runtime_Text_nameStatic__C)
                  2002129c    00000004     release_pem4.oem4 (.const:xdc_runtime_Text_nameUnknown__C)
                  200212a0    00000002     release_pem4.oem4 (.const:ti_sysbios_family_arm_m3_Timer_Module__id__C)
                  200212a2    00000002     release_pem4.oem4 (.const:ti_sysbios_heaps_HeapMem_Module__id__C)
                  200212a4    00000002     release_pem4.oem4 (.const:ti_sysbios_knl_Task_Module__id__C)
                  200212a6    00000002     release_pem4.oem4 (.const:xdc_runtime_Memory_Module__id__C)
                  200212a8    00000002     release_pem4.oem4 (.const:xdc_runtime_Text_charCnt__C)
[...]
20015e4f  SPI_close                                                       
20015e59  SPI_transfer                                                    
20015e63  UART_control                                                    
20015e6d  UART_writePolling                                               
20015e79  sem_post                                                        
20015e83  sl_Task                                                         
20015e8d  xdc_runtime_Memory_HeapProxy_alloc__E                           
20015e97  xdc_runtime_Memory_HeapProxy_free__E                            
20015ea1  SemaphoreP_Params_init                                          
20015ea9  TimerGetCurrentTimestamp                                        
20015eb9  pthread_attr_setstacksize                                       
20015ec9  copysign                                                        
20015ec9  copysignl                                                       
20015ed1  ti_sysbios_family_arm_m3_Hwi_doSwiRestore__I                    
20015ed9  ti_sysbios_family_arm_m3_Hwi_startup__E                         
20015ed9  ti_sysbios_hal_Hwi_HwiProxy_startup__E                          
20015ed9  ti_sysbios_hal_Hwi_startup__E                                   
20015ee9  MutexP_Params_init                                              
20015eef  SPICC32XXDMA_control                                            
20015ef5  UtilsDelay                                                      
20015f01  ti_sysbios_family_arm_m3_Hwi_doTaskRestore__I                   
20015f09  HwiP_restore                                                    
20015f09  ti_sysbios_family_arm_m3_Hwi_restoreFxn__E                      
20015f09  ti_sysbios_hal_Hwi_HwiProxy_restore__E                          
20015f11  ti_sysbios_gates_GateHwi_leave__E                               
20015f19  ti_sysbios_heaps_HeapMem_isBlocking__E                          
20015f21  ti_sysbios_knl_Clock_stop__E                                    
20015f29  ti_sysbios_knl_Queue_Instance_init__E                           
20015f31  ti_sysbios_knl_Swi_startup__E                                   
20015f39  xdc_runtime_System_Module_startup__E                            
20015f41  ti_sysbios_family_arm_m3_Timer_getMaxTicks__E                   
20015f49  ti_sysbios_gates_GateHwi_query__E                               
20015f49  xdc_runtime_Main_Module_GateProxy_query__E                      
20015f49  xdc_runtime_System_Module_GateProxy_query__E                    
20015f51  ti_sysbios_BIOS_RtsGateProxy_query__E                           
20015f51  ti_sysbios_gates_GateMutex_query__E                             
20015f51  ti_sysbios_heaps_HeapMem_Module_GateProxy_query__E              
20015f59  ti_sysbios_knl_Clock_setTimeout__E                              
20015f61  ti_sysbios_knl_Task_startup__E                                  
20015f69  ti_sysbios_BIOS_linkedWithIncorrectBootLibrary__E               
20015f71  ti_sysbios_gates_GateHwi_Instance_init__E                       
20015f79  ti_sysbios_knl_Clock_logTick__E                                 
20015f81  xdc_runtime_SysCallback_defaultAbort                            
20015f89  xdc_runtime_SysCallback_defaultExit                             
20015f91  xdc_runtime_System_abortSpin__E                                 
20015f99  xdc_runtime_System_exitSpin__E                                  
20015fa0  __primary_heap_start__                                          
2001efa0  __primary_heap_end__                                            
2001f7f8  udmaCC3220SObject                                               
2001fc00  ti_sysbios_family_arm_m3_Hwi_dispatchTable                      
2001ff10  ti_sysbios_knl_Task_Instance_State_0_stack__A                   
20020110  app_CB                                                          
20020304  PowerCC32XX_contextSave                                         
20020430  uartCC3220SObjects                                              
20020538  g_SlInternalSpawnCB                                             
200205cc  spiCC3220SDMAObjects                                            
20020654  uartCC3220SRingBuffer                                           
20020694  spiParams                                                       
200206f8  spiTransaction                                                  
2002071c  DeviceCB                                                        
20020728  Msg                                                             
20020734  ClockP_tickPeriod                                               
20020738  GlobalLockObj                                                   
2002073c  spi                                                             
20020740  spiCC3220SDMAscratchBuf                                         
20020748  ti_sysbios_knl_Task_Instance_State_0_hookEnv__A                 
2002074c  RxIrqCnt                                                        
2002074d  transferOK                                                      
20020750  _ctypes_                                                        
200209fc  spiCC3220SDMAHWAttrs                                            
20020a74  OpcodeTranslateTable                                            
20020ad4  _SlActionLookupTable                                            
20020b74  uartCC3220SHWAttrs                                              
20020bbc  PowerCC32XX_config                                              
20020bfc  ti_sysbios_knl_Task_Object__PARAMS__C                           
20020c38  ti_sysbios_family_arm_m3_Hwi_Object__PARAMS__C                  
20020c68  UARTCC32XX_fxnTable                                             
20020c90  ti_sysbios_heaps_HeapMem_Module__FXNS__C                        
20020cb8  UART_defaultParams                                              
20020cdc  ti_sysbios_gates_GateHwi_Module__FXNS__C                        
20020d00  ti_sysbios_gates_GateMutex_Module__FXNS__C                      
20020d24  ti_sysbios_heaps_HeapMem_Object__PARAMS__C                      
20020d48  ti_sysbios_knl_Clock_Object__PARAMS__C                          
20020d6c  ti_sysbios_knl_Semaphore_Object__PARAMS__C                      
20020dd4  SPI_defaultParams                                               
20020e34  ti_sysbios_family_arm_m3_Hwi_Object__DESC__C                    
20020e54  ti_sysbios_gates_GateHwi_Object__DESC__C                        
20020e74  ti_sysbios_gates_GateMutex_Object__DESC__C                      
20020e94  ti_sysbios_heaps_HeapMem_Object__DESC__C                        
20020eb4  ti_sysbios_knl_Clock_Object__DESC__C                            
20020ed4  ti_sysbios_knl_Queue_Object__DESC__C                            
20020ef4  ti_sysbios_knl_Semaphore_Object__DESC__C                        
20020f14  ti_sysbios_knl_Task_Object__DESC__C                             
20020f34  xdc_runtime_Startup_sfxnTab__A                                  
20020f54  SPICC32XXDMA_fxnTable                                           
20020f6c  SPI_config                                                      
20020f84  UART_config                                                     
20020f9c  ti_sysbios_gates_GateHwi_Object__PARAMS__C                      
20020fb4  ti_sysbios_gates_GateMutex_Object__PARAMS__C                    
20020fcc  ti_sysbios_knl_Queue_Object__PARAMS__C                          
20020fe4  ti_sysbios_knl_Task_hooks__A                                    
2002104c  GPIOCC32XX_config                                               
200210ac  xdc_runtime_Startup_sfxnRts__A                                  
200210c9  ADC_count                                                       
200210ca  Capture_count                                                   
200210cb  CryptoCC32XX_count                                              
200210cc  Display_count                                                   
200210cd  I2C_count                                                       
200210ce  I2S_count                                                       
200210cf  PWM_count                                                       
200210d0  SDFatFS_count                                                   
200210d1  SD_count                                                        
200210d2  SPI_count                                                       
200210d3  Timer_count                                                     
200210d4  UART_count                                                      
200210d5  Watchdog_count                                                  
200210d6  ti_sysbios_family_arm_m3_Hwi_Module__id__C                      
200210fc  udmaCC3220SHWAttrs                                              
20021108  xdc_runtime_Startup_firstFxns__A                                
20021114  UDMACC32XX_config                                               
20021134  outPinTypes                                                     
20021144  ti_sysbios_knl_Idle_funcList__A                                 
2002114c  ti_sysbios_knl_Idle_funcList__C                                 
20021154  ti_sysbios_knl_Task_hooks__C                                    
2002115c  xdc_runtime_Startup_firstFxns__C                                
20021164  xdc_runtime_Startup_lastFxns__C                                 
20021180  inPinTypes                                                      
20021186  outPinStrengths                                                 
20021198  _SlNetAppSendResponseCmdCtrl                                    
2002119c  _SlNetAppSendTokenValueCmdCtrl                                  
200211c4  ti_sysbios_family_arm_m3_Hwi_E_alreadyDefined__C                
200211c8  ti_sysbios_family_arm_m3_Hwi_NUM_INTERRUPTS__C                  
200211cc  ti_sysbios_family_arm_m3_Hwi_Object__count__C                   
200211d0  ti_sysbios_family_arm_m3_Hwi_ccr__C                             
200211d4  ti_sysbios_family_arm_m3_Hwi_excHandlerFunc__C                  
200211d8  ti_sysbios_family_arm_m3_Hwi_nullIsrFunc__C                     
200211dc  ti_sysbios_family_arm_m3_Hwi_priGroup__C                        
200211e0  ti_sysbios_family_arm_m3_Hwi_swiDisable__C                      
200211e4  ti_sysbios_family_arm_m3_Hwi_swiRestoreHwi__C                   
200211e8  ti_sysbios_family_arm_m3_TaskSupport_stackAlignment__C          
200211ec  ti_sysbios_family_arm_m3_Timer_E_cannotSupport__C               
200211f0  ti_sysbios_family_arm_m3_Timer_startupNeeded__C                 
200211f4  ti_sysbios_gates_GateMutex_Instance_State_sem__O                
200211f8  ti_sysbios_heaps_HeapMem_E_memory__C                            
200211fc  ti_sysbios_heaps_HeapMem_Module__gateObj__C                     
20021200  ti_sysbios_heaps_HeapMem_Object__count__C                       
20021204  ti_sysbios_heaps_HeapMem_primaryHeapBaseAddr__C                 
20021208  ti_sysbios_heaps_HeapMem_primaryHeapEndAddr__C                  
2002120c  ti_sysbios_heaps_HeapMem_reqAlign__C                            
20021210  ti_sysbios_knl_Clock_Module_State_clockQ__O                     
20021214  ti_sysbios_knl_Clock_tickPeriod__C                              
20021218  ti_sysbios_knl_Mailbox_Instance_State_freeQue__O                
2002121c  ti_sysbios_knl_Mailbox_Object__count__C                         
20021220  ti_sysbios_knl_Mailbox_maxTypeAlign__C                          
20021224  ti_sysbios_knl_Semaphore_Instance_State_pendQ__O                
20021228  ti_sysbios_knl_Swi_Object__count__C                             
2002122c  ti_sysbios_knl_Task_E_deleteNotAllowed__C                       
20021230  ti_sysbios_knl_Task_Module_State_inactiveQ__O                   
20021234  ti_sysbios_knl_Task_Module_State_terminatedQ__O                 
20021238  ti_sysbios_knl_Task_Object__count__C                            
2002123c  ti_sysbios_knl_Task_Object__heap__C                             
20021240  ti_sysbios_knl_Task_allBlockedFunc__C                           
20021244  ti_sysbios_knl_Task_defaultStackHeap__C                         
20021248  ti_sysbios_knl_Task_defaultStackSize__C                         
2002124c  ti_sysbios_knl_Task_numConstructedTasks__C                      
20021250  xdc_runtime_Error_E_memory__C                                   
20021254  xdc_runtime_Error_policyFxn__C                                  
20021258  xdc_runtime_IGateProvider_Interface__BASE__C                    
2002125c  xdc_runtime_IHeap_Interface__BASE__C                            
20021260  xdc_runtime_IModule_Interface__BASE__C                          
20021264  xdc_runtime_Memory_defaultHeapInstance__C                       
20021268  xdc_runtime_Startup_execImpl__C                                 
2002126c  xdc_runtime_Startup_maxPasses__C                                
20021270  xdc_runtime_Startup_sfxnRts__C                                  
20021274  xdc_runtime_Startup_sfxnTab__C                                  
20021278  xdc_runtime_SysCallback_abortFxn__C                             
2002127c  xdc_runtime_SysCallback_exitFxn__C                              
20021280  xdc_runtime_System_Module__gateObj__C                           
20021284  xdc_runtime_System_abortFxn__C                                  
20021288  xdc_runtime_System_exitFxn__C                                   
2002128c  xdc_runtime_System_maxAtexitHandlers__C                         
20021290  xdc_runtime_Text_charTab__C                                     
20021294  xdc_runtime_Text_nameEmpty__C                                   
20021298  xdc_runtime_Text_nameStatic__C                                  
2002129c  xdc_runtime_Text_nameUnknown__C                                 
200212a0  ti_sysbios_family_arm_m3_Timer_Module__id__C                    
200212a2  ti_sysbios_heaps_HeapMem_Module__id__C                          
200212a4  ti_sysbios_knl_Task_Module__id__C                               
200212a6  xdc_runtime_Memory_Module__id__C                                
200212a8  xdc_runtime_Text_charCnt__C                                     
200212aa  xdc_runtime_Text_isLoaded__C                                    
200212ac  ti_sysbios_knl_Clock_tickMode__C                                
200212ad  ti_sysbios_knl_Clock_tickSource__C                              
200212ae  xdc_runtime_Error_policy__C                                     
200212af  xdc_runtime_Text_charTab__A                                     
200212b0  PowerCC32XX_module                                              
2002141c  parkInfo                                                        
20021514  ti_sysbios_knl_Swi_Module_State_0_readyQ__A                     
20021594  ti_sysbios_knl_Task_Module_State_0_readyQ__A                    
20021688  ti_sysbios_knl_Task_Object__table__V                            
200216d4  ti_sysbios_knl_Task_Module__state__V                            
20021718  ti_sysbios_gates_GateMutex_Object__table__V                     
20021750  ti_sysbios_family_arm_m3_Hwi_Module__state__V                   
20021784  ti_sysbios_family_arm_m3_Timer_Object__table__V                 
200217b4  ti_sysbios_knl_Swi_Object__table__V                             
200217e4  ti_sysbios_knl_Clock_Module__state__V                           
20021810  g_LibsEvents                                                    
20021834  g_UserEvents                                                    
20021858  ti_sysbios_BIOS_Module__state__V                                
2002187c  gpioPinConfigs                                                  
2002189c  xdc_runtime_Error_IgnoreBlock                                   
200218bc  ti_sysbios_knl_Swi_Module__state__V                             
200218d8  ti_sysbios_family_arm_m3_Hwi_Object__table__V                   
200218f0  ti_sysbios_heaps_HeapMem_Object__table__V                       
20021908  __TI_cleanup_ptr                                                
2002190c  __TI_dtors_ptr                                                  
20021910  __TI_enable_exit_profile_output                                 
20021914  gGlobalLockCntRequested                                         
20021915  gGlobalLockCntReleased                                          
20021916  g_SlDeviceStatus                                                
20021918  g_pCB                                                           
2002191c  pPingCallBackFunc                                               
20021920  ti_sysbios_family_arm_m3_Timer_Module__state__V                 
20021936  ti_sysbios_family_arm_m3_Hwi_Module_State_0_excActive__A        
20021938  _lock                                                           
2002193c  _unlock                                                         
20021948  gpioCallbackFunctions                                           
20021950  ti_sysbios_family_arm_m3_Hwi_Module__root__V                    
20021958  ti_sysbios_gates_GateHwi_Module__root__V                        
20021960  ti_sysbios_gates_GateMutex_Module__root__V                      
20021968  ti_sysbios_heaps_HeapMem_Module__root__V                        
20021970  ti_sysbios_knl_Clock_Module__root__V                            
20021978  ti_sysbios_knl_Queue_Module__root__V                            
20021980  ti_sysbios_knl_Semaphore_Module__root__V                        
20021988  ti_sysbios_knl_Task_Module__root__V                             
20021990  xdc_runtime_Startup_Module__state__V                            
20021998  xdc_runtime_System_Module_State_0_atexitHandlers__A             
200219a0  xdc_runtime_System_Module__state__V                             
200219a8  gSpawnThread                                                    
200219ac  errno                                                           
200219b0  main_func_sp                                                    
200219b4  g_intHandle                                                     
200219b8  ti_sysbios_family_arm_m3_Hwi_Module_State_0_excContext__A       
200219bc  ti_sysbios_family_arm_m3_Hwi_Module_State_0_excStack__A         
200219c0  ti_sysbios_gates_GateHwi_Object__table__V                       
200219c4  ti_sysbios_knl_Task_Module_State_0_idleTask__A                  
200219c8  ti_sysbios_rts_ti_ReentSupport_Module__state__V                 
200219cc  xdc_runtime_Memory_Module__state__V                             
200219d8  __TI_static_base__                                              
20021c1c  __TI_Handler_Table_Base                                         
20021c28  __TI_Handler_Table_Limit                                        
20021c30  __TI_CINIT_Base                                                 
20021c40  __TI_CINIT_Limit                                                
e000e000  ti_sysbios_family_arm_m3_Hwi_nvic                               
ffffffff  __TI_pprof_out_hndl                                             
ffffffff  __TI_prof_data_size                                             
ffffffff  __TI_prof_data_start                                            
ffffffff  __binit__                                                       
ffffffff  __c_args__                                                      
ffffffff  binit                                                           
UNDEFED   SHT$$INIT_ARRAY$$Base                                           
UNDEFED   SHT$$INIT_ARRAY$$Limit                                          

[782 symbols]
